Component: ARM Compiler 5.06 update 7 (build 960) Tool: armlink [4d3601]

==============================================================================

Section Cross References

    main.o(i.HAL_TIM_PeriodElapsedCallback) refers to stm32f4xx_hal.o(i.HAL_IncTick) for HAL_IncTick
    main.o(i.SystemClock_Config) refers to rt_memclr_w.o(.text) for __aeabi_memclr4
    main.o(i.SystemClock_Config) refers to stm32f4xx_hal_rcc.o(i.HAL_RCC_OscConfig) for HAL_RCC_OscConfig
    main.o(i.SystemClock_Config) refers to main.o(i.Error_Handler) for Error_Handler
    main.o(i.SystemClock_Config) refers to stm32f4xx_hal_rcc.o(i.HAL_RCC_ClockConfig) for HAL_RCC_ClockConfig
    main.o(i.main) refers to stm32f4xx_hal.o(i.HAL_Init) for HAL_Init
    main.o(i.main) refers to main.o(i.SystemClock_Config) for SystemClock_Config
    main.o(i.main) refers to gpio.o(i.MX_GPIO_Init) for MX_GPIO_Init
    main.o(i.main) refers to dma.o(i.MX_DMA_Init) for MX_DMA_Init
    main.o(i.main) refers to can.o(i.MX_CAN1_Init) for MX_CAN1_Init
    main.o(i.main) refers to can.o(i.MX_CAN2_Init) for MX_CAN2_Init
    main.o(i.main) refers to spi.o(i.MX_SPI1_Init) for MX_SPI1_Init
    main.o(i.main) refers to usart.o(i.MX_USART3_UART_Init) for MX_USART3_UART_Init
    main.o(i.main) refers to usart.o(i.MX_USART6_UART_Init) for MX_USART6_UART_Init
    main.o(i.main) refers to tim.o(i.MX_TIM10_Init) for MX_TIM10_Init
    main.o(i.main) refers to tim.o(i.MX_TIM4_Init) for MX_TIM4_Init
    main.o(i.main) refers to tim.o(i.MX_TIM8_Init) for MX_TIM8_Init
    main.o(i.main) refers to tim.o(i.MX_TIM5_Init) for MX_TIM5_Init
    main.o(i.main) refers to stm32f4xx_hal_tim.o(i.HAL_TIM_PWM_Start) for HAL_TIM_PWM_Start
    main.o(i.main) refers to bsp_dr16.o(i.ECF_RC_Init) for ECF_RC_Init
    main.o(i.main) refers to bsp_can.o(i.ECF_CAN_Init) for ECF_CAN_Init
    main.o(i.main) refers to bsp_dwt.o(i.DWT_Init) for DWT_Init
    main.o(i.main) refers to bsp_referee.o(i.ECF_referee_uart_init) for ECF_referee_uart_init
    main.o(i.main) refers to bmi088driver.o(i.BMI088_init) for BMI088_init
    main.o(i.main) refers to freertos.o(i.MX_FREERTOS_Init) for MX_FREERTOS_Init
    main.o(i.main) refers to cmsis_os.o(i.osKernelStart) for osKernelStart
    main.o(i.main) refers to tim.o(.bss) for htim8
    main.o(i.main) refers to spi.o(.bss) for hspi1
    gpio.o(i.MX_GPIO_Init) refers to rt_memclr_w.o(.text) for __aeabi_memclr4
    gpio.o(i.MX_GPIO_Init) refers to stm32f4xx_hal_gpio.o(i.HAL_GPIO_WritePin) for HAL_GPIO_WritePin
    gpio.o(i.MX_GPIO_Init) refers to stm32f4xx_hal_gpio.o(i.HAL_GPIO_Init) for HAL_GPIO_Init
    gpio.o(i.MX_GPIO_Init) refers to stm32f4xx_hal_cortex.o(i.HAL_NVIC_SetPriority) for HAL_NVIC_SetPriority
    gpio.o(i.MX_GPIO_Init) refers to stm32f4xx_hal_cortex.o(i.HAL_NVIC_EnableIRQ) for HAL_NVIC_EnableIRQ
    freertos.o(i.MX_FREERTOS_Init) refers to rt_memcpy_w.o(.text) for __aeabi_memcpy4
    freertos.o(i.MX_FREERTOS_Init) refers to cmsis_os.o(i.osThreadCreate) for osThreadCreate
    freertos.o(i.MX_FREERTOS_Init) refers to freertos.o(.constdata) for .constdata
    freertos.o(i.MX_FREERTOS_Init) refers to freertos.o(.data) for defaultTaskHandle
    freertos.o(i.StartDefaultTask) refers to usb_device.o(i.MX_USB_DEVICE_Init) for MX_USB_DEVICE_Init
    freertos.o(i.StartDefaultTask) refers to cmsis_os.o(i.osDelay) for osDelay
    freertos.o(i.vApplicationGetIdleTaskMemory) refers to freertos.o(.bss) for xIdleTaskTCBBuffer
    freertos.o(.constdata) refers to freertos.o(.conststring) for .conststring
    freertos.o(.constdata) refers to freertos.o(i.StartDefaultTask) for StartDefaultTask
    freertos.o(.constdata) refers to gimbal_task.o(i.GIMBAL_TASK) for GIMBAL_TASK
    freertos.o(.constdata) refers to imu_task.o(i.ECF_IMU_Task) for ECF_IMU_Task
    freertos.o(.constdata) refers to fire_task.o(i.FIRE_TASK) for FIRE_TASK
    freertos.o(.constdata) refers to virtual_task.o(i.VIRTUAL_TASK) for VIRTUAL_TASK
    freertos.o(.constdata) refers to safe_task.o(i.SAFE_TASK) for SAFE_TASK
    freertos.o(.constdata) refers to music_task.o(i.MUSIC_TASK) for MUSIC_TASK
    can.o(i.HAL_CAN_MspDeInit) refers to stm32f4xx_hal_gpio.o(i.HAL_GPIO_DeInit) for HAL_GPIO_DeInit
    can.o(i.HAL_CAN_MspDeInit) refers to stm32f4xx_hal_cortex.o(i.HAL_NVIC_DisableIRQ) for HAL_NVIC_DisableIRQ
    can.o(i.HAL_CAN_MspDeInit) refers to can.o(.data) for HAL_RCC_CAN1_CLK_ENABLED
    can.o(i.HAL_CAN_MspInit) refers to rt_memclr_w.o(.text) for __aeabi_memclr4
    can.o(i.HAL_CAN_MspInit) refers to stm32f4xx_hal_gpio.o(i.HAL_GPIO_Init) for HAL_GPIO_Init
    can.o(i.HAL_CAN_MspInit) refers to stm32f4xx_hal_cortex.o(i.HAL_NVIC_SetPriority) for HAL_NVIC_SetPriority
    can.o(i.HAL_CAN_MspInit) refers to stm32f4xx_hal_cortex.o(i.HAL_NVIC_EnableIRQ) for HAL_NVIC_EnableIRQ
    can.o(i.HAL_CAN_MspInit) refers to can.o(.data) for HAL_RCC_CAN1_CLK_ENABLED
    can.o(i.MX_CAN1_Init) refers to stm32f4xx_hal_can.o(i.HAL_CAN_Init) for HAL_CAN_Init
[...]
    bsp_motor_encoder.o(i.Briter_Encoder_Code_Set) refers to stm32f4xx_hal_can.o(i.HAL_CAN_GetTxMailboxesFreeLevel) for HAL_CAN_GetTxMailboxesFreeLevel
    bsp_motor_encoder.o(i.Briter_Encoder_Code_Set) refers to stm32f4xx_hal_can.o(i.HAL_CAN_AddTxMessage) for HAL_CAN_AddTxMessage
    bsp_motor_encoder.o(i.Briter_Encoder_Code_Set) refers to bsp_motor_encoder.o(.data) for temp
    bsp_motor_encoder.o(i.Briter_Encoder_Code_Set) refers to can.o(.bss) for hcan1
    bsp_motor_encoder.o(i.CAN_DATA_Encoder_Deal) refers to bsp_motor_encoder.o(i.angle_limiting_int16) for angle_limiting_int16
    bsp_motor_encoder.o(i.CAN_DATA_Encoder_Deal) refers to bsp_motor_encoder.o(i.Block_Detect) for Block_Detect
    bsp_motor_encoder.o(i.Encoder_Init) refers to bsp_motor_encoder.o(i.Encoder_Struct_Zero) for Encoder_Struct_Zero
    bsp_motor_encoder.o(i.Encoder_Struct_Zero) refers to rt_memclr.o(.text) for __aeabi_memclr
    bsp_motor_encoder.o(i.Get_Chassis_motor_encoder_point) refers to bsp_motor_encoder.o(i.Encoder_Init) for Encoder_Init
    bsp_motor_encoder.o(i.Get_Chassis_motor_encoder_point) refers to bsp_motor_encoder.o(.bss) for CAN_Encoder
    bsp_referee.o(i.BULLET_DATA) refers to rt_memcpy_v6.o(.text) for __aeabi_memcpy
    bsp_referee.o(i.BULLET_DATA) refers to crc.o(i.Verify_CRC16_Check_Sum) for Verify_CRC16_Check_Sum
    bsp_referee.o(i.CLIENT_DATA) refers to rt_memcpy_v6.o(.text) for __aeabi_memcpy
    bsp_referee.o(i.CLIENT_DATA) refers to crc.o(i.Verify_CRC16_Check_Sum) for Verify_CRC16_Check_Sum
    bsp_referee.o(i.CLIENT_MAP_DATA) refers to rt_memcpy_v6.o(.text) for __aeabi_memcpy
    bsp_referee.o(i.CLIENT_MAP_DATA) refers to crc.o(i.Verify_CRC16_Check_Sum) for Verify_CRC16_Check_Sum
    bsp_referee.o(i.DART_CLIENT) refers to rt_memcpy_v6.o(.text) for __aeabi_memcpy
    bsp_referee.o(i.DART_CLIENT) refers to crc.o(i.Verify_CRC16_Check_Sum) for Verify_CRC16_Check_Sum
    bsp_referee.o(i.DART_REAMAINING_TIME) refers to crc.o(i.Verify_CRC16_Check_Sum) for Verify_CRC16_Check_Sum
    bsp_referee.o(i.ECF_referee_uart_init) refers to bsp_referee.o(i.referee_uart_init) for referee_uart_init
    bsp_referee.o(i.ECF_referee_uart_init) refers to bsp_referee.o(.bss) for Referee_RX_Buffer
    bsp_referee.o(i.ECF_referee_uart_init) refers to usart.o(.bss) for huart6
    bsp_referee.o(i.EVENT_DATA) refers to rt_memcpy_v6.o(.text) for __aeabi_memcpy
    bsp_referee.o(i.EVENT_DATA) refers to crc.o(i.Verify_CRC16_Check_Sum) for Verify_CRC16_Check_Sum
    bsp_referee.o(i.GAME_RESULT) refers to crc.o(i.Verify_CRC16_Check_Sum) for Verify_CRC16_Check_Sum
    bsp_referee.o(i.GAME_STATUS) refers to rt_memcpy_v6.o(.text) for __aeabi_memcpy
    bsp_referee.o(i.GAME_STATUS) refers to crc.o(i.Verify_CRC16_Check_Sum) for Verify_CRC16_Check_Sum
    bsp_referee.o(i.GROUND_ROBOT_POSITION) refers to rt_memcpy_v6.o(.text) for __aeabi_memcpy
    bsp_referee.o(i.GROUND_ROBOT_POSITION) refers to crc.o(i.Verify_CRC16_Check_Sum) for Verify_CRC16_Check_Sum
    bsp_referee.o(i.Get_referee_Address) refers to bsp_referee.o(.bss) for referee
    bsp_referee.o(i.HURT_DATA) refers to crc.o(i.Verify_CRC16_Check_Sum) for Verify_CRC16_Check_Sum
    bsp_referee.o(i.INTERACT_HEADER) refers to rt_memcpy_v6.o(.text) for __aeabi_memcpy
    bsp_referee.o(i.INTERACT_HEADER) refers to crc.o(i.Verify_CRC16_Check_Sum) for Verify_CRC16_Check_Sum
    bsp_referee.o(i.PICTURE_TRANSMISSION) refers to rt_memcpy_v6.o(.text) for __aeabi_memcpy
    bsp_referee.o(i.PICTURE_TRANSMISSION) refers to crc.o(i.Verify_CRC16_Check_Sum) for Verify_CRC16_Check_Sum
    bsp_referee.o(i.PICTURE_TRANSMISSION) refers to bsp_referee.o(.data) for TCreceive_Flag
    bsp_referee.o(i.POWER_HEAT) refers to rt_memcpy_v6.o(.text) for __aeabi_memcpy
    bsp_referee.o(i.POWER_HEAT) refers to crc.o(i.Verify_CRC16_Check_Sum) for Verify_CRC16_Check_Sum
    bsp_referee.o(i.RADAR_CMD) refers to crc.o(i.Verify_CRC16_Check_Sum) for Verify_CRC16_Check_Sum
    bsp_referee.o(i.RADAR_INFO) refers to crc.o(i.Verify_CRC16_Check_Sum) for Verify_CRC16_Check_Sum
    bsp_referee.o(i.RADAR_MARK) refers to rt_memcpy_v6.o(.text) for __aeabi_memcpy
    bsp_referee.o(i.RADAR_MARK) refers to crc.o(i.Verify_CRC16_Check_Sum) for Verify_CRC16_Check_Sum
    bsp_referee.o(i.REFEREE_UART_IRQHandler) refers to bsp_referee.o(i.RefereeDataDeal) for RefereeDataDeal
    bsp_referee.o(i.REFEREE_UART_IRQHandler) refers to bsp_referee.o(.data) for this_time_rx_len
    bsp_referee.o(i.REFEREE_UART_IRQHandler) refers to bsp_referee.o(.bss) for referee
    bsp_referee.o(i.REFEREE_WARNING) refers to crc.o(i.Verify_CRC16_Check_Sum) for Verify_CRC16_Check_Sum
    bsp_referee.o(i.RFID_STATUS) refers to rt_memcpy_v6.o(.text) for __aeabi_memcpy
    bsp_referee.o(i.RFID_STATUS) refers to crc.o(i.Verify_CRC16_Check_Sum) for Verify_CRC16_Check_Sum
    bsp_referee.o(i.ROBOT_BUFF) refers to rt_memcpy_v6.o(.text) for __aeabi_memcpy
    bsp_referee.o(i.ROBOT_BUFF) refers to crc.o(i.Verify_CRC16_Check_Sum) for Verify_CRC16_Check_Sum
    bsp_referee.o(i.ROBOT_HP) refers to rt_memcpy_v6.o(.text) for __aeabi_memcpy
    bsp_referee.o(i.ROBOT_HP) refers to crc.o(i.Verify_CRC16_Check_Sum) for Verify_CRC16_Check_Sum
    bsp_referee.o(i.ROBOT_POSITION) refers to rt_memcpy_v6.o(.text) for __aeabi_memcpy
    bsp_referee.o(i.ROBOT_POSITION) refers to crc.o(i.Verify_CRC16_Check_Sum) for Verify_CRC16_Check_Sum
    bsp_referee.o(i.ROBOT_STATUS) refers to rt_memcpy_v6.o(.text) for __aeabi_memcpy
    bsp_referee.o(i.ROBOT_STATUS) refers to crc.o(i.Verify_CRC16_Check_Sum) for Verify_CRC16_Check_Sum
    bsp_referee.o(i.RefereeDataDeal) refers to crc.o(i.Verify_CRC8_Check_Sum) for Verify_CRC8_Check_Sum
    bsp_referee.o(i.RefereeDataDeal) refers to bsp_referee.o(i.GAME_STATUS) for GAME_STATUS
    bsp_referee.o(i.RefereeDataDeal) refers to bsp_referee.o(i.GAME_RESULT) for GAME_RESULT
    bsp_referee.o(i.RefereeDataDeal) refers to bsp_referee.o(i.ROBOT_HP) for ROBOT_HP
    bsp_referee.o(i.RefereeDataDeal) refers to bsp_referee.o(i.EVENT_DATA) for EVENT_DATA
    bsp_referee.o(i.RefereeDataDeal) refers to bsp_referee.o(i.SUPPLY_PROJECTILE_ACTION) for SUPPLY_PROJECTILE_ACTION
    bsp_referee.o(i.RefereeDataDeal) refers to bsp_referee.o(i.REFEREE_WARNING) for REFEREE_WARNING
    bsp_referee.o(i.RefereeDataDeal) refers to bsp_referee.o(i.DART_REAMAINING_TIME) for DART_REAMAINING_TIME
    bsp_referee.o(i.RefereeDataDeal) refers to bsp_referee.o(i.ROBOT_STATUS) for ROBOT_STATUS
    bsp_referee.o(i.RefereeDataDeal) refers to bsp_referee.o(i.POWER_HEAT) for POWER_HEAT
    bsp_referee.o(i.RefereeDataDeal) refers to bsp_referee.o(i.ROBOT_POSITION) for ROBOT_POSITION
    bsp_referee.o(i.RefereeDataDeal) refers to bsp_referee.o(i.ROBOT_BUFF) for ROBOT_BUFF
    bsp_referee.o(i.RefereeDataDeal) refers to bsp_referee.o(i.UAV_ENERGY_TIME) for UAV_ENERGY_TIME
    bsp_referee.o(i.RefereeDataDeal) refers to bsp_referee.o(i.HURT_DATA) for HURT_DATA
    bsp_referee.o(i.RefereeDataDeal) refers to bsp_referee.o(i.SHOOT_DATA) for SHOOT_DATA
    bsp_referee.o(i.RefereeDataDeal) refers to bsp_referee.o(i.BULLET_DATA) for BULLET_DATA
    bsp_referee.o(i.RefereeDataDeal) refers to bsp_referee.o(i.RFID_STATUS) for RFID_STATUS
    bsp_referee.o(i.RefereeDataDeal) refers to bsp_referee.o(i.DART_CLIENT) for DART_CLIENT
    bsp_referee.o(i.RefereeDataDeal) refers to bsp_referee.o(i.GROUND_ROBOT_POSITION) for GROUND_ROBOT_POSITION
    bsp_referee.o(i.RefereeDataDeal) refers to bsp_referee.o(i.RADAR_MARK) for RADAR_MARK
    bsp_referee.o(i.RefereeDataDeal) refers to bsp_referee.o(i.SENTRY_INFO) for SENTRY_INFO
    bsp_referee.o(i.RefereeDataDeal) refers to bsp_referee.o(i.RADAR_INFO) for RADAR_INFO
    bsp_referee.o(i.RefereeDataDeal) refers to bsp_referee.o(i.SENTRY_CMD) for SENTRY_CMD
    bsp_referee.o(i.RefereeDataDeal) refers to bsp_referee.o(i.RADAR_CMD) for RADAR_CMD
    bsp_referee.o(i.RefereeDataDeal) refers to bsp_referee.o(i.INTERACT_HEADER) for INTERACT_HEADER
    bsp_referee.o(i.RefereeDataDeal) refers to bsp_referee.o(i.CLIENT_DATA) for CLIENT_DATA
    bsp_referee.o(i.RefereeDataDeal) refers to bsp_referee.o(i.PICTURE_TRANSMISSION) for PICTURE_TRANSMISSION
    bsp_referee.o(i.RefereeDataDeal) refers to bsp_referee.o(i.CLIENT_MAP_DATA) for CLIENT_MAP_DATA
    bsp_referee.o(i.SENTRY_CMD) refers to rt_memcpy_v6.o(.text) for __aeabi_memcpy
    bsp_referee.o(i.SENTRY_CMD) refers to crc.o(i.Verify_CRC16_Check_Sum) for Verify_CRC16_Check_Sum
    bsp_referee.o(i.SENTRY_INFO) refers to rt_memcpy_v6.o(.text) for __aeabi_memcpy
    bsp_referee.o(i.SENTRY_INFO) refers to crc.o(i.Verify_CRC16_Check_Sum) for Verify_CRC16_Check_Sum
    bsp_referee.o(i.SHOOT_DATA) refers to rt_memcpy_v6.o(.text) for __aeabi_memcpy
    bsp_referee.o(i.SHOOT_DATA) refers to crc.o(i.Verify_CRC16_Check_Sum) for Verify_CRC16_Check_Sum
    bsp_referee.o(i.SUPPLY_PROJECTILE_ACTION) refers to rt_memcpy_v6.o(.text) for __aeabi_memcpy
    bsp_referee.o(i.SUPPLY_PROJECTILE_ACTION) refers to crc.o(i.Verify_CRC16_Check_Sum) for Verify_CRC16_Check_Sum
    bsp_referee.o(i.UAV_ENERGY_TIME) refers to crc.o(i.Verify_CRC16_Check_Sum) for Verify_CRC16_Check_Sum
    bsp_buzzer.o(i.buzzer_off) refers to tim.o(.bss) for htim4
    bsp_buzzer.o(i.buzzer_on) refers to tim.o(.bss) for htim4
    bsp_buzzer.o(i.buzzer_test) refers to tim.o(.bss) for htim4
    crc.o(i.Append_CRC16_Check_Sum) refers to crc.o(i.Get_CRC16_Check_Sum) for Get_CRC16_Check_Sum
    crc.o(i.Append_CRC16_Check_Sum) refers to crc.o(.data) for CRC_INIT
    crc.o(i.Append_CRC8_Check_Sum) refers to crc.o(i.Get_CRC8_Check_Sum) for Get_CRC8_Check_Sum
    crc.o(i.Get_CRC16_Check_Sum) refers to crc.o(.constdata) for wCRC_Table
    crc.o(i.Get_CRC8_Check_Sum) refers to crc.o(.constdata) for CRC8_TAB
    crc.o(i.Verify_CRC16_Check_Sum) refers to crc.o(i.Get_CRC16_Check_Sum) for Get_CRC16_Check_Sum
    crc.o(i.Verify_CRC16_Check_Sum) refers to crc.o(.data) for CRC_INIT
    crc.o(i.Verify_CRC8_Check_Sum) refers to crc.o(i.Get_CRC8_Check_Sum) for Get_CRC8_Check_Sum
    fifo.o(i.fifo_create) refers to h1_alloc.o(.text) for malloc
    fifo.o(i.fifo_create) refers to h1_free.o(.text) for free
    fifo.o(i.fifo_create) refers to fifo.o(i.fifo_init) for fifo_init
    fifo.o(i.fifo_destory) refers to h1_free.o(.text) for free
    fifo.o(i.fifo_get) refers to rt_memcpy_v6.o(.text) for __aeabi_memcpy
    fifo.o(i.fifo_get_noprotect) refers to rt_memcpy_v6.o(.text) for __aeabi_memcpy
    fifo.o(i.fifo_pre_read) refers to rt_memcpy_v6.o(.text) for __aeabi_memcpy
    fifo.o(i.fifo_put) refers to rt_memcpy_v6.o(.text) for __aeabi_memcpy
    fifo.o(i.fifo_put_noprotect) refers to rt_memcpy_v6.o(.text) for __aeabi_memcpy
    fifo.o(i.fifo_s_create) refers to h1_alloc.o(.text) for malloc
    fifo.o(i.fifo_s_create) refers to h1_free.o(.text) for free
    fifo.o(i.fifo_s_create) refers to fifo.o(i.fifo_s_init) for fifo_s_init
    fifo.o(i.fifo_s_destroy) refers to h1_free.o(.text) for free
    fifo.o(i.fifo_s_gets) refers to rt_memcpy_v6.o(.text) for __aeabi_memcpy
    fifo.o(i.fifo_s_gets_noprotect) refers to rt_memcpy_v6.o(.text) for __aeabi_memcpy
    fifo.o(i.fifo_s_prereads) refers to rt_memcpy_v6.o(.text) for __aeabi_memcpy
    fifo.o(i.fifo_s_puts) refers to rt_memcpy_v6.o(.text) for __aeabi_memcpy
    fifo.o(i.fifo_s_puts_noprotect) refers to rt_memcpy_v6.o(.text) for __aeabi_memcpy
    filter.o(i.kalman_filter_init) refers to arm_mat_init_f32.o(.text) for arm_mat_init_f32
    filter.o(i.kalman_filter_init) refers to arm_mat_trans_f32.o(.text) for arm_mat_trans_f32
    lqr.o(i.LQR_Data_Clear) refers to rt_memclr_w.o(.text) for __aeabi_memclr4
    lqr.o(i.LQR_Init) refers to heap_4.o(i.pvPortMalloc) for pvPortMalloc
    lqr.o(i.LQR_Init) refers to rt_memclr_w.o(.text) for __aeabi_memclr4
    lqr.o(i.LQR_Int_Calculate) refers to ffltll_clz.o(x$fpl$ffltll) for __aeabi_l2f
    lqr.o(i.LQR_Int_Calculate) refers to ffixll.o(x$fpl$llsfromf) for __aeabi_f2lz
    lqr.o(i.LQR_Int_Init) refers to heap_4.o(i.pvPortMalloc) for pvPortMalloc
    lqr.o(i.LQR_Int_Init) refers to rt_memclr_w.o(.text) for __aeabi_memclr4
    maths.o(i.cos_calculate) refers to maths.o(.constdata) for Trigonometric_Functions
    maths.o(i.data_accelerated_control) refers to maths.o(.data) for last_num
    maths.o(i.float_min_distance) refers to maths.o(i.loop_fp32_constrain) for loop_fp32_constrain
    maths.o(i.sin_calculate) refers to maths.o(.constdata) for Trigonometric_Functions
    pid.o(i.PidCalculate) refers to pid.o(i.f_StepIn) for f_StepIn
    pid.o(i.PidCalculate) refers to pid.o(i.f_Derivative_On_Measurement) for f_Derivative_On_Measurement
    pid.o(i.PidCalculate) refers to pid.o(i.Changing_Integration_Rate) for Changing_Integration_Rate
    pid.o(i.PidCalculate) refers to pid.o(i.f_Integral_Limit) for f_Integral_Limit
    pid.o(i.PidCalculate) refers to pid.o(i.f_Separated_Integral) for f_Separated_Integral
    pid.o(i.PidCalculate) refers to pid.o(i.first_order_filter) for first_order_filter
    pid.o(i.PidCalculate) refers to pid.o(i.f_Output_Limit) for f_Output_Limit
    pid.o(i.PidCalculate) refers to pid.o(i.pid_clear) for pid_clear
    pid.o(i.PidInit) refers to rt_memclr.o(.text) for __aeabi_memclr
    pid.o(i.motor_position_speed_control) refers to pid.o(i.PidCalculate) for PidCalculate
    pid.o(i.motor_speed_control) refers to pid.o(i.PidCalculate) for PidCalculate
    ou_visionpro.o(i.Get_Lost_outpost_time) refers to bsp_dwt.o(i.DWT_GetTimeline_ms) for DWT_GetTimeline_ms
    ou_visionpro.o(i.Get_Lost_outpost_time) refers to ou_visionpro.o(.data) for last_xw
    ou_visionpro.o(i.PC_Calc_Pitch_Angle) refers to ou_visionpro.o(i.cos_Y_X) for cos_Y_X
    ou_visionpro.o(i.PC_Calc_Pitch_Angle) refers to ou_visionpro.o(i.sin_Y_X) for sin_Y_X
    ou_visionpro.o(i.PC_Calc_Pitch_Angle) refers to f2d.o(x$fpl$f2d) for __aeabi_f2d
    ou_visionpro.o(i.PC_Calc_Pitch_Angle) refers to acos.o(i.__hardfp_acos) for __hardfp_acos
    ou_visionpro.o(i.PC_Calc_Pitch_Angle) refers to dmul_clz.o(x$fpl$dmul) for __aeabi_dmul
    ou_visionpro.o(i.PC_Calc_Pitch_Angle) refers to d2f_clz.o(x$fpl$d2f) for __aeabi_d2f
    ou_visionpro.o(i.PC_Calc_Pitch_Angle) refers to pow.o(i.__hardfp_pow) for __hardfp_pow
    ou_visionpro.o(i.PC_Calc_Pitch_Angle) refers to daddsub_clz.o(x$fpl$dsub) for __aeabi_dsub
    ou_visionpro.o(i.PC_Calc_Pitch_Angle) refers to ddiv_clz.o(x$fpl$ddiv) for __aeabi_ddiv
    ou_visionpro.o(i.PC_Calc_Pitch_Angle) refers to maths.o(i.cos_calculate) for cos_calculate
    ou_visionpro.o(i.PC_Calc_Pitch_Angle) refers to maths.o(i.sin_calculate) for sin_calculate
    ou_visionpro.o(i.PC_Calc_Pitch_Angle) refers to ou_visionpro.o(.data) for last_Y_error
    ou_visionpro.o(i.PC_Calc_Pitch_Angle) refers to ou_visionpro.o(i.abs_f) for abs_f
    ou_visionpro.o(i.autoSolveTrajectory) refers to filter.o(i.Recursive_ave_filter_init) for Recursive_ave_filter_init
    ou_visionpro.o(i.autoSolveTrajectory) refers to filter.o(i.Recursive_ave_filter) for Recursive_ave_filter
    ou_visionpro.o(i.autoSolveTrajectory) refers to ou_visionpro.o(i.Get_Lost_outpost_time) for Get_Lost_outpost_time
    ou_visionpro.o(i.autoSolveTrajectory) refers to bsp_dwt.o(i.DWT_GetTimeline_ms) for DWT_GetTimeline_ms
    ou_visionpro.o(i.autoSolveTrajectory) refers to f2d.o(x$fpl$f2d) for __aeabi_f2d
    ou_visionpro.o(i.autoSolveTrajectory) refers to cos.o(i.__hardfp_cos) for __hardfp_cos
    ou_visionpro.o(i.autoSolveTrajectory) refers to dmul_clz.o(x$fpl$dmul) for __aeabi_dmul
    ou_visionpro.o(i.autoSolveTrajectory) refers to daddsub_clz.o(x$fpl$dsub) for __aeabi_dsub
    ou_visionpro.o(i.autoSolveTrajectory) refers to d2f_clz.o(x$fpl$d2f) for __aeabi_d2f
    ou_visionpro.o(i.autoSolveTrajectory) refers to sin.o(i.__hardfp_sin) for __hardfp_sin
    ou_visionpro.o(i.autoSolveTrajectory) refers to sqrtf_full.o(i.__hardfp_sqrtf) for __hardfp_sqrtf
    ou_visionpro.o(i.autoSolveTrajectory) refers to ou_visionpro.o(i.pitchTrajectoryCompensation) for pitchTrajectoryCompensation
    ou_visionpro.o(i.autoSolveTrajectory) refers to atan2.o(i.__hardfp_atan2) for __hardfp_atan2
    ou_visionpro.o(i.autoSolveTrajectory) refers to ddiv_clz.o(x$fpl$ddiv) for __aeabi_ddiv
    ou_visionpro.o(i.autoSolveTrajectory) refers to ou_visionpro.o(.data) for Vyaw_filtet_init_flag
    ou_visionpro.o(i.autoSolveTrajectory) refers to ou_visionpro.o(.bss) for Vyaw_Speed_filter
    ou_visionpro.o(i.autoSolveTrajectory) refers to dflt_clz.o(x$fpl$dflt) for __aeabi_i2d
    ou_visionpro.o(i.autoSolveTrajectory) refers to daddsub_clz.o(x$fpl$dadd) for __aeabi_dadd
    ou_visionpro.o(i.cos_Y_X) refers to sqrtf_full.o(i.__hardfp_sqrtf) for __hardfp_sqrtf
    ou_visionpro.o(i.cos_Y_X) refers to ou_visionpro.o(.data) for root
    ou_visionpro.o(i.monoDirectionalAirResistanceModel) refers to f2d.o(x$fpl$f2d) for __aeabi_f2d
    ou_visionpro.o(i.monoDirectionalAirResistanceModel) refers to cos.o(i.__hardfp_cos) for __hardfp_cos
    ou_visionpro.o(i.monoDirectionalAirResistanceModel) refers to dmul_clz.o(x$fpl$dmul) for __aeabi_dmul
    ou_visionpro.o(i.monoDirectionalAirResistanceModel) refers to exp.o(i.__hardfp_exp) for __hardfp_exp
    ou_visionpro.o(i.monoDirectionalAirResistanceModel) refers to daddsub_clz.o(x$fpl$dsub) for __aeabi_dsub
    ou_visionpro.o(i.monoDirectionalAirResistanceModel) refers to ddiv_clz.o(x$fpl$ddiv) for __aeabi_ddiv
    ou_visionpro.o(i.monoDirectionalAirResistanceModel) refers to d2f_clz.o(x$fpl$d2f) for __aeabi_d2f
    ou_visionpro.o(i.monoDirectionalAirResistanceModel) refers to sin.o(i.__hardfp_sin) for __hardfp_sin
    ou_visionpro.o(i.monoDirectionalAirResistanceModel) refers to virtual_task.o(.data) for auto_control_p
    ou_visionpro.o(i.monoDirectionalAirResistanceModel) refers to ou_visionpro.o(.data) for t
    ou_visionpro.o(i.pitchTrajectoryCompensation) refers to f2d.o(x$fpl$f2d) for __aeabi_f2d
    ou_visionpro.o(i.pitchTrajectoryCompensation) refers to atan2.o(i.__hardfp_atan2) for __hardfp_atan2
    ou_visionpro.o(i.pitchTrajectoryCompensation) refers to d2f_clz.o(x$fpl$d2f) for __aeabi_d2f
    ou_visionpro.o(i.pitchTrajectoryCompensation) refers to ou_visionpro.o(i.monoDirectionalAirResistanceModel) for monoDirectionalAirResistanceModel
    ou_visionpro.o(i.pitchTrajectoryCompensation) refers to dmul_clz.o(x$fpl$dmul) for __aeabi_dmul
    ou_visionpro.o(i.pitchTrajectoryCompensation) refers to dleqf.o(x$fpl$dleqf) for __aeabi_cdcmple
    ou_visionpro.o(i.sin_Y_X) refers to f2d.o(x$fpl$f2d) for __aeabi_f2d
    ou_visionpro.o(i.sin_Y_X) refers to d2f_clz.o(x$fpl$d2f) for __aeabi_d2f
    ou_visionpro.o(i.sin_Y_X) refers to sqrtf_full.o(i.__hardfp_sqrtf) for __hardfp_sqrtf
    ou_visionpro.o(i.sin_Y_X) refers to ou_visionpro.o(.data) for root
    bmi088driver.o(i.BMI088_Init) refers to bmi088driver.o(i.BMI088_init) for BMI088_init
    bmi088driver.o(i.BMI088_Read) refers to bmi088middleware.o(i.BMI088_ACCEL_NS_L) for BMI088_ACCEL_NS_L
    bmi088driver.o(i.BMI088_Read) refers to bmi088middleware.o(i.BMI088_read_write_byte) for BMI088_read_write_byte
    bmi088driver.o(i.BMI088_Read) refers to bmi088driver.o(i.BMI088_read_muli_reg) for BMI088_read_muli_reg
    bmi088driver.o(i.BMI088_Read) refers to bmi088middleware.o(i.BMI088_ACCEL_NS_H) for BMI088_ACCEL_NS_H
    bmi088driver.o(i.BMI088_Read) refers to bmi088middleware.o(i.BMI088_GYRO_NS_L) for BMI088_GYRO_NS_L
    bmi088driver.o(i.BMI088_Read) refers to bmi088middleware.o(i.BMI088_GYRO_NS_H) for BMI088_GYRO_NS_H
    bmi088driver.o(i.BMI088_Read) refers to bmi088driver.o(.data) for bmi088_raw_temp
    bmi088driver.o(i.BMI088_init) refers to bmi088driver.o(i.bmi088_accel_init) for bmi088_accel_init
    bmi088driver.o(i.BMI088_init) refers to bmi088driver.o(i.bmi088_gyro_init) for bmi088_gyro_init
    bmi088driver.o(i.BMI088_init) refers to bmi088driver.o(i.Calibrate_MPU_Offset) for Calibrate_MPU_Offset
    bmi088driver.o(i.BMI088_init) refers to bmi088middleware.o(.data) for BMI088_SPI
    bmi088driver.o(i.BMI088_init) refers to bmi088driver.o(.data) for error
    bmi088driver.o(i.BMI088_init) refers to bmi088driver.o(.bss) for BMI088
    bmi088driver.o(i.BMI088_read_muli_reg) refers to bmi088middleware.o(i.BMI088_read_write_byte) for BMI088_read_write_byte
    bmi088driver.o(i.BMI088_read_single_reg) refers to bmi088middleware.o(i.BMI088_read_write_byte) for BMI088_read_write_byte
    bmi088driver.o(i.BMI088_write_single_reg) refers to bmi088middleware.o(i.BMI088_read_write_byte) for BMI088_read_write_byte
    bmi088driver.o(i.Calibrate_MPU_Offset) refers to bsp_dwt.o(i.DWT_GetTimeline_s) for DWT_GetTimeline_s
    bmi088driver.o(i.Calibrate_MPU_Offset) refers to bsp_dwt.o(i.DWT_Delay) for DWT_Delay
    bmi088driver.o(i.Calibrate_MPU_Offset) refers to bmi088middleware.o(i.BMI088_ACCEL_NS_L) for BMI088_ACCEL_NS_L
    bmi088driver.o(i.Calibrate_MPU_Offset) refers to bmi088middleware.o(i.BMI088_read_write_byte) for BMI088_read_write_byte
    bmi088driver.o(i.Calibrate_MPU_Offset) refers to bmi088driver.o(i.BMI088_read_muli_reg) for BMI088_read_muli_reg
    bmi088driver.o(i.Calibrate_MPU_Offset) refers to bmi088middleware.o(i.BMI088_ACCEL_NS_H) for BMI088_ACCEL_NS_H
    bmi088driver.o(i.Calibrate_MPU_Offset) refers to sqrtf_full.o(i.__hardfp_sqrtf) for __hardfp_sqrtf
    bmi088driver.o(i.Calibrate_MPU_Offset) refers to bmi088middleware.o(i.BMI088_GYRO_NS_L) for BMI088_GYRO_NS_L
    bmi088driver.o(i.Calibrate_MPU_Offset) refers to bmi088middleware.o(i.BMI088_GYRO_NS_H) for BMI088_GYRO_NS_H
    bmi088driver.o(i.Calibrate_MPU_Offset) refers to bmi088driver.o(.data) for startTime
    bmi088driver.o(i.Calibrate_MPU_Offset) refers to bmi088driver.o(.bss) for gyroDiff
    bmi088driver.o(i.bmi088_accel_init) refers to bmi088middleware.o(i.BMI088_ACCEL_NS_L) for BMI088_ACCEL_NS_L
    bmi088driver.o(i.bmi088_accel_init) refers to bmi088middleware.o(i.BMI088_read_write_byte) for BMI088_read_write_byte
    bmi088driver.o(i.bmi088_accel_init) refers to bmi088middleware.o(i.BMI088_ACCEL_NS_H) for BMI088_ACCEL_NS_H
    bmi088driver.o(i.bmi088_accel_init) refers to stm32f4xx_hal.o(i.HAL_Delay) for HAL_Delay
    bmi088driver.o(i.bmi088_accel_init) refers to bmi088driver.o(i.BMI088_write_single_reg) for BMI088_write_single_reg
    bmi088driver.o(i.bmi088_accel_init) refers to bmi088driver.o(.data) for res
    bmi088driver.o(i.bmi088_gyro_init) refers to bmi088middleware.o(i.BMI088_GYRO_NS_L) for BMI088_GYRO_NS_L
    bmi088driver.o(i.bmi088_gyro_init) refers to bmi088driver.o(i.BMI088_read_single_reg) for BMI088_read_single_reg
    bmi088driver.o(i.bmi088_gyro_init) refers to bmi088middleware.o(i.BMI088_GYRO_NS_H) for BMI088_GYRO_NS_H
    bmi088driver.o(i.bmi088_gyro_init) refers to stm32f4xx_hal.o(i.HAL_Delay) for HAL_Delay
    bmi088driver.o(i.bmi088_gyro_init) refers to bmi088driver.o(i.BMI088_write_single_reg) for BMI088_write_single_reg
    bmi088driver.o(i.bmi088_gyro_init) refers to bmi088driver.o(.data) for res
    bmi088middleware.o(i.BMI088_ACCEL_NS_H) refers to stm32f4xx_hal_gpio.o(i.HAL_GPIO_WritePin) for HAL_GPIO_WritePin
    bmi088middleware.o(i.BMI088_ACCEL_NS_L) refers to stm32f4xx_hal_gpio.o(i.HAL_GPIO_WritePin) for HAL_GPIO_WritePin
    bmi088middleware.o(i.BMI088_GYRO_NS_H) refers to stm32f4xx_hal_gpio.o(i.HAL_GPIO_WritePin) for HAL_GPIO_WritePin
    bmi088middleware.o(i.BMI088_GYRO_NS_L) refers to stm32f4xx_hal_gpio.o(i.HAL_GPIO_WritePin) for HAL_GPIO_WritePin
    bmi088middleware.o(i.BMI088_read_write_byte) refers to stm32f4xx_hal_spi.o(i.HAL_SPI_TransmitReceive) for HAL_SPI_TransmitReceive
    bmi088middleware.o(i.BMI088_read_write_byte) refers to bmi088middleware.o(.data) for BMI088_SPI
    bsp_dwt.o(i.DWT_CNT_Update) refers to bsp_dwt.o(.data) for CYCCNT_LAST
    bsp_dwt.o(i.DWT_Delay) refers to bsp_dwt.o(.data) for CPU_FREQ_Hz
    bsp_dwt.o(i.DWT_GetDeltaT) refers to bsp_dwt.o(i.DWT_CNT_Update) for DWT_CNT_Update
    bsp_dwt.o(i.DWT_GetDeltaT) refers to bsp_dwt.o(.data) for CPU_FREQ_Hz
    bsp_dwt.o(i.DWT_GetDeltaT64) refers to dflt_clz.o(x$fpl$dfltu) for __aeabi_ui2d
    bsp_dwt.o(i.DWT_GetDeltaT64) refers to ddiv_clz.o(x$fpl$ddiv) for __aeabi_ddiv
    bsp_dwt.o(i.DWT_GetDeltaT64) refers to bsp_dwt.o(i.DWT_CNT_Update) for DWT_CNT_Update
    bsp_dwt.o(i.DWT_GetDeltaT64) refers to bsp_dwt.o(.data) for CPU_FREQ_Hz
    bsp_dwt.o(i.DWT_GetTimeline_ms) refers to bsp_dwt.o(i.DWT_SysTimeUpdate) for DWT_SysTimeUpdate
    bsp_dwt.o(i.DWT_GetTimeline_ms) refers to bsp_dwt.o(.data) for SysTime
    bsp_dwt.o(i.DWT_GetTimeline_s) refers to bsp_dwt.o(i.DWT_SysTimeUpdate) for DWT_SysTimeUpdate
    bsp_dwt.o(i.DWT_GetTimeline_s) refers to bsp_dwt.o(.data) for SysTime
    bsp_dwt.o(i.DWT_GetTimeline_us) refers to bsp_dwt.o(i.DWT_SysTimeUpdate) for DWT_SysTimeUpdate
    bsp_dwt.o(i.DWT_GetTimeline_us) refers to bsp_dwt.o(.data) for SysTime
    bsp_dwt.o(i.DWT_Init) refers to bsp_dwt.o(.data) for CPU_FREQ_Hz
    bsp_dwt.o(i.DWT_SysTimeUpdate) refers to bsp_dwt.o(i.DWT_CNT_Update) for DWT_CNT_Update
    bsp_dwt.o(i.DWT_SysTimeUpdate) refers to lludivv7m.o(.text) for __aeabi_uldivmod
    bsp_dwt.o(i.DWT_SysTimeUpdate) refers to bsp_dwt.o(.data) for CYCCNT_RountCount
    kalman_filter.o(i.H_K_R_Adjustment) refers to rt_memcpy_w.o(.text) for __aeabi_memcpy4
    kalman_filter.o(i.H_K_R_Adjustment) refers to rt_memclr_w.o(.text) for __aeabi_memclr4
    kalman_filter.o(i.H_K_R_Adjustment) refers to kalman_filter.o(.data) for sizeof_float
    kalman_filter.o(i.Kalman_Filter_Init) refers to h1_alloc.o(.text) for malloc
    kalman_filter.o(i.Kalman_Filter_Init) refers to rt_memclr.o(.text) for __aeabi_memclr
    kalman_filter.o(i.Kalman_Filter_Init) refers to rt_memclr_w.o(.text) for __aeabi_memclr4
    kalman_filter.o(i.Kalman_Filter_Init) refers to arm_mat_init_f32.o(.text) for arm_mat_init_f32
    kalman_filter.o(i.Kalman_Filter_Init) refers to kalman_filter.o(.data) for sizeof_float
    kalman_filter.o(i.Kalman_Filter_Measure) refers to kalman_filter.o(i.H_K_R_Adjustment) for H_K_R_Adjustment
    kalman_filter.o(i.Kalman_Filter_Measure) refers to rt_memcpy_w.o(.text) for __aeabi_memcpy4
    kalman_filter.o(i.Kalman_Filter_Measure) refers to rt_memclr_w.o(.text) for __aeabi_memclr4
    kalman_filter.o(i.Kalman_Filter_Measure) refers to kalman_filter.o(.data) for sizeof_float
    kalman_filter.o(i.Kalman_Filter_P_Update) refers to arm_mat_mult_f32.o(.text) for arm_mat_mult_f32
    kalman_filter.o(i.Kalman_Filter_P_Update) refers to arm_mat_sub_f32.o(.text) for arm_mat_sub_f32
    kalman_filter.o(i.Kalman_Filter_PminusUpdate) refers to arm_mat_trans_f32.o(.text) for arm_mat_trans_f32
    kalman_filter.o(i.Kalman_Filter_PminusUpdate) refers to arm_mat_mult_f32.o(.text) for arm_mat_mult_f32
    kalman_filter.o(i.Kalman_Filter_PminusUpdate) refers to arm_mat_add_f32.o(.text) for arm_mat_add_f32
    kalman_filter.o(i.Kalman_Filter_SetK) refers to arm_mat_trans_f32.o(.text) for arm_mat_trans_f32
    kalman_filter.o(i.Kalman_Filter_SetK) refers to arm_mat_mult_f32.o(.text) for arm_mat_mult_f32
    kalman_filter.o(i.Kalman_Filter_SetK) refers to arm_mat_add_f32.o(.text) for arm_mat_add_f32
    kalman_filter.o(i.Kalman_Filter_SetK) refers to arm_mat_inverse_f32.o(.text) for arm_mat_inverse_f32
    kalman_filter.o(i.Kalman_Filter_Update) refers to kalman_filter.o(i.Kalman_Filter_Measure) for Kalman_Filter_Measure
    kalman_filter.o(i.Kalman_Filter_Update) refers to kalman_filter.o(i.Kalman_Filter_xhatMinusUpdate) for Kalman_Filter_xhatMinusUpdate
    kalman_filter.o(i.Kalman_Filter_Update) refers to kalman_filter.o(i.Kalman_Filter_PminusUpdate) for Kalman_Filter_PminusUpdate
    kalman_filter.o(i.Kalman_Filter_Update) refers to kalman_filter.o(i.Kalman_Filter_SetK) for Kalman_Filter_SetK
    kalman_filter.o(i.Kalman_Filter_Update) refers to kalman_filter.o(i.Kalman_Filter_xhatUpdate) for Kalman_Filter_xhatUpdate
    kalman_filter.o(i.Kalman_Filter_Update) refers to kalman_filter.o(i.Kalman_Filter_P_Update) for Kalman_Filter_P_Update
    kalman_filter.o(i.Kalman_Filter_Update) refers to rt_memcpy_w.o(.text) for __aeabi_memcpy4
    kalman_filter.o(i.Kalman_Filter_Update) refers to kalman_filter.o(.data) for sizeof_float
    kalman_filter.o(i.Kalman_Filter_xhatMinusUpdate) refers to arm_mat_mult_f32.o(.text) for arm_mat_mult_f32
    kalman_filter.o(i.Kalman_Filter_xhatMinusUpdate) refers to arm_mat_add_f32.o(.text) for arm_mat_add_f32
    kalman_filter.o(i.Kalman_Filter_xhatUpdate) refers to arm_mat_mult_f32.o(.text) for arm_mat_mult_f32
    kalman_filter.o(i.Kalman_Filter_xhatUpdate) refers to arm_mat_sub_f32.o(.text) for arm_mat_sub_f32
    kalman_filter.o(i.Kalman_Filter_xhatUpdate) refers to arm_mat_add_f32.o(.text) for arm_mat_add_f32
    quaternionekf.o(i.IMU_QuaternionEKF_Init) refers to kalman_filter.o(i.Kalman_Filter_Init) for Kalman_Filter_Init
    quaternionekf.o(i.IMU_QuaternionEKF_Init) refers to rt_memcpy_w.o(.text) for __aeabi_memcpy4
    quaternionekf.o(i.IMU_QuaternionEKF_Init) refers to quaternionekf.o(.bss) for QEKF_INS
    quaternionekf.o(i.IMU_QuaternionEKF_Init) refers to quaternionekf.o(i.IMU_QuaternionEKF_Observe) for IMU_QuaternionEKF_Observe
    quaternionekf.o(i.IMU_QuaternionEKF_Init) refers to quaternionekf.o(i.IMU_QuaternionEKF_User_Func1) for IMU_QuaternionEKF_User_Func1
    quaternionekf.o(i.IMU_QuaternionEKF_Init) refers to quaternionekf.o(i.IMU_QuaternionEKF_SetH) for IMU_QuaternionEKF_SetH
    quaternionekf.o(i.IMU_QuaternionEKF_Init) refers to quaternionekf.o(i.IMU_QuaternionEKF_xhatUpdate) for IMU_QuaternionEKF_xhatUpdate
    quaternionekf.o(i.IMU_QuaternionEKF_Init) refers to quaternionekf.o(.constdata) for IMU_QuaternionEKF_F
    quaternionekf.o(i.IMU_QuaternionEKF_Init) refers to quaternionekf.o(.data) for IMU_QuaternionEKF_P
    quaternionekf.o(i.IMU_QuaternionEKF_Observe) refers to rt_memcpy_w.o(.text) for __aeabi_memcpy4
    quaternionekf.o(i.IMU_QuaternionEKF_Observe) refers to quaternionekf.o(.data) for IMU_QuaternionEKF_P
    quaternionekf.o(i.IMU_QuaternionEKF_Observe) refers to quaternionekf.o(.bss) for IMU_QuaternionEKF_K
    quaternionekf.o(i.IMU_QuaternionEKF_SetH) refers to rt_memclr_w.o(.text) for __aeabi_memclr4
    quaternionekf.o(i.IMU_QuaternionEKF_SetH) refers to quaternionekf.o(.data) for doubleq0
    quaternionekf.o(i.IMU_QuaternionEKF_SetH) refers to kalman_filter.o(.data) for sizeof_float
    quaternionekf.o(i.IMU_QuaternionEKF_Update) refers to quaternionekf.o(i.IMU_QuaternionEKF_Init) for IMU_QuaternionEKF_Init
    quaternionekf.o(i.IMU_QuaternionEKF_Update) refers to rt_memcpy_w.o(.text) for __aeabi_memcpy4
    quaternionekf.o(i.IMU_QuaternionEKF_Update) refers to quaternionekf.o(i.invSqrt) for invSqrt
    quaternionekf.o(i.IMU_QuaternionEKF_Update) refers to kalman_filter.o(i.Kalman_Filter_Update) for Kalman_Filter_Update
    quaternionekf.o(i.IMU_QuaternionEKF_Update) refers to quaternionekf.o(.bss) for QEKF_INS
    quaternionekf.o(i.IMU_QuaternionEKF_Update) refers to quaternionekf.o(.data) for halfgxdt
    quaternionekf.o(i.IMU_QuaternionEKF_Update) refers to quaternionekf.o(.constdata) for IMU_QuaternionEKF_F
    quaternionekf.o(i.IMU_QuaternionEKF_Update) refers to atan2f.o(i.__hardfp_atan2f) for __hardfp_atan2f
    quaternionekf.o(i.IMU_QuaternionEKF_Update) refers to asinf.o(i.__hardfp_asinf) for __hardfp_asinf
    quaternionekf.o(i.IMU_QuaternionEKF_User_Func1) refers to quaternionekf.o(i.invSqrt) for invSqrt
    quaternionekf.o(i.IMU_QuaternionEKF_User_Func1) refers to quaternionekf.o(.data) for q0
    quaternionekf.o(i.IMU_QuaternionEKF_User_Func1) refers to quaternionekf.o(.bss) for QEKF_INS
    quaternionekf.o(i.IMU_QuaternionEKF_xhatUpdate) refers to arm_mat_trans_f32.o(.text) for arm_mat_trans_f32
    quaternionekf.o(i.IMU_QuaternionEKF_xhatUpdate) refers to arm_mat_mult_f32.o(.text) for arm_mat_mult_f32
    quaternionekf.o(i.IMU_QuaternionEKF_xhatUpdate) refers to arm_mat_add_f32.o(.text) for arm_mat_add_f32
    quaternionekf.o(i.IMU_QuaternionEKF_xhatUpdate) refers to arm_mat_inverse_f32.o(.text) for arm_mat_inverse_f32
    quaternionekf.o(i.IMU_QuaternionEKF_xhatUpdate) refers to acosf.o(i.__hardfp_acosf) for __hardfp_acosf
    quaternionekf.o(i.IMU_QuaternionEKF_xhatUpdate) refers to arm_mat_sub_f32.o(.text) for arm_mat_sub_f32
    quaternionekf.o(i.IMU_QuaternionEKF_xhatUpdate) refers to rt_memcpy_w.o(.text) for __aeabi_memcpy4
    quaternionekf.o(i.IMU_QuaternionEKF_xhatUpdate) refers to quaternionekf.o(.data) for q0
    quaternionekf.o(i.IMU_QuaternionEKF_xhatUpdate) refers to quaternionekf.o(.bss) for QEKF_INS
    quaternionekf.o(i.IMU_QuaternionEKF_xhatUpdate) refers to kalman_filter.o(.data) for sizeof_float
    user_lib.o(i.OLS_Derivative) refers to rt_memclr.o(.text) for __aeabi_memclr
    user_lib.o(i.OLS_Derivative) refers to user_lib.o(.data) for temp
    user_lib.o(i.OLS_Init) refers to heap_4.o(i.pvPortMalloc) for pvPortMalloc
    user_lib.o(i.OLS_Init) refers to rt_memclr_w.o(.text) for __aeabi_memclr4
    user_lib.o(i.OLS_Init) refers to rt_memclr.o(.text) for __aeabi_memclr
    user_lib.o(i.OLS_Smooth) refers to rt_memclr.o(.text) for __aeabi_memclr
    user_lib.o(i.OLS_Smooth) refers to user_lib.o(.data) for temp
    user_lib.o(i.OLS_Update) refers to rt_memclr.o(.text) for __aeabi_memclr
    user_lib.o(i.OLS_Update) refers to user_lib.o(.data) for temp
    user_lib.o(i.float_min_distance) refers to user_lib.o(i.loop_float_constrain) for loop_float_constrain
    user_lib.o(i.float_rounding) refers to user_lib.o(.data) for integer
    user_lib.o(i.theta_format) refers to user_lib.o(i.loop_float_constrain) for loop_float_constrain
    arm_cos_f32.o(.text) refers to arm_common_tables.o(.constdata) for sinTable_f32
    arm_sin_f32.o(.text) refers to arm_common_tables.o(.constdata) for sinTable_f32
    malloc.o(.text) refers (Special) to hguard.o(.text) for __heap$guard
    malloc.o(.text) refers (Special) to init_alloc.o(.text) for _init_alloc
    malloc.o(.text) refers to rt_heap_descriptor_intlibspace.o(.text) for __rt_heap_descriptor
    malloc.o(.text) refers to heapstubs.o(.text) for __Heap_Alloc
    free.o(.text) refers (Special) to hguard.o(.text) for __heap$guard
    free.o(.text) refers to rt_heap_descriptor_intlibspace.o(.text) for __rt_heap_descriptor
    free.o(.text) refers to heapstubs.o(.text) for __Heap_Free
    h1_alloc.o(.text) refers (Special) to h1_init.o(.text) for __Heap_Initialize
    h1_alloc.o(.text) refers to rt_heap_descriptor_intlibspace.o(.text) for __rt_heap_descriptor
    h1_alloc.o(.text) refers to init_alloc.o(.text) for __Heap_Full
    h1_free.o(.text) refers to rt_heap_descriptor_intlibspace.o(.text) for __rt_heap_descriptor
    h1_alloc_mt.o(.text) refers (Special) to h1_init.o(.text) for __Heap_Initialize
    h1_alloc_mt.o(.text) refers to init_alloc.o(.text) for __Heap_Full
    h1_alloc_mt.o(.text) refers to rt_heap_descriptor_intlibspace.o(.text) for __rt_heap_descriptor
    h1_free_mt.o(.text) refers to rt_heap_descriptor_intlibspace.o(.text) for __rt_heap_descriptor
    heap2.o(i._FDIterate) refers to heap2.o(.conststring) for .conststring
    heap2.o(i.___Heap_ProvideMemory$realtime) refers to fdtree.o(i._FDTree_Delete) for _FDTree_Delete
    heap2.o(i.___Heap_ProvideMemory$realtime) refers to fdtree.o(i._FDTree_Insert) for _FDTree_Insert
    heap2.o(i.___Heap_Stats$realtime) refers to heap2.o(i._Heap2_StatsIterate) for _Heap2_StatsIterate
    heap2.o(i.___Heap_Valid$realtime) refers to heap2.o(i._FDIterate) for _FDIterate
    heap2.o(i.___Heap_Valid$realtime) refers to heap2.o(.conststring) for .conststring
    heap2.o(i._free$realtime) refers to rt_heap_descriptor_intlibspace.o(.text) for __rt_heap_descriptor
    heap2.o(i._free$realtime) refers to fdtree.o(i._FDTree_Delete) for _FDTree_Delete
    heap2.o(i._free$realtime) refers to fdtree.o(i._FDTree_Insert) for _FDTree_Insert
    heap2.o(i._malloc$realtime) refers to rt_heap_descriptor_intlibspace.o(.text) for __rt_heap_descriptor
    heap2.o(i._malloc$realtime) refers to fdtree.o(i._FDTree_FindFirst) for _FDTree_FindFirst
    heap2.o(i._malloc$realtime) refers to init_alloc.o(.text) for __Heap_Full
    heap2.o(i._malloc$realtime) refers to fdtree.o(i._FDTree_RemoveNode) for _FDTree_RemoveNode
    heap2.o(i._malloc$realtime) refers to fdtree.o(i._FDTree_Insert) for _FDTree_Insert
    heap2.o(i._posix_memalign$realtime) refers to rt_heap_descriptor_intlibspace.o(.text) for __rt_heap_descriptor
    heap2.o(i._posix_memalign$realtime) refers to fdtree.o(i._FDTree_FindFirst) for _FDTree_FindFirst
    heap2.o(i._posix_memalign$realtime) refers to init_alloc.o(.text) for __Heap_Full
    heap2.o(i._posix_memalign$realtime) refers to fdtree.o(i._FDTree_RemoveNode) for _FDTree_RemoveNode
    heap2.o(i._posix_memalign$realtime) refers to fdtree.o(i._FDTree_Insert) for _FDTree_Insert
    heap2.o(i._realloc$realtime) refers to rt_heap_descriptor_intlibspace.o(.text) for __rt_heap_descriptor
    heap2.o(i._realloc$realtime) refers to fdtree.o(i._FDTree_Insert) for _FDTree_Insert
    heap2.o(i._realloc$realtime) refers to h1_free.o(.text) for free
    heap2.o(i._realloc$realtime) refers to h1_alloc.o(.text) for malloc
    heap2.o(i._realloc$realtime) refers to fdtree.o(i._FDTree_Delete) for _FDTree_Delete
    heap2.o(i._realloc$realtime) refers to rt_memcpy_w.o(.text) for __aeabi_memcpy4
    heap2mt.o(i._FDIterate) refers to heap2mt.o(.conststring) for .conststring
    heap2mt.o(i.___Heap_Initialize$realtime$concurrent) refers to mutex_dummy.o(.text) for _mutex_initialize
    heap2mt.o(i.___Heap_ProvideMemory$realtime$concurrent) refers to fdtree.o(i._FDTree_Delete) for _FDTree_Delete
    heap2mt.o(i.___Heap_ProvideMemory$realtime$concurrent) refers to fdtree.o(i._FDTree_Insert) for _FDTree_Insert
    heap2mt.o(i.___Heap_Stats$realtime$concurrent) refers to heap2mt.o(i._Heap2_StatsIterate) for _Heap2_StatsIterate
    heap2mt.o(i.___Heap_Valid$realtime$concurrent) refers to heap2mt.o(i._FDIterate) for _FDIterate
    heap2mt.o(i.___Heap_Valid$realtime$concurrent) refers to heap2mt.o(.conststring) for .conststring
    heap2mt.o(i._free$realtime$concurrent) refers to rt_heap_descriptor_intlibspace.o(.text) for __rt_heap_descriptor
    heap2mt.o(i._free$realtime$concurrent) refers to fdtree.o(i._FDTree_Delete) for _FDTree_Delete
    heap2mt.o(i._free$realtime$concurrent) refers to fdtree.o(i._FDTree_Insert) for _FDTree_Insert
    heap2mt.o(i._malloc$realtime$concurrent) refers to rt_heap_descriptor_intlibspace.o(.text) for __rt_heap_descriptor
    heap2mt.o(i._malloc$realtime$concurrent) refers to fdtree.o(i._FDTree_FindFirst) for _FDTree_FindFirst
    heap2mt.o(i._malloc$realtime$concurrent) refers to init_alloc.o(.text) for __Heap_Full
    heap2mt.o(i._malloc$realtime$concurrent) refers to fdtree.o(i._FDTree_RemoveNode) for _FDTree_RemoveNode
    heap2mt.o(i._malloc$realtime$concurrent) refers to fdtree.o(i._FDTree_Insert) for _FDTree_Insert
    heap2mt.o(i._posix_memalign$realtime$concurrent) refers to rt_heap_descriptor_intlibspace.o(.text) for __rt_heap_descriptor
    heap2mt.o(i._posix_memalign$realtime$concurrent) refers to fdtree.o(i._FDTree_FindFirst) for _FDTree_FindFirst
    heap2mt.o(i._posix_memalign$realtime$concurrent) refers to init_alloc.o(.text) for __Heap_Full
    heap2mt.o(i._posix_memalign$realtime$concurrent) refers to fdtree.o(i._FDTree_RemoveNode) for _FDTree_RemoveNode
    heap2mt.o(i._posix_memalign$realtime$concurrent) refers to fdtree.o(i._FDTree_Insert) for _FDTree_Insert
    heap2mt.o(i._realloc$realtime$concurrent) refers to rt_heap_descriptor_intlibspace.o(.text) for __rt_heap_descriptor
    heap2mt.o(i._realloc$realtime$concurrent) refers to fdtree.o(i._FDTree_Insert) for _FDTree_Insert
    heap2mt.o(i._realloc$realtime$concurrent) refers to h1_free.o(.text) for free
    heap2mt.o(i._realloc$realtime$concurrent) refers to h1_alloc.o(.text) for malloc
    heap2mt.o(i._realloc$realtime$concurrent) refers to fdtree.o(i._FDTree_Delete) for _FDTree_Delete
    heap2mt.o(i._realloc$realtime$concurrent) refers to rt_memcpy_w.o(.text) for __aeabi_memcpy4
    rt_memcpy_v6.o(.text) refers to rt_memcpy_w.o(.text) for __aeabi_memcpy4
    memset.o(.text) refers to rt_memclr.o(.text) for _memset
    rt_memclr.o(.text) refers to rt_memclr_w.o(.text) for _memset_w
    __main.o(!!!main) refers to __rtentry.o(.ARM.Collect$$rtentry$$00000000) for __rt_entry
    d2f_clz.o(x$fpl$d2f) refers (Special) to usenofp.o(x$fpl$usenofp) for __I$use$fp
    d2f_clz.o(x$fpl$d2f) refers to except.o(x$fpl$exception) for __fpl_exception
    d2f_clz.o(x$fpl$d2f) refers to fretinf.o(x$fpl$fretinf) for __fpl_fretinf
    d2f_clz.o(x$fpl$d2f) refers to dnaninf.o(x$fpl$dnaninf) for __fpl_dnaninf
    d2f_clz.o(x$fpl$d2f) refers to trapv.o(x$fpl$trapveneer) for _fp_trapveneer
    d2f_clz.o(x$fpl$d2f) refers to funder_clz.o(x$fpl$funder) for __funder
    daddsub_clz.o(x$fpl$dadd) refers (Special) to usenofp.o(x$fpl$usenofp) for __I$use$fp
    daddsub_clz.o(x$fpl$dadd) refers to daddsub_clz.o(x$fpl$dsub) for _dsub1
    daddsub_clz.o(x$fpl$dadd) refers to except.o(x$fpl$exception) for __fpl_exception
    daddsub_clz.o(x$fpl$dadd) refers to dnaninf.o(x$fpl$dnaninf) for __fpl_dnaninf
    daddsub_clz.o(x$fpl$drsb) refers (Special) to usenofp.o(x$fpl$usenofp) for __I$use$fp
    daddsub_clz.o(x$fpl$drsb) refers to daddsub_clz.o(x$fpl$dadd) for _dadd1
    daddsub_clz.o(x$fpl$drsb) refers to daddsub_clz.o(x$fpl$dsub) for _dsub1
    daddsub_clz.o(x$fpl$dsub) refers (Special) to usenofp.o(x$fpl$usenofp) for __I$use$fp
    daddsub_clz.o(x$fpl$dsub) refers to daddsub_clz.o(x$fpl$dadd) for _dadd1
    daddsub_clz.o(x$fpl$dsub) refers to except.o(x$fpl$exception) for __fpl_exception
    daddsub_clz.o(x$fpl$dsub) refers to dunder_clz.o(x$fpl$dunder) for __dunder
    daddsub_clz.o(x$fpl$dsub) refers to dnaninf.o(x$fpl$dnaninf) for __fpl_dnaninf
    ddiv_clz.o(x$fpl$drdiv) refers (Special) to usenofp.o(x$fpl$usenofp) for __I$use$fp
    ddiv_clz.o(x$fpl$drdiv) refers to ddiv_clz.o(x$fpl$ddiv) for ddiv_entry
    ddiv_clz.o(x$fpl$ddiv) refers (Special) to usenofp.o(x$fpl$usenofp) for __I$use$fp
    ddiv_clz.o(x$fpl$ddiv) refers to except.o(x$fpl$exception) for __fpl_exception
    ddiv_clz.o(x$fpl$ddiv) refers to dunder_clz.o(x$fpl$dunder) for __dunder
    ddiv_clz.o(x$fpl$ddiv) refers to drenorm_clz.o(x$fpl$drenorm) for __fpl_drenorm2
    ddiv_clz.o(x$fpl$ddiv) refers to dnaninf.o(x$fpl$dnaninf) for __fpl_dnaninf
    ddiv_clz.o(x$fpl$ddiv) refers to dretinf.o(x$fpl$dretinf) for __fpl_dretinf
    dflt_clz.o(x$fpl$dfltu) refers (Special) to usenofp.o(x$fpl$usenofp) for __I$use$fp
    dflt_clz.o(x$fpl$dflt) refers (Special) to usenofp.o(x$fpl$usenofp) for __I$use$fp
    dflt_clz.o(x$fpl$dfltn) refers (Special) to usenofp.o(x$fpl$usenofp) for __I$use$fp
    dleqf.o(x$fpl$dleqf) refers (Special) to usenofp.o(x$fpl$usenofp) for __I$use$fp
    dleqf.o(x$fpl$dleqf) refers to dnaninf.o(x$fpl$dnaninf) for __fpl_dnaninf
    dleqf.o(x$fpl$dleqf) refers to dcmpi.o(x$fpl$dcmpinf) for __fpl_dcmp_Inf
    dmul_clz.o(x$fpl$dmul) refers (Special) to usenofp.o(x$fpl$usenofp) for __I$use$fp
    dmul_clz.o(x$fpl$dmul) refers to except.o(x$fpl$exception) for __fpl_exception
    dmul_clz.o(x$fpl$dmul) refers to dunder_clz.o(x$fpl$dunder) for __dunder
    dmul_clz.o(x$fpl$dmul) refers to drenorm_clz.o(x$fpl$drenorm) for __fpl_drenorm2
    dmul_clz.o(x$fpl$dmul) refers to dnaninf.o(x$fpl$dnaninf) for __fpl_dnaninf
    dmul_clz.o(x$fpl$dmul) refers to dretinf.o(x$fpl$dretinf) for __fpl_dretinf
    f2d.o(x$fpl$f2d) refers (Special) to usenofp.o(x$fpl$usenofp) for __I$use$fp
    f2d.o(x$fpl$f2d) refers to dflt_clz.o(x$fpl$dfltn) for __dflt_normalise
    f2d.o(x$fpl$f2d) refers to fnaninf.o(x$fpl$fnaninf) for __fpl_fnaninf
    f2d.o(x$fpl$f2d) refers to dretinf.o(x$fpl$dretinf) for __fpl_dretinf
    ffixll.o(x$fpl$llsfromf) refers (Special) to usenofp.o(x$fpl$usenofp) for __I$use$fp
    ffixll.o(x$fpl$llsfromf) refers to except.o(x$fpl$exception) for __fpl_exception
    ffixll.o(x$fpl$llsfromf) refers to fnaninf.o(x$fpl$fnaninf) for __fpl_fnaninf
    ffixll.o(x$fpl$llsfromfr) refers (Special) to usenofp.o(x$fpl$usenofp) for __I$use$fp
    ffixll.o(x$fpl$llsfromfr) refers to except.o(x$fpl$exception) for __fpl_exception
    ffixll.o(x$fpl$llsfromfr) refers to fnaninf.o(x$fpl$fnaninf) for __fpl_fnaninf
    ffltll_clz.o(x$fpl$ffltll) refers (Special) to usenofp.o(x$fpl$usenofp) for __I$use$fp
    ffltll_clz.o(x$fpl$ffltll) refers to except.o(x$fpl$exception) for __fpl_exception
    acos.o(i.__hardfp_acos) refers (Special) to usenofp.o(x$fpl$usenofp) for __I$use$fp
    acos.o(i.__hardfp_acos) refers to dunder.o(i.__mathlib_dbl_infnan) for __mathlib_dbl_infnan
    acos.o(i.__hardfp_acos) refers to _rserrno.o(.text) for __set_errno
    acos.o(i.__hardfp_acos) refers to dunder.o(i.__mathlib_dbl_invalid) for __mathlib_dbl_invalid
    acos.o(i.__hardfp_acos) refers to dmul_clz.o(x$fpl$dmul) for __aeabi_dmul
    acos.o(i.__hardfp_acos) refers to poly.o(i.__kernel_poly) for __kernel_poly
    acos.o(i.__hardfp_acos) refers to daddsub_clz.o(x$fpl$dadd) for __aeabi_dadd
    acos.o(i.__hardfp_acos) refers to ddiv_clz.o(x$fpl$ddiv) for __aeabi_ddiv
    acos.o(i.__hardfp_acos) refers to daddsub_clz.o(x$fpl$drsb) for __aeabi_drsub
    acos.o(i.__hardfp_acos) refers to sqrt_full.o(i.sqrt) for sqrt
    acos.o(i.__hardfp_acos) refers to daddsub_clz.o(x$fpl$dsub) for __aeabi_dsub
    acos.o(i.__hardfp_acos) refers to acos.o(.constdata) for .constdata
    acos.o(i.__softfp_acos) refers (Special) to usenofp.o(x$fpl$usenofp) for __I$use$fp
    acos.o(i.__softfp_acos) refers to acos.o(i.__hardfp_acos) for __hardfp_acos
    acos.o(i.acos) refers (Special) to usenofp.o(x$fpl$usenofp) for __I$use$fp
    acos.o(i.acos) refers to acos.o(i.__hardfp_acos) for __hardfp_acos
    acos.o(.constdata) refers (Special) to usenofp.o(x$fpl$usenofp) for __I$use$fp
    acos_x.o(i.____hardfp_acos$lsc) refers (Special) to usenofp.o(x$fpl$usenofp) for __I$use$fp
    acos_x.o(i.____hardfp_acos$lsc) refers to dunder.o(i.__mathlib_dbl_infnan) for __mathlib_dbl_infnan
    acos_x.o(i.____hardfp_acos$lsc) refers to _rserrno.o(.text) for __set_errno
    acos_x.o(i.____hardfp_acos$lsc) refers to dmul_clz.o(x$fpl$dmul) for __aeabi_dmul
    acos_x.o(i.____hardfp_acos$lsc) refers to poly.o(i.__kernel_poly) for __kernel_poly
    acos_x.o(i.____hardfp_acos$lsc) refers to daddsub_clz.o(x$fpl$dadd) for __aeabi_dadd
    acos_x.o(i.____hardfp_acos$lsc) refers to ddiv_clz.o(x$fpl$ddiv) for __aeabi_ddiv
    acos_x.o(i.____hardfp_acos$lsc) refers to daddsub_clz.o(x$fpl$drsb) for __aeabi_drsub
    acos_x.o(i.____hardfp_acos$lsc) refers to sqrt_full.o(i.sqrt) for sqrt
    acos_x.o(i.____hardfp_acos$lsc) refers to daddsub_clz.o(x$fpl$dsub) for __aeabi_dsub
    acos_x.o(i.____hardfp_acos$lsc) refers to acos_x.o(.constdata) for .constdata
    acos_x.o(i.____softfp_acos$lsc) refers (Special) to usenofp.o(x$fpl$usenofp) for __I$use$fp
    acos_x.o(i.____softfp_acos$lsc) refers to acos_x.o(i.____hardfp_acos$lsc) for ____hardfp_acos$lsc
    acos_x.o(i.__acos$lsc) refers (Special) to usenofp.o(x$fpl$usenofp) for __I$use$fp
    acos_x.o(i.__acos$lsc) refers to acos_x.o(i.____hardfp_acos$lsc) for ____hardfp_acos$lsc
    acos_x.o(.constdata) refers (Special) to usenofp.o(x$fpl$usenofp) for __I$use$fp
    acosf.o(i.__hardfp_acosf) refers (Special) to usenofp.o(x$fpl$usenofp) for __I$use$fp
    acosf.o(i.__hardfp_acosf) refers to sqrtf_full.o(i.sqrtf) for sqrtf
    acosf.o(i.__hardfp_acosf) refers to funder.o(i.__mathlib_flt_infnan) for __mathlib_flt_infnan
    acosf.o(i.__hardfp_acosf) refers to _rserrno.o(.text) for __set_errno
    acosf.o(i.__hardfp_acosf) refers to funder.o(i.__mathlib_flt_invalid) for __mathlib_flt_invalid
    acosf.o(i.__softfp_acosf) refers (Special) to usenofp.o(x$fpl$usenofp) for __I$use$fp
    acosf.o(i.__softfp_acosf) refers to acosf.o(i.__hardfp_acosf) for __hardfp_acosf
    acosf.o(i.acosf) refers (Special) to usenofp.o(x$fpl$usenofp) for __I$use$fp
    acosf.o(i.acosf) refers to acosf.o(i.__hardfp_acosf) for __hardfp_acosf
    acosf_x.o(i.____hardfp_acosf$lsc) refers (Special) to usenofp.o(x$fpl$usenofp) for __I$use$fp
    acosf_x.o(i.____hardfp_acosf$lsc) refers to sqrtf_full.o(i.sqrtf) for sqrtf
    acosf_x.o(i.____hardfp_acosf$lsc) refers to funder.o(i.__mathlib_flt_infnan) for __mathlib_flt_infnan
    acosf_x.o(i.____hardfp_acosf$lsc) refers to _rserrno.o(.text) for __set_errno
    acosf_x.o(i.____softfp_acosf$lsc) refers (Special) to usenofp.o(x$fpl$usenofp) for __I$use$fp
    acosf_x.o(i.____softfp_acosf$lsc) refers to acosf_x.o(i.____hardfp_acosf$lsc) for ____hardfp_acosf$lsc
    acosf_x.o(i.__acosf$lsc) refers (Special) to usenofp.o(x$fpl$usenofp) for __I$use$fp
    acosf_x.o(i.__acosf$lsc) refers to acosf_x.o(i.____hardfp_acosf$lsc) for ____hardfp_acosf$lsc
    asinf.o(i.__hardfp_asinf) refers (Special) to usenofp.o(x$fpl$usenofp) for __I$use$fp
    asinf.o(i.__hardfp_asinf) refers to sqrtf_full.o(i.sqrtf) for sqrtf
    asinf.o(i.__hardfp_asinf) refers to fpclassifyf.o(i.__ARM_fpclassifyf) for __ARM_fpclassifyf
    asinf.o(i.__hardfp_asinf) refers to funder.o(i.__mathlib_flt_underflow) for __mathlib_flt_underflow
    asinf.o(i.__hardfp_asinf) refers to funder.o(i.__mathlib_flt_infnan) for __mathlib_flt_infnan
    asinf.o(i.__hardfp_asinf) refers to _rserrno.o(.text) for __set_errno
    asinf.o(i.__hardfp_asinf) refers to funder.o(i.__mathlib_flt_invalid) for __mathlib_flt_invalid
    asinf.o(i.__softfp_asinf) refers (Special) to usenofp.o(x$fpl$usenofp) for __I$use$fp
    asinf.o(i.__softfp_asinf) refers to asinf.o(i.__hardfp_asinf) for __hardfp_asinf
    asinf.o(i.asinf) refers (Special) to usenofp.o(x$fpl$usenofp) for __I$use$fp
    asinf.o(i.asinf) refers to asinf.o(i.__hardfp_asinf) for __hardfp_asinf
    asinf_x.o(i.____hardfp_asinf$lsc) refers (Special) to usenofp.o(x$fpl$usenofp) for __I$use$fp
    asinf_x.o(i.____hardfp_asinf$lsc) refers to sqrtf_full.o(i.sqrtf) for sqrtf
    asinf_x.o(i.____hardfp_asinf$lsc) refers to funder.o(i.__mathlib_flt_infnan) for __mathlib_flt_infnan
    asinf_x.o(i.____hardfp_asinf$lsc) refers to _rserrno.o(.text) for __set_errno
    asinf_x.o(i.____softfp_asinf$lsc) refers (Special) to usenofp.o(x$fpl$usenofp) for __I$use$fp
    asinf_x.o(i.____softfp_asinf$lsc) refers to asinf_x.o(i.____hardfp_asinf$lsc) for ____hardfp_asinf$lsc
    asinf_x.o(i.__asinf$lsc) refers (Special) to usenofp.o(x$fpl$usenofp) for __I$use$fp
    asinf_x.o(i.__asinf$lsc) refers to asinf_x.o(i.____hardfp_asinf$lsc) for ____hardfp_asinf$lsc
    atan2.o(i.__hardfp_atan2) refers (Special) to usenofp.o(x$fpl$usenofp) for __I$use$fp
    atan2.o(i.__hardfp_atan2) refers to dunder.o(i.__mathlib_dbl_infnan2) for __mathlib_dbl_infnan2
    atan2.o(i.__hardfp_atan2) refers to atan.o(i.atan) for atan
    atan2.o(i.__hardfp_atan2) refers to basic.o(x$fpl$basic) for __aeabi_dneg
    atan2.o(i.__hardfp_atan2) refers to ddiv_clz.o(x$fpl$ddiv) for __aeabi_ddiv
    atan2.o(i.__hardfp_atan2) refers to fabs.o(i.fabs) for fabs
    atan2.o(i.__hardfp_atan2) refers to daddsub_clz.o(x$fpl$dsub) for __aeabi_dsub
    atan2.o(i.__hardfp_atan2) refers to deqf.o(x$fpl$deqf) for __aeabi_cdcmpeq
    atan2.o(i.__hardfp_atan2) refers to _rserrno.o(.text) for __set_errno
    atan2.o(i.__hardfp_atan2) refers to daddsub_clz.o(x$fpl$drsb) for __aeabi_drsub
    atan2.o(i.__hardfp_atan2) refers to qnan.o(.constdata) for __mathlib_zero
    atan2.o(i.__softfp_atan2) refers (Special) to usenofp.o(x$fpl$usenofp) for __I$use$fp
    atan2.o(i.__softfp_atan2) refers to atan2.o(i.__hardfp_atan2) for __hardfp_atan2
    atan2.o(i.atan2) refers (Special) to usenofp.o(x$fpl$usenofp) for __I$use$fp
    atan2.o(i.atan2) refers to atan2.o(i.__hardfp_atan2) for __hardfp_atan2
    atan2_x.o(i.____hardfp_atan2$lsc) refers (Special) to usenofp.o(x$fpl$usenofp) for __I$use$fp
    atan2_x.o(i.____hardfp_atan2$lsc) refers to dunder.o(i.__mathlib_dbl_infnan2) for __mathlib_dbl_infnan2
    atan2_x.o(i.____hardfp_atan2$lsc) refers to atan.o(i.atan) for atan
    atan2_x.o(i.____hardfp_atan2$lsc) refers to _rserrno.o(.text) for __set_errno
    atan2_x.o(i.____hardfp_atan2$lsc) refers to basic.o(x$fpl$basic) for __aeabi_dneg
    atan2_x.o(i.____hardfp_atan2$lsc) refers to ddiv_clz.o(x$fpl$ddiv) for __aeabi_ddiv
    atan2_x.o(i.____hardfp_atan2$lsc) refers to fabs.o(i.fabs) for fabs
    atan2_x.o(i.____hardfp_atan2$lsc) refers to daddsub_clz.o(x$fpl$dsub) for __aeabi_dsub
    atan2_x.o(i.____hardfp_atan2$lsc) refers to deqf.o(x$fpl$deqf) for __aeabi_cdcmpeq
    atan2_x.o(i.____hardfp_atan2$lsc) refers to daddsub_clz.o(x$fpl$drsb) for __aeabi_drsub
    atan2_x.o(i.____hardfp_atan2$lsc) refers to qnan.o(.constdata) for __mathlib_zero
    atan2_x.o(i.____softfp_atan2$lsc) refers (Special) to usenofp.o(x$fpl$usenofp) for __I$use$fp
    atan2_x.o(i.____softfp_atan2$lsc) refers to atan2_x.o(i.____hardfp_atan2$lsc) for ____hardfp_atan2$lsc
    atan2_x.o(i.__atan2$lsc) refers (Special) to usenofp.o(x$fpl$usenofp) for __I$use$fp
    atan2_x.o(i.__atan2$lsc) refers to atan2_x.o(i.____hardfp_atan2$lsc) for ____hardfp_atan2$lsc
    atan2f.o(i.__hardfp_atan2f) refers (Special) to usenofp.o(x$fpl$usenofp) for __I$use$fp
    atan2f.o(i.__hardfp_atan2f) refers to fpclassifyf.o(i.__ARM_fpclassifyf) for __ARM_fpclassifyf
    atan2f.o(i.__hardfp_atan2f) refers to funder.o(i.__mathlib_flt_underflow) for __mathlib_flt_underflow
    atan2f.o(i.__hardfp_atan2f) refers to _rserrno.o(.text) for __set_errno
    atan2f.o(i.__hardfp_atan2f) refers to funder.o(i.__mathlib_flt_infnan2) for __mathlib_flt_infnan2
    atan2f.o(i.__softfp_atan2f) refers (Special) to usenofp.o(x$fpl$usenofp) for __I$use$fp
    atan2f.o(i.__softfp_atan2f) refers to atan2f.o(i.__hardfp_atan2f) for __hardfp_atan2f
    atan2f.o(i.atan2f) refers (Special) to usenofp.o(x$fpl$usenofp) for __I$use$fp
    atan2f.o(i.atan2f) refers to atan2f.o(i.__hardfp_atan2f) for __hardfp_atan2f
    atan2f_x.o(i.____hardfp_atan2f$lsc) refers (Special) to usenofp.o(x$fpl$usenofp) for __I$use$fp
    atan2f_x.o(i.____hardfp_atan2f$lsc) refers to fpclassifyf.o(i.__ARM_fpclassifyf) for __ARM_fpclassifyf
    atan2f_x.o(i.____hardfp_atan2f$lsc) refers to _rserrno.o(.text) for __set_errno
    atan2f_x.o(i.____hardfp_atan2f$lsc) refers to funder.o(i.__mathlib_flt_infnan2) for __mathlib_flt_infnan2
    atan2f_x.o(i.____softfp_atan2f$lsc) refers (Special) to usenofp.o(x$fpl$usenofp) for __I$use$fp
    atan2f_x.o(i.____softfp_atan2f$lsc) refers to atan2f_x.o(i.____hardfp_atan2f$lsc) for ____hardfp_atan2f$lsc
    atan2f_x.o(i.__atan2f$lsc) refers (Special) to usenofp.o(x$fpl$usenofp) for __I$use$fp
    atan2f_x.o(i.__atan2f$lsc) refers to atan2f_x.o(i.____hardfp_atan2f$lsc) for ____hardfp_atan2f$lsc
    cos.o(i.__hardfp_cos) refers (Special) to usenofp.o(x$fpl$usenofp) for __I$use$fp
    cos.o(i.__hardfp_cos) refers to _rserrno.o(.text) for __set_errno
    cos.o(i.__hardfp_cos) refers to dunder.o(i.__mathlib_dbl_invalid) for __mathlib_dbl_invalid
    cos.o(i.__hardfp_cos) refers to dunder.o(i.__mathlib_dbl_infnan) for __mathlib_dbl_infnan
    cos.o(i.__hardfp_cos) refers to rred.o(i.__ieee754_rem_pio2) for __ieee754_rem_pio2
    cos.o(i.__hardfp_cos) refers to sin_i.o(i.__kernel_sin) for __kernel_sin
    cos.o(i.__hardfp_cos) refers to cos_i.o(i.__kernel_cos) for __kernel_cos
    cos.o(i.__hardfp_cos) refers to basic.o(x$fpl$basic) for __aeabi_dneg
    cos.o(i.__softfp_cos) refers (Special) to usenofp.o(x$fpl$usenofp) for __I$use$fp
    cos.o(i.__softfp_cos) refers to cos.o(i.__hardfp_cos) for __hardfp_cos
    cos.o(i.cos) refers (Special) to usenofp.o(x$fpl$usenofp) for __I$use$fp
    cos.o(i.cos) refers to cos.o(i.__hardfp_cos) for __hardfp_cos
    cos_x.o(i.____hardfp_cos$lsc) refers (Special) to usenofp.o(x$fpl$usenofp) for __I$use$fp
    cos_x.o(i.____hardfp_cos$lsc) refers to _rserrno.o(.text) for __set_errno
    cos_x.o(i.____hardfp_cos$lsc) refers to dunder.o(i.__mathlib_dbl_infnan) for __mathlib_dbl_infnan
    cos_x.o(i.____hardfp_cos$lsc) refers to rred.o(i.__ieee754_rem_pio2) for __ieee754_rem_pio2
    cos_x.o(i.____hardfp_cos$lsc) refers to sin_i.o(i.__kernel_sin) for __kernel_sin
    cos_x.o(i.____hardfp_cos$lsc) refers to cos_i.o(i.__kernel_cos) for __kernel_cos
    cos_x.o(i.____hardfp_cos$lsc) refers to basic.o(x$fpl$basic) for __aeabi_dneg
    cos_x.o(i.____softfp_cos$lsc) refers (Special) to usenofp.o(x$fpl$usenofp) for __I$use$fp
    cos_x.o(i.____softfp_cos$lsc) refers to cos_x.o(i.____hardfp_cos$lsc) for ____hardfp_cos$lsc
    cos_x.o(i.__cos$lsc) refers (Special) to usenofp.o(x$fpl$usenofp) for __I$use$fp
    cos_x.o(i.__cos$lsc) refers to cos_x.o(i.____hardfp_cos$lsc) for ____hardfp_cos$lsc
    exp.o(i.__hardfp_exp) refers (Special) to usenofp.o(x$fpl$usenofp) for __I$use$fp
    exp.o(i.__hardfp_exp) refers to dunder.o(i.__mathlib_dbl_infnan) for __mathlib_dbl_infnan
    exp.o(i.__hardfp_exp) refers to drleqf.o(x$fpl$drleqf) for __aeabi_cdrcmple
    exp.o(i.__hardfp_exp) refers to _rserrno.o(.text) for __set_errno
    exp.o(i.__hardfp_exp) refers to dunder.o(i.__mathlib_dbl_overflow) for __mathlib_dbl_overflow
    exp.o(i.__hardfp_exp) refers to dleqf.o(x$fpl$dleqf) for __aeabi_cdcmple
    exp.o(i.__hardfp_exp) refers to dunder.o(i.__mathlib_dbl_underflow) for __mathlib_dbl_underflow
    exp.o(i.__hardfp_exp) refers to daddsub_clz.o(x$fpl$dsub) for __aeabi_dsub
    exp.o(i.__hardfp_exp) refers to dmul_clz.o(x$fpl$dmul) for __aeabi_dmul
    exp.o(i.__hardfp_exp) refers to daddsub_clz.o(x$fpl$dadd) for __aeabi_dadd
    exp.o(i.__hardfp_exp) refers to dfix.o(x$fpl$dfix) for __aeabi_d2iz
    exp.o(i.__hardfp_exp) refers to dflt_clz.o(x$fpl$dflt) for __aeabi_i2d
    exp.o(i.__hardfp_exp) refers to daddsub_clz.o(x$fpl$drsb) for __aeabi_drsub
    exp.o(i.__hardfp_exp) refers to poly.o(i.__kernel_poly) for __kernel_poly
    exp.o(i.__hardfp_exp) refers to ddiv_clz.o(x$fpl$ddiv) for __aeabi_ddiv
    exp.o(i.__hardfp_exp) refers to fpclassify.o(i.__ARM_fpclassify) for __ARM_fpclassify
    exp.o(i.__hardfp_exp) refers to exp.o(.constdata) for .constdata
    exp.o(i.__softfp_exp) refers (Special) to usenofp.o(x$fpl$usenofp) for __I$use$fp
    exp.o(i.__softfp_exp) refers to exp.o(i.__hardfp_exp) for __hardfp_exp
    exp.o(i.exp) refers (Special) to usenofp.o(x$fpl$usenofp) for __I$use$fp
    exp.o(i.exp) refers to exp.o(i.__hardfp_exp) for __hardfp_exp
    exp.o(.constdata) refers (Special) to usenofp.o(x$fpl$usenofp) for __I$use$fp
    exp_x.o(i.____hardfp_exp$lsc) refers (Special) to usenofp.o(x$fpl$usenofp) for __I$use$fp
    exp_x.o(i.____hardfp_exp$lsc) refers to dunder.o(i.__mathlib_dbl_infnan) for __mathlib_dbl_infnan
    exp_x.o(i.____hardfp_exp$lsc) refers to drleqf.o(x$fpl$drleqf) for __aeabi_cdrcmple
    exp_x.o(i.____hardfp_exp$lsc) refers to _rserrno.o(.text) for __set_errno
    exp_x.o(i.____hardfp_exp$lsc) refers to dleqf.o(x$fpl$dleqf) for __aeabi_cdcmple
    exp_x.o(i.____hardfp_exp$lsc) refers to daddsub_clz.o(x$fpl$dsub) for __aeabi_dsub
    exp_x.o(i.____hardfp_exp$lsc) refers to dmul_clz.o(x$fpl$dmul) for __aeabi_dmul
    exp_x.o(i.____hardfp_exp$lsc) refers to daddsub_clz.o(x$fpl$dadd) for __aeabi_dadd
    exp_x.o(i.____hardfp_exp$lsc) refers to dfix.o(x$fpl$dfix) for __aeabi_d2iz
    exp_x.o(i.____hardfp_exp$lsc) refers to dflt_clz.o(x$fpl$dflt) for __aeabi_i2d
    exp_x.o(i.____hardfp_exp$lsc) refers to daddsub_clz.o(x$fpl$drsb) for __aeabi_drsub
    exp_x.o(i.____hardfp_exp$lsc) refers to poly.o(i.__kernel_poly) for __kernel_poly
    exp_x.o(i.____hardfp_exp$lsc) refers to ddiv_clz.o(x$fpl$ddiv) for __aeabi_ddiv
    exp_x.o(i.____hardfp_exp$lsc) refers to qnan.o(.constdata) for __mathlib_zero
    exp_x.o(i.____hardfp_exp$lsc) refers to exp_x.o(.constdata) for .constdata
    exp_x.o(i.____softfp_exp$lsc) refers (Special) to usenofp.o(x$fpl$usenofp) for __I$use$fp
    exp_x.o(i.____softfp_exp$lsc) refers to exp_x.o(i.____hardfp_exp$lsc) for ____hardfp_exp$lsc
    exp_x.o(i.__exp$lsc) refers (Special) to usenofp.o(x$fpl$usenofp) for __I$use$fp
    exp_x.o(i.__exp$lsc) refers to exp_x.o(i.____hardfp_exp$lsc) for ____hardfp_exp$lsc
    exp_x.o(.constdata) refers (Special) to usenofp.o(x$fpl$usenofp) for __I$use$fp
    pow.o(i.__hardfp_pow) refers (Special) to usenofp.o(x$fpl$usenofp) for __I$use$fp
    pow.o(i.__hardfp_pow) refers to dunder.o(i.__mathlib_dbl_infnan2) for __mathlib_dbl_infnan2
    pow.o(i.__hardfp_pow) refers to _rserrno.o(.text) for __set_errno
    pow.o(i.__hardfp_pow) refers to dunder.o(i.__mathlib_dbl_divzero) for __mathlib_dbl_divzero
    pow.o(i.__hardfp_pow) refers to basic.o(x$fpl$basic) for __aeabi_dneg
    pow.o(i.__hardfp_pow) refers to dunder.o(i.__mathlib_dbl_overflow) for __mathlib_dbl_overflow
    pow.o(i.__hardfp_pow) refers to ddiv_clz.o(x$fpl$ddiv) for __aeabi_ddiv
    pow.o(i.__hardfp_pow) refers to sqrt_full.o(i.sqrt) for sqrt
    pow.o(i.__hardfp_pow) refers to fabs.o(i.fabs) for fabs
    pow.o(i.__hardfp_pow) refers to dflt_clz.o(x$fpl$dflt) for __aeabi_i2d
    pow.o(i.__hardfp_pow) refers to dunder.o(i.__mathlib_dbl_invalid) for __mathlib_dbl_invalid
    pow.o(i.__hardfp_pow) refers to dmul_clz.o(x$fpl$dmul) for __aeabi_dmul
    pow.o(i.__hardfp_pow) refers to dunder.o(i.__mathlib_dbl_underflow) for __mathlib_dbl_underflow
    pow.o(i.__hardfp_pow) refers to daddsub_clz.o(x$fpl$dsub) for __aeabi_dsub
    pow.o(i.__hardfp_pow) refers to daddsub_clz.o(x$fpl$drsb) for __aeabi_drsub
    pow.o(i.__hardfp_pow) refers to qnan.o(.constdata) for __mathlib_zero
    pow.o(i.__hardfp_pow) refers to daddsub_clz.o(x$fpl$dadd) for __aeabi_dadd
    pow.o(i.__hardfp_pow) refers to poly.o(i.__kernel_poly) for __kernel_poly
    pow.o(i.__hardfp_pow) refers to pow.o(.constdata) for .constdata
    pow.o(i.__hardfp_pow) refers to drleqf.o(x$fpl$drleqf) for __aeabi_cdrcmple
    pow.o(i.__hardfp_pow) refers to scalbn_clz.o(x$fpl$scalbn) for __ARM_scalbn
    pow.o(i.__hardfp_pow) refers to fpclassify.o(i.__ARM_fpclassify) for __ARM_fpclassify
    pow.o(i.__softfp_pow) refers (Special) to usenofp.o(x$fpl$usenofp) for __I$use$fp
    pow.o(i.__softfp_pow) refers to pow.o(i.__hardfp_pow) for __hardfp_pow
    pow.o(i.pow) refers (Special) to usenofp.o(x$fpl$usenofp) for __I$use$fp
    pow.o(i.pow) refers to pow.o(i.__hardfp_pow) for __hardfp_pow
    pow.o(.constdata) refers (Special) to usenofp.o(x$fpl$usenofp) for __I$use$fp
    pow_x.o(i.____hardfp_pow$lsc) refers (Special) to usenofp.o(x$fpl$usenofp) for __I$use$fp
    pow_x.o(i.____hardfp_pow$lsc) refers to dunder.o(i.__mathlib_dbl_infnan2) for __mathlib_dbl_infnan2
    pow_x.o(i.____hardfp_pow$lsc) refers to _rserrno.o(.text) for __set_errno
    pow_x.o(i.____hardfp_pow$lsc) refers to basic.o(x$fpl$basic) for __aeabi_dneg
    pow_x.o(i.____hardfp_pow$lsc) refers to ddiv_clz.o(x$fpl$ddiv) for __aeabi_ddiv
    pow_x.o(i.____hardfp_pow$lsc) refers to sqrt_full.o(i.sqrt) for sqrt
    pow_x.o(i.____hardfp_pow$lsc) refers to fabs.o(i.fabs) for fabs
    pow_x.o(i.____hardfp_pow$lsc) refers to dflt_clz.o(x$fpl$dflt) for __aeabi_i2d
    pow_x.o(i.____hardfp_pow$lsc) refers to dmul_clz.o(x$fpl$dmul) for __aeabi_dmul
    pow_x.o(i.____hardfp_pow$lsc) refers to daddsub_clz.o(x$fpl$dsub) for __aeabi_dsub
    pow_x.o(i.____hardfp_pow$lsc) refers to daddsub_clz.o(x$fpl$drsb) for __aeabi_drsub
    pow_x.o(i.____hardfp_pow$lsc) refers to qnan.o(.constdata) for __mathlib_zero
    pow_x.o(i.____hardfp_pow$lsc) refers to daddsub_clz.o(x$fpl$dadd) for __aeabi_dadd
    pow_x.o(i.____hardfp_pow$lsc) refers to poly.o(i.__kernel_poly) for __kernel_poly
    pow_x.o(i.____hardfp_pow$lsc) refers to pow_x.o(.constdata) for .constdata
    pow_x.o(i.____hardfp_pow$lsc) refers to drleqf.o(x$fpl$drleqf) for __aeabi_cdrcmple
    pow_x.o(i.____hardfp_pow$lsc) refers to scalbn_clz.o(x$fpl$scalbn) for __ARM_scalbn
    pow_x.o(i.____softfp_pow$lsc) refers (Special) to usenofp.o(x$fpl$usenofp) for __I$use$fp
    pow_x.o(i.____softfp_pow$lsc) refers to pow_x.o(i.____hardfp_pow$lsc) for ____hardfp_pow$lsc
    pow_x.o(i.__pow$lsc) refers (Special) to usenofp.o(x$fpl$usenofp) for __I$use$fp
    pow_x.o(i.__pow$lsc) refers to pow_x.o(i.____hardfp_pow$lsc) for ____hardfp_pow$lsc
    pow_x.o(.constdata) refers (Special) to usenofp.o(x$fpl$usenofp) for __I$use$fp
    sin.o(i.__hardfp_sin) refers (Special) to usenofp.o(x$fpl$usenofp) for __I$use$fp
    sin.o(i.__hardfp_sin) refers to _rserrno.o(.text) for __set_errno
    sin.o(i.__hardfp_sin) refers to dunder.o(i.__mathlib_dbl_invalid) for __mathlib_dbl_invalid
    sin.o(i.__hardfp_sin) refers to dunder.o(i.__mathlib_dbl_infnan) for __mathlib_dbl_infnan
    sin.o(i.__hardfp_sin) refers to rred.o(i.__ieee754_rem_pio2) for __ieee754_rem_pio2
    sin.o(i.__hardfp_sin) refers to cos_i.o(i.__kernel_cos) for __kernel_cos
    sin.o(i.__hardfp_sin) refers to basic.o(x$fpl$basic) for __aeabi_dneg
    sin.o(i.__hardfp_sin) refers to sin_i.o(i.__kernel_sin) for __kernel_sin
    sin.o(i.__softfp_sin) refers (Special) to usenofp.o(x$fpl$usenofp) for __I$use$fp
    sin.o(i.__softfp_sin) refers to sin.o(i.__hardfp_sin) for __hardfp_sin
    sin.o(i.sin) refers (Special) to usenofp.o(x$fpl$usenofp) for __I$use$fp
    sin.o(i.sin) refers to sin.o(i.__hardfp_sin) for __hardfp_sin
    sin_x.o(i.____hardfp_sin$lsc) refers (Special) to usenofp.o(x$fpl$usenofp) for __I$use$fp
    sin_x.o(i.____hardfp_sin$lsc) refers to _rserrno.o(.text) for __set_errno
    sin_x.o(i.____hardfp_sin$lsc) refers to dunder.o(i.__mathlib_dbl_infnan) for __mathlib_dbl_infnan
    sin_x.o(i.____hardfp_sin$lsc) refers to rred.o(i.__ieee754_rem_pio2) for __ieee754_rem_pio2
    sin_x.o(i.____hardfp_sin$lsc) refers to cos_i.o(i.__kernel_cos) for __kernel_cos
    sin_x.o(i.____hardfp_sin$lsc) refers to basic.o(x$fpl$basic) for __aeabi_dneg
    sin_x.o(i.____hardfp_sin$lsc) refers to sin_i.o(i.__kernel_sin) for __kernel_sin
    sin_x.o(i.____softfp_sin$lsc) refers (Special) to usenofp.o(x$fpl$usenofp) for __I$use$fp
    sin_x.o(i.____softfp_sin$lsc) refers to sin_x.o(i.____hardfp_sin$lsc) for ____hardfp_sin$lsc
    sin_x.o(i.__sin$lsc) refers (Special) to usenofp.o(x$fpl$usenofp) for __I$use$fp
    sin_x.o(i.__sin$lsc) refers to sin_x.o(i.____hardfp_sin$lsc) for ____hardfp_sin$lsc
    sqrtf_full.o(i.__hardfp_sqrtf) refers (Special) to usenofp.o(x$fpl$usenofp) for __I$use$fp
    sqrtf_full.o(i.__hardfp_sqrtf) refers to _rserrno.o(.text) for __set_errno
    sqrtf_full.o(i.__softfp_sqrtf) refers (Special) to usenofp.o(x$fpl$usenofp) for __I$use$fp
    sqrtf_full.o(i.__softfp_sqrtf) refers to _rserrno.o(.text) for __set_errno
    sqrtf_full.o(i.sqrtf) refers (Special) to usenofp.o(x$fpl$usenofp) for __I$use$fp
    sqrtf_full.o(i.sqrtf) refers to _rserrno.o(.text) for __set_errno
    sqrtf_full_x.o(i.____hardfp_sqrtf$lsc) refers (Special) to usenofp.o(x$fpl$usenofp) for __I$use$fp
    sqrtf_full_x.o(i.____hardfp_sqrtf$lsc) refers to _rserrno.o(.text) for __set_errno
    sqrtf_full_x.o(i.____hardfp_sqrtf$lsc) refers to d2f_clz.o(x$fpl$d2f) for __aeabi_d2f
    sqrtf_full_x.o(i.____softfp_sqrtf$lsc) refers (Special) to usenofp.o(x$fpl$usenofp) for __I$use$fp
    sqrtf_full_x.o(i.____softfp_sqrtf$lsc) refers to _rserrno.o(.text) for __set_errno
    sqrtf_full_x.o(i.____softfp_sqrtf$lsc) refers to d2f_clz.o(x$fpl$d2f) for __aeabi_d2f
    sqrtf_full_x.o(i.__sqrtf$lsc) refers (Special) to usenofp.o(x$fpl$usenofp) for __I$use$fp
    sqrtf_full_x.o(i.__sqrtf$lsc) refers to _rserrno.o(.text) for __set_errno
    sqrtf_full_x.o(i.__sqrtf$lsc) refers to d2f_clz.o(x$fpl$d2f) for __aeabi_d2f
    __rtentry.o(.ARM.Collect$$rtentry$$00000000) refers (Special) to __rtentry2.o(.ARM.Collect$$rtentry$$0000000A) for __rt_entry_li
    __rtentry.o(.ARM.Collect$$rtentry$$00000000) refers (Special) to __rtentry2.o(.ARM.Collect$$rtentry$$0000000D) for __rt_entry_main
    __rtentry.o(.ARM.Collect$$rtentry$$00000000) refers (Special) to __rtentry2.o(.ARM.Collect$$rtentry$$0000000C) for __rt_entry_postli_1
    __rtentry.o(.ARM.Collect$$rtentry$$00000000) refers (Special) to __rtentry2.o(.ARM.Collect$$rtentry$$00000009) for __rt_entry_postsh_1
    __rtentry.o(.ARM.Collect$$rtentry$$00000000) refers (Special) to __rtentry2.o(.ARM.Collect$$rtentry$$00000002) for __rt_entry_presh_1
    __rtentry.o(.ARM.Collect$$rtentry$$00000000) refers (Special) to __rtentry4.o(.ARM.Collect$$rtentry$$00000004) for __rt_entry_sh
    aeabi_ldiv0_sigfpe.o(.text) refers to rt_div0.o(.text) for __rt_div0
    rt_heap_descriptor.o(.text) refers to rt_heap_descriptor.o(.bss) for __rt_heap_descriptor_data
    rt_heap_descriptor_intlibspace.o(.text) refers to libspace.o(.bss) for __libspace_start
    init_alloc.o(.text) refers (Special) to hguard.o(.text) for __heap$guard
    init_alloc.o(.text) refers (Special) to libinit2.o(.ARM.Collect$$libinit$$00000005) for __rt_lib_init_heap_2
    init_alloc.o(.text) refers (Special) to maybetermalloc1.o(.emb_text) for _maybe_terminate_alloc
    init_alloc.o(.text) refers to h1_extend.o(.text) for __Heap_ProvideMemory
    init_alloc.o(.text) refers to defsig_rtmem_outer.o(.text) for __rt_SIGRTMEM
    init_alloc.o(.text) refers to rt_heap_descriptor_intlibspace.o(.text) for __rt_heap_descriptor
    init_alloc.o(.text) refers to h1_init.o(.text) for __Heap_Initialize
    h1_init_mt.o(.text) refers to mutex_dummy.o(.text) for _mutex_initialize
    _rserrno.o(.text) refers to rt_errno_addr_intlibspace.o(.text) for __aeabi_errno_addr
    _get_argv.o(.text) refers (Special) to hrguard.o(.text) for __heap_region$guard
    _get_argv.o(.text) refers to h1_alloc.o(.text) for malloc
    _get_argv.o(.text) refers to defsig_rtmem_outer.o(.text) for __rt_SIGRTMEM
    _get_argv.o(.text) refers to sys_command.o(.text) for _sys_command_string
    libinit2.o(.ARM.Collect$$libinit$$00000001) refers to fpinit.o(x$fpl$fpinit) for _fp_init
    libinit2.o(.ARM.Collect$$libinit$$00000005) refers (Weak) to init_alloc.o(.text) for _init_alloc
    libinit2.o(.ARM.Collect$$libinit$$00000010) refers to libinit2.o(.ARM.Collect$$libinit$$0000000F) for .ARM.Collect$$libinit$$0000000F
    libinit2.o(.ARM.Collect$$libinit$$00000012) refers to libinit2.o(.ARM.Collect$$libinit$$0000000F) for .ARM.Collect$$libinit$$0000000F
    libinit2.o(.ARM.Collect$$libinit$$00000014) refers to libinit2.o(.ARM.Collect$$libinit$$0000000F) for .ARM.Collect$$libinit$$0000000F
    libinit2.o(.ARM.Collect$$libinit$$00000016) refers to libinit2.o(.ARM.Collect$$libinit$$0000000F) for .ARM.Collect$$libinit$$0000000F
    libinit2.o(.ARM.Collect$$libinit$$00000018) refers to libinit2.o(.ARM.Collect$$libinit$$0000000F) for .ARM.Collect$$libinit$$0000000F
    libinit2.o(.ARM.Collect$$libinit$$00000026) refers to argv_veneer.o(.emb_text) for __ARM_argv_veneer
    libinit2.o(.ARM.Collect$$libinit$$00000027) refers to argv_veneer.o(.emb_text) for __ARM_argv_veneer
    basic.o(x$fpl$basic) refers (Special) to usenofp.o(x$fpl$usenofp) for __I$use$fp
    dcmpi.o(x$fpl$dcmpinf) refers (Special) to usenofp.o(x$fpl$usenofp) for __I$use$fp
    deqf.o(x$fpl$deqf) refers (Special) to usenofp.o(x$fpl$usenofp) for __I$use$fp
    deqf.o(x$fpl$deqf) refers to dnaninf.o(x$fpl$dnaninf) for __fpl_dnaninf
    deqf.o(x$fpl$deqf) refers to dcmpi.o(x$fpl$dcmpinf) for __fpl_dcmp_Inf
    dfix.o(x$fpl$dfix) refers (Special) to usenofp.o(x$fpl$usenofp) for __I$use$fp
    dfix.o(x$fpl$dfix) refers to except.o(x$fpl$exception) for __fpl_exception
    dfix.o(x$fpl$dfix) refers to dnaninf.o(x$fpl$dnaninf) for __fpl_dnaninf
    dfix.o(x$fpl$dfixr) refers (Special) to usenofp.o(x$fpl$usenofp) for __I$use$fp
    dfix.o(x$fpl$dfixr) refers to except.o(x$fpl$exception) for __fpl_exception
    dfix.o(x$fpl$dfixr) refers to dnaninf.o(x$fpl$dnaninf) for __fpl_dnaninf
    dnaninf.o(x$fpl$dnaninf) refers (Special) to usenofp.o(x$fpl$usenofp) for __I$use$fp
    dnaninf.o(x$fpl$dnaninf) refers to except.o(x$fpl$exception) for __fpl_exception
    dnaninf.o(x$fpl$dnaninf) refers to dunder_clz.o(x$fpl$dunder) for __dunder_d
    drenorm_clz.o(x$fpl$drenorm) refers (Special) to usenofp.o(x$fpl$usenofp) for __I$use$fp
    dretinf.o(x$fpl$dretinf) refers (Special) to usenofp.o(x$fpl$usenofp) for __I$use$fp
    drleqf.o(x$fpl$drleqf) refers (Special) to usenofp.o(x$fpl$usenofp) for __I$use$fp
    drleqf.o(x$fpl$drleqf) refers to dleqf.o(x$fpl$dleqf) for __fpl_dcmple_InfNaN
    dunder_clz.o(x$fpl$dunder) refers (Special) to usenofp.o(x$fpl$usenofp) for __I$use$fp
    dunder_clz.o(x$fpl$dunder) refers to except.o(x$fpl$exception) for __fpl_exception
    dunder_clz.o(x$fpl$dunder) refers to drenorm_clz.o(x$fpl$drenorm) for __fpl_drenorm1
    dunder_clz.o(x$fpl$dunder) refers to trapv.o(x$fpl$trapveneer) for _fp_trapveneer
    except.o(x$fpl$exception) refers (Special) to usenofp.o(x$fpl$usenofp) for __I$use$fp
    except.o(x$fpl$exception) refers to trapv.o(x$fpl$trapveneer) for _fp_trapveneer
    except.o(x$fpl$exception) refers to retnan.o(x$fpl$retnan) for __fpl_return_NaN
    fnaninf.o(x$fpl$fnaninf) refers (Special) to usenofp.o(x$fpl$usenofp) for __I$use$fp
    fnaninf.o(x$fpl$fnaninf) refers to except.o(x$fpl$exception) for __fpl_exception
    fnaninf.o(x$fpl$fnaninf) refers to funder_clz.o(x$fpl$funder) for __funder_d
    fretinf.o(x$fpl$fretinf) refers (Special) to usenofp.o(x$fpl$usenofp) for __I$use$fp
    funder_clz.o(x$fpl$funder) refers (Special) to usenofp.o(x$fpl$usenofp) for __I$use$fp
    funder_clz.o(x$fpl$funder) refers to except.o(x$fpl$exception) for __fpl_exception
    funder_clz.o(x$fpl$funder) refers to trapv.o(x$fpl$trapveneer) for _fp_trapveneer
    scalbn_clz.o(x$fpl$scalbn) refers (Special) to usenofp.o(x$fpl$usenofp) for __I$use$fp
    scalbn_clz.o(x$fpl$scalbn) refers to dunder_clz.o(x$fpl$dunder) for __dunder
    scalbn_clz.o(x$fpl$scalbn) refers to except.o(x$fpl$exception) for __fpl_exception
    scalbn_clz.o(x$fpl$scalbn) refers to dcheck1.o(x$fpl$dcheck1) for __fpl_dcheck_NaN1
    trapv.o(x$fpl$trapveneer) refers (Special) to usenofp.o(x$fpl$usenofp) for __I$use$fp
    trapv.o(x$fpl$trapveneer) refers to _fptrap.o(.text) for _fp_trap
    atan.o(i.__hardfp_atan) refers (Special) to usenofp.o(x$fpl$usenofp) for __I$use$fp
    atan.o(i.__hardfp_atan) refers to dunder.o(i.__mathlib_dbl_infnan) for __mathlib_dbl_infnan
    atan.o(i.__hardfp_atan) refers to fpclassify.o(i.__ARM_fpclassify) for __ARM_fpclassify
    atan.o(i.__hardfp_atan) refers to dunder.o(i.__mathlib_dbl_underflow) for __mathlib_dbl_underflow
    atan.o(i.__hardfp_atan) refers to fabs.o(i.fabs) for fabs
    atan.o(i.__hardfp_atan) refers to daddsub_clz.o(x$fpl$dadd) for __aeabi_dadd
    atan.o(i.__hardfp_atan) refers to dmul_clz.o(x$fpl$dmul) for __aeabi_dmul
    atan.o(i.__hardfp_atan) refers to daddsub_clz.o(x$fpl$dsub) for __aeabi_dsub
    atan.o(i.__hardfp_atan) refers to ddiv_clz.o(x$fpl$ddiv) for __aeabi_ddiv
    atan.o(i.__hardfp_atan) refers to poly.o(i.__kernel_poly) for __kernel_poly
    atan.o(i.__hardfp_atan) refers to daddsub_clz.o(x$fpl$drsb) for __aeabi_drsub
    atan.o(i.__hardfp_atan) refers to basic.o(x$fpl$basic) for __aeabi_dneg
    atan.o(i.__hardfp_atan) refers to atan.o(.constdata) for .constdata
    atan.o(i.__softfp_atan) refers (Special) to usenofp.o(x$fpl$usenofp) for __I$use$fp
    atan.o(i.__softfp_atan) refers to atan.o(i.__hardfp_atan) for __hardfp_atan
    atan.o(i.atan) refers (Special) to usenofp.o(x$fpl$usenofp) for __I$use$fp
    atan.o(i.atan) refers to atan.o(i.__hardfp_atan) for __hardfp_atan
    atan.o(.constdata) refers (Special) to usenofp.o(x$fpl$usenofp) for __I$use$fp
    atan_x.o(i.____hardfp_atan$lsc) refers (Special) to usenofp.o(x$fpl$usenofp) for __I$use$fp
    atan_x.o(i.____hardfp_atan$lsc) refers to dunder.o(i.__mathlib_dbl_infnan) for __mathlib_dbl_infnan
    atan_x.o(i.____hardfp_atan$lsc) refers to fabs.o(i.fabs) for fabs
    atan_x.o(i.____hardfp_atan$lsc) refers to daddsub_clz.o(x$fpl$dadd) for __aeabi_dadd
    atan_x.o(i.____hardfp_atan$lsc) refers to dmul_clz.o(x$fpl$dmul) for __aeabi_dmul
    atan_x.o(i.____hardfp_atan$lsc) refers to daddsub_clz.o(x$fpl$dsub) for __aeabi_dsub
    atan_x.o(i.____hardfp_atan$lsc) refers to ddiv_clz.o(x$fpl$ddiv) for __aeabi_ddiv
    atan_x.o(i.____hardfp_atan$lsc) refers to poly.o(i.__kernel_poly) for __kernel_poly
    atan_x.o(i.____hardfp_atan$lsc) refers to daddsub_clz.o(x$fpl$drsb) for __aeabi_drsub
    atan_x.o(i.____hardfp_atan$lsc) refers to basic.o(x$fpl$basic) for __aeabi_dneg
    atan_x.o(i.____hardfp_atan$lsc) refers to atan_x.o(.constdata) for .constdata
    atan_x.o(i.____softfp_atan$lsc) refers (Special) to usenofp.o(x$fpl$usenofp) for __I$use$fp
    atan_x.o(i.____softfp_atan$lsc) refers to atan_x.o(i.____hardfp_atan$lsc) for ____hardfp_atan$lsc
    atan_x.o(i.__atan$lsc) refers (Special) to usenofp.o(x$fpl$usenofp) for __I$use$fp
    atan_x.o(i.__atan$lsc) refers to atan_x.o(i.____hardfp_atan$lsc) for ____hardfp_atan$lsc
    atan_x.o(.constdata) refers (Special) to usenofp.o(x$fpl$usenofp) for __I$use$fp
    cos_i.o(i.__kernel_cos) refers (Special) to usenofp.o(x$fpl$usenofp) for __I$use$fp
    cos_i.o(i.__kernel_cos) refers to dfix.o(x$fpl$dfix) for __aeabi_d2iz
    cos_i.o(i.__kernel_cos) refers to dmul_clz.o(x$fpl$dmul) for __aeabi_dmul
    cos_i.o(i.__kernel_cos) refers to poly.o(i.__kernel_poly) for __kernel_poly
    cos_i.o(i.__kernel_cos) refers to daddsub_clz.o(x$fpl$dsub) for __aeabi_dsub
    cos_i.o(i.__kernel_cos) refers to daddsub_clz.o(x$fpl$drsb) for __aeabi_drsub
    cos_i.o(i.__kernel_cos) refers to cos_i.o(.constdata) for .constdata
    cos_i.o(.constdata) refers (Special) to usenofp.o(x$fpl$usenofp) for __I$use$fp
    dunder.o(i.__mathlib_dbl_divzero) refers to ddiv_clz.o(x$fpl$ddiv) for __aeabi_ddiv
    dunder.o(i.__mathlib_dbl_infnan) refers to daddsub_clz.o(x$fpl$dadd) for __aeabi_dadd
    dunder.o(i.__mathlib_dbl_infnan2) refers to daddsub_clz.o(x$fpl$dadd) for __aeabi_dadd
    dunder.o(i.__mathlib_dbl_invalid) refers to ddiv_clz.o(x$fpl$ddiv) for __aeabi_ddiv
    dunder.o(i.__mathlib_dbl_overflow) refers to dmul_clz.o(x$fpl$dmul) for __aeabi_dmul
    dunder.o(i.__mathlib_dbl_posinfnan) refers to dmul_clz.o(x$fpl$dmul) for __aeabi_dmul
    dunder.o(i.__mathlib_dbl_underflow) refers to dmul_clz.o(x$fpl$dmul) for __aeabi_dmul
    fabs.o(i.__hardfp_fabs) refers (Special) to usenofp.o(x$fpl$usenofp) for __I$use$fp
    fabs.o(i.__softfp_fabs) refers (Special) to usenofp.o(x$fpl$usenofp) for __I$use$fp
    fabs.o(i.fabs) refers (Special) to usenofp.o(x$fpl$usenofp) for __I$use$fp
    fpclassify.o(i.__ARM_fpclassify) refers (Special) to usenofp.o(x$fpl$usenofp) for __I$use$fp
    fpclassifyf.o(i.__ARM_fpclassifyf) refers (Special) to usenofp.o(x$fpl$usenofp) for __I$use$fp
    poly.o(i.__kernel_poly) refers (Special) to usenofp.o(x$fpl$usenofp) for __I$use$fp
    poly.o(i.__kernel_poly) refers to dmul_clz.o(x$fpl$dmul) for __aeabi_dmul
    poly.o(i.__kernel_poly) refers to daddsub_clz.o(x$fpl$dadd) for __aeabi_dadd
    qnan.o(.constdata) refers (Special) to usenofp.o(x$fpl$usenofp) for __I$use$fp
    rred.o(i.__ieee754_rem_pio2) refers (Special) to usenofp.o(x$fpl$usenofp) for __I$use$fp
    rred.o(i.__ieee754_rem_pio2) refers to daddsub_clz.o(x$fpl$dsub) for __aeabi_dsub
    rred.o(i.__ieee754_rem_pio2) refers to daddsub_clz.o(x$fpl$dadd) for __aeabi_dadd
    rred.o(i.__ieee754_rem_pio2) refers to fabs.o(i.fabs) for fabs
    rred.o(i.__ieee754_rem_pio2) refers to dmul_clz.o(x$fpl$dmul) for __aeabi_dmul
    rred.o(i.__ieee754_rem_pio2) refers to dfix.o(x$fpl$dfix) for __aeabi_d2iz
    rred.o(i.__ieee754_rem_pio2) refers to dflt_clz.o(x$fpl$dflt) for __aeabi_i2d
    rred.o(i.__ieee754_rem_pio2) refers to daddsub_clz.o(x$fpl$drsb) for __aeabi_drsub
    rred.o(i.__ieee754_rem_pio2) refers to basic.o(x$fpl$basic) for __aeabi_dneg
    rred.o(i.__ieee754_rem_pio2) refers to dflt_clz.o(x$fpl$dfltu) for __aeabi_ui2d
    rred.o(i.__ieee754_rem_pio2) refers to rred.o(.constdata) for .constdata
    rred.o(i.__use_accurate_range_reduction) refers (Special) to usenofp.o(x$fpl$usenofp) for __I$use$fp
    rred.o(.constdata) refers (Special) to usenofp.o(x$fpl$usenofp) for __I$use$fp
    sin_i.o(i.__kernel_sin) refers (Special) to usenofp.o(x$fpl$usenofp) for __I$use$fp
    sin_i.o(i.__kernel_sin) refers to fpclassify.o(i.__ARM_fpclassify) for __ARM_fpclassify
    sin_i.o(i.__kernel_sin) refers to dunder.o(i.__mathlib_dbl_underflow) for __mathlib_dbl_underflow
    sin_i.o(i.__kernel_sin) refers to dmul_clz.o(x$fpl$dmul) for __aeabi_dmul
    sin_i.o(i.__kernel_sin) refers to poly.o(i.__kernel_poly) for __kernel_poly
    sin_i.o(i.__kernel_sin) refers to daddsub_clz.o(x$fpl$dsub) for __aeabi_dsub
    sin_i.o(i.__kernel_sin) refers to daddsub_clz.o(x$fpl$drsb) for __aeabi_drsub
    sin_i.o(i.__kernel_sin) refers to daddsub_clz.o(x$fpl$dadd) for __aeabi_dadd
    sin_i.o(i.__kernel_sin) refers to sin_i.o(.constdata) for .constdata
    sin_i.o(.constdata) refers (Special) to usenofp.o(x$fpl$usenofp) for __I$use$fp
    sin_i_x.o(i.____kernel_sin$lsc) refers (Special) to usenofp.o(x$fpl$usenofp) for __I$use$fp
    sin_i_x.o(i.____kernel_sin$lsc) refers to dmul_clz.o(x$fpl$dmul) for __aeabi_dmul
    sin_i_x.o(i.____kernel_sin$lsc) refers to poly.o(i.__kernel_poly) for __kernel_poly
    sin_i_x.o(i.____kernel_sin$lsc) refers to daddsub_clz.o(x$fpl$dsub) for __aeabi_dsub
    sin_i_x.o(i.____kernel_sin$lsc) refers to daddsub_clz.o(x$fpl$drsb) for __aeabi_drsub
    sin_i_x.o(i.____kernel_sin$lsc) refers to daddsub_clz.o(x$fpl$dadd) for __aeabi_dadd
    sin_i_x.o(i.____kernel_sin$lsc) refers to sin_i_x.o(.constdata) for .constdata
    sin_i_x.o(.constdata) refers (Special) to usenofp.o(x$fpl$usenofp) for __I$use$fp
    sqrt_full.o(i.__hardfp_sqrt) refers (Special) to usenofp.o(x$fpl$usenofp) for __I$use$fp
    sqrt_full.o(i.__hardfp_sqrt) refers to dsqrt_umaalclz.o(x$fpl$dsqrt) for _dsqrt
    sqrt_full.o(i.__hardfp_sqrt) refers to _rserrno.o(.text) for __set_errno
    sqrt_full.o(i.__softfp_sqrt) refers (Special) to usenofp.o(x$fpl$usenofp) for __I$use$fp
    sqrt_full.o(i.__softfp_sqrt) refers to dsqrt_umaalclz.o(x$fpl$dsqrt) for _dsqrt
    sqrt_full.o(i.__softfp_sqrt) refers to _rserrno.o(.text) for __set_errno
    sqrt_full.o(i.sqrt) refers (Special) to usenofp.o(x$fpl$usenofp) for __I$use$fp
    sqrt_full.o(i.sqrt) refers to dsqrt_umaalclz.o(x$fpl$dsqrt) for _dsqrt
    sqrt_full.o(i.sqrt) refers to _rserrno.o(.text) for __set_errno
    sqrt_full_x.o(i.____hardfp_sqrt$lsc) refers (Special) to usenofp.o(x$fpl$usenofp) for __I$use$fp
    sqrt_full_x.o(i.____hardfp_sqrt$lsc) refers to dleqf.o(x$fpl$dleqf) for __aeabi_cdcmple
    sqrt_full_x.o(i.____hardfp_sqrt$lsc) refers to _rserrno.o(.text) for __set_errno
    sqrt_full_x.o(i.____hardfp_sqrt$lsc) refers to dsqrt_umaalclz.o(x$fpl$dsqrt) for _dsqrt
    sqrt_full_x.o(i.____softfp_sqrt$lsc) refers (Special) to usenofp.o(x$fpl$usenofp) for __I$use$fp
    sqrt_full_x.o(i.____softfp_sqrt$lsc) refers to dleqf.o(x$fpl$dleqf) for __aeabi_cdcmple
    sqrt_full_x.o(i.____softfp_sqrt$lsc) refers to _rserrno.o(.text) for __set_errno
    sqrt_full_x.o(i.____softfp_sqrt$lsc) refers to dsqrt_umaalclz.o(x$fpl$dsqrt) for _dsqrt
    sqrt_full_x.o(i.__sqrt$lsc) refers (Special) to usenofp.o(x$fpl$usenofp) for __I$use$fp
    sqrt_full_x.o(i.__sqrt$lsc) refers to dleqf.o(x$fpl$dleqf) for __aeabi_cdcmple
    sqrt_full_x.o(i.__sqrt$lsc) refers to _rserrno.o(.text) for __set_errno
    sqrt_full_x.o(i.__sqrt$lsc) refers to dsqrt_umaalclz.o(x$fpl$dsqrt) for _dsqrt
    sys_command.o(.text) refers (Special) to use_no_semi.o(.text) for __I$use$semihosting
    sys_command.o(.text) refers (Special) to indicate_semi.o(.text) for __semihosting_library_function
    libspace.o(.text) refers to libspace.o(.bss) for __libspace_start
    __rtentry2.o(.ARM.Collect$$rtentry$$00000008) refers to boardinit2.o(.text) for _platform_post_stackheap_init
    __rtentry2.o(.ARM.Collect$$rtentry$$0000000A) refers to libinit.o(.ARM.Collect$$libinit$$00000000) for __rt_lib_init
    __rtentry2.o(.ARM.Collect$$rtentry$$0000000B) refers to boardinit3.o(.text) for _platform_post_lib_init
    __rtentry2.o(.ARM.Collect$$rtentry$$0000000D) refers to main.o(i.main) for main
    __rtentry2.o(.ARM.Collect$$rtentry$$0000000D) refers to exit.o(.text) for exit
    __rtentry2.o(.ARM.exidx) refers to __rtentry2.o(.ARM.Collect$$rtentry$$00000001) for .ARM.Collect$$rtentry$$00000001
    __rtentry2.o(.ARM.exidx) refers to __rtentry2.o(.ARM.Collect$$rtentry$$00000008) for .ARM.Collect$$rtentry$$00000008
    __rtentry2.o(.ARM.exidx) refers to __rtentry2.o(.ARM.Collect$$rtentry$$0000000A) for .ARM.Collect$$rtentry$$0000000A
    __rtentry2.o(.ARM.exidx) refers to __rtentry2.o(.ARM.Collect$$rtentry$$0000000B) for .ARM.Collect$$rtentry$$0000000B
    __rtentry2.o(.ARM.exidx) refers to __rtentry2.o(.ARM.Collect$$rtentry$$0000000D) for .ARM.Collect$$rtentry$$0000000D
    __rtentry4.o(.ARM.Collect$$rtentry$$00000004) refers to sys_stackheap_outer.o(.text) for __user_setup_stackheap
    __rtentry4.o(.ARM.exidx) refers to __rtentry4.o(.ARM.Collect$$rtentry$$00000004) for .ARM.Collect$$rtentry$$00000004
    rt_div0.o(.text) refers to defsig_fpe_outer.o(.text) for __rt_SIGFPE
    rt_errno_addr.o(.text) refers to rt_errno_addr.o(.bss) for __aeabi_errno_addr_data
    rt_errno_addr_intlibspace.o(.text) refers to libspace.o(.bss) for __libspace_start
    maybetermalloc2.o(.emb_text) refers (Special) to term_alloc.o(.text) for _terminate_alloc
    h1_extend.o(.text) refers to h1_free.o(.text) for free
    h1_extend_mt.o(.text) refers to h1_free_mt.o(.text) for _free_internal
    _fptrap.o(.text) refers to defsig_fpe_outer.o(.text) for __rt_SIGFPE
    defsig_rtmem_outer.o(.text) refers to defsig_rtmem_inner.o(.text) for __rt_SIGRTMEM_inner
    defsig_rtmem_outer.o(.text) refers to defsig_exit.o(.text) for __sig_exit
    defsig_rtmem_formal.o(.text) refers to rt_raise.o(.text) for __rt_raise
    heapauxa.o(.text) refers to heapauxa.o(.data) for .data
    argv_veneer.o(.emb_text) refers to no_argv.o(.text) for __ARM_get_argv
    dcheck1.o(x$fpl$dcheck1) refers (Special) to usenofp.o(x$fpl$usenofp) for __I$use$fp
    dcheck1.o(x$fpl$dcheck1) refers to except.o(x$fpl$exception) for __fpl_exception
    dcheck1.o(x$fpl$dcheck1) refers to retnan.o(x$fpl$retnan) for __fpl_return_NaN
    dsqrt_umaalclz.o(x$fpl$dsqrt) refers (Special) to usenofp.o(x$fpl$usenofp) for __I$use$fp
    dsqrt_umaalclz.o(x$fpl$dsqrt) refers to except.o(x$fpl$exception) for __fpl_exception
    dsqrt_umaalclz.o(x$fpl$dsqrt) refers to drenorm_clz.o(x$fpl$drenorm) for __fpl_drenorm1
    dsqrt_umaalclz.o(x$fpl$dsqrt) refers to dnaninf.o(x$fpl$dnaninf) for __fpl_dnaninf
    retnan.o(x$fpl$retnan) refers (Special) to usenofp.o(x$fpl$usenofp) for __I$use$fp
    retnan.o(x$fpl$retnan) refers to trapv.o(x$fpl$trapveneer) for __fpl_cmpreturn
    sys_stackheap_outer.o(.text) refers to libspace.o(.text) for __user_perproc_libspace
    sys_stackheap_outer.o(.text) refers to startup_stm32f407xx.o(.text) for __user_initial_stackheap
    rt_raise.o(.text) refers to __raise.o(.text) for __raise
    rt_raise.o(.text) refers to sys_exit.o(.text) for _sys_exit
    term_alloc.o(.text) refers (Special) to libshutdown2.o(.ARM.Collect$$libshutdown$$00000010) for __rt_lib_shutdown_heap_2
    term_alloc.o(.text) refers to rt_heap_descriptor_intlibspace.o(.text) for __rt_heap_descriptor
    term_alloc.o(.text) refers to h1_final.o(.text) for __Heap_Finalize
    exit.o(.text) refers to rtexit.o(.ARM.Collect$$rtexit$$00000000) for __rt_exit
    defsig_exit.o(.text) refers to sys_exit.o(.text) for _sys_exit
    defsig_fpe_outer.o(.text) refers to defsig_fpe_inner.o(.text) for __rt_SIGFPE_inner
    defsig_fpe_outer.o(.text) refers to defsig_exit.o(.text) for __sig_exit
    defsig_fpe_formal.o(.text) refers to rt_raise.o(.text) for __rt_raise
    defsig_rtmem_inner.o(.text) refers to defsig_general.o(.text) for __default_signal_display
    _get_argv_nomalloc.o(.text) refers (Special) to hrguard.o(.text) for __heap_region$guard
    _get_argv_nomalloc.o(.text) refers to defsig_rtmem_outer.o(.text) for __rt_SIGRTMEM
    _get_argv_nomalloc.o(.text) refers to sys_command.o(.text) for _sys_command_string
    libinit.o(.ARM.Collect$$libinit$$00000000) refers (Special) to libinit2.o(.ARM.Collect$$libinit$$0000002E) for __rt_lib_init_alloca_1
    libinit.o(.ARM.Collect$$libinit$$00000000) refers (Special) to libinit2.o(.ARM.Collect$$libinit$$0000002C) for __rt_lib_init_argv_1
    libinit.o(.ARM.Collect$$libinit$$00000000) refers (Special) to libinit2.o(.ARM.Collect$$libinit$$0000001B) for __rt_lib_init_atexit_1
    libinit.o(.ARM.Collect$$libinit$$00000000) refers (Special) to libinit2.o(.ARM.Collect$$libinit$$00000021) for __rt_lib_init_clock_1
    libinit.o(.ARM.Collect$$libinit$$00000000) refers (Special) to libinit2.o(.ARM.Collect$$libinit$$00000032) for __rt_lib_init_cpp_1
    libinit.o(.ARM.Collect$$libinit$$00000000) refers (Special) to libinit2.o(.ARM.Collect$$libinit$$00000030) for __rt_lib_init_exceptions_1
    libinit.o(.ARM.Collect$$libinit$$00000000) refers (Special) to libinit2.o(.ARM.Collect$$libinit$$00000001) for __rt_lib_init_fp_1
    libinit.o(.ARM.Collect$$libinit$$00000000) refers (Special) to libinit2.o(.ARM.Collect$$libinit$$0000001F) for __rt_lib_init_fp_trap_1
    libinit.o(.ARM.Collect$$libinit$$00000000) refers (Special) to libinit2.o(.ARM.Collect$$libinit$$00000023) for __rt_lib_init_getenv_1
    libinit.o(.ARM.Collect$$libinit$$00000000) refers (Special) to libinit2.o(.ARM.Collect$$libinit$$0000000A) for __rt_lib_init_heap_1
    libinit.o(.ARM.Collect$$libinit$$00000000) refers (Special) to libinit2.o(.ARM.Collect$$libinit$$00000011) for __rt_lib_init_lc_collate_1
    libinit.o(.ARM.Collect$$libinit$$00000000) refers (Special) to libinit2.o(.ARM.Collect$$libinit$$00000013) for __rt_lib_init_lc_ctype_1
    libinit.o(.ARM.Collect$$libinit$$00000000) refers (Special) to libinit2.o(.ARM.Collect$$libinit$$00000015) for __rt_lib_init_lc_monetary_1
    libinit.o(.ARM.Collect$$libinit$$00000000) refers (Special) to libinit2.o(.ARM.Collect$$libinit$$00000017) for __rt_lib_init_lc_numeric_1
    libinit.o(.ARM.Collect$$libinit$$00000000) refers (Special) to libinit2.o(.ARM.Collect$$libinit$$00000019) for __rt_lib_init_lc_time_1
    libinit.o(.ARM.Collect$$libinit$$00000000) refers (Special) to libinit2.o(.ARM.Collect$$libinit$$00000004) for __rt_lib_init_preinit_1
    libinit.o(.ARM.Collect$$libinit$$00000000) refers (Special) to libinit2.o(.ARM.Collect$$libinit$$0000000E) for __rt_lib_init_rand_1
    libinit.o(.ARM.Collect$$libinit$$00000000) refers (Special) to libinit2.o(.ARM.Collect$$libinit$$00000033) for __rt_lib_init_return
    libinit.o(.ARM.Collect$$libinit$$00000000) refers (Special) to libinit2.o(.ARM.Collect$$libinit$$0000001D) for __rt_lib_init_signal_1
    libinit.o(.ARM.Collect$$libinit$$00000000) refers (Special) to libinit2.o(.ARM.Collect$$libinit$$00000025) for __rt_lib_init_stdio_1
    libinit.o(.ARM.Collect$$libinit$$00000000) refers (Special) to libinit2.o(.ARM.Collect$$libinit$$0000000C) for __rt_lib_init_user_alloc_1
    sys_exit.o(.text) refers (Special) to use_no_semi.o(.text) for __I$use$semihosting
    sys_exit.o(.text) refers (Special) to indicate_semi.o(.text) for __semihosting_library_function
    rtexit.o(.ARM.Collect$$rtexit$$00000000) refers (Special) to rtexit2.o(.ARM.Collect$$rtexit$$00000004) for __rt_exit_exit
    rtexit.o(.ARM.Collect$$rtexit$$00000000) refers (Special) to rtexit2.o(.ARM.Collect$$rtexit$$00000003) for __rt_exit_ls
    rtexit.o(.ARM.Collect$$rtexit$$00000000) refers (Special) to rtexit2.o(.ARM.Collect$$rtexit$$00000002) for __rt_exit_prels_1
    rtexit.o(.ARM.exidx) refers (Special) to rtexit2.o(.ARM.Collect$$rtexit$$00000004) for __rt_exit_exit
    rtexit.o(.ARM.exidx) refers (Special) to rtexit2.o(.ARM.Collect$$rtexit$$00000003) for __rt_exit_ls
    rtexit.o(.ARM.exidx) refers (Special) to rtexit2.o(.ARM.Collect$$rtexit$$00000002) for __rt_exit_prels_1
    rtexit.o(.ARM.exidx) refers to rtexit.o(.ARM.Collect$$rtexit$$00000000) for .ARM.Collect$$rtexit$$00000000
    __raise.o(.text) refers to defsig.o(CL$$defsig) for __default_signal_handler
    defsig_general.o(.text) refers to sys_wrch.o(.text) for _ttywrch
    defsig_fpe_inner.o(.text) refers to defsig_general.o(.text) for __default_signal_display
    libshutdown2.o(.ARM.Collect$$libshutdown$$0000000F) refers (Weak) to term_alloc.o(.text) for _terminate_alloc
    sys_wrch.o(.text) refers (Special) to use_no_semi.o(.text) for __I$use$semihosting
    sys_wrch.o(.text) refers (Special) to indicate_semi.o(.text) for __semihosting_library_function
    rtexit2.o(.ARM.Collect$$rtexit$$00000003) refers to libshutdown.o(.ARM.Collect$$libshutdown$$00000000) for __rt_lib_shutdown
    rtexit2.o(.ARM.Collect$$rtexit$$00000004) refers to sys_exit.o(.text) for _sys_exit
    rtexit2.o(.ARM.exidx) refers to rtexit2.o(.ARM.Collect$$rtexit$$00000001) for .ARM.Collect$$rtexit$$00000001
    rtexit2.o(.ARM.exidx) refers to rtexit2.o(.ARM.Collect$$rtexit$$00000003) for .ARM.Collect$$rtexit$$00000003
    rtexit2.o(.ARM.exidx) refers to rtexit2.o(.ARM.Collect$$rtexit$$00000004) for .ARM.Collect$$rtexit$$00000004
    defsig.o(CL$$defsig) refers to defsig_fpe_inner.o(.text) for __rt_SIGFPE_inner
    defsig.o(CL$$defsig) refers to defsig_rtmem_inner.o(.text) for __rt_SIGRTMEM_inner
    defsig_abrt_inner.o(.text) refers to defsig_general.o(.text) for __default_signal_display
    defsig_rtred_inner.o(.text) refers to defsig_general.o(.text) for __default_signal_display
    defsig_stak_inner.o(.text) refers to defsig_general.o(.text) for __default_signal_display
    defsig_pvfn_inner.o(.text) refers to defsig_general.o(.text) for __default_signal_display
    defsig_cppl_inner.o(.text) refers to defsig_general.o(.text) for __default_signal_display
    defsig_segv_inner.o(.text) refers to defsig_general.o(.text) for __default_signal_display
    defsig_other.o(.text) refers to defsig_general.o(.text) for __default_signal_display
    libshutdown.o(.ARM.Collect$$libshutdown$$00000000) refers (Special) to libshutdown2.o(.ARM.Collect$$libshutdown$$00000004) for __rt_lib_shutdown_cpp_1
    libshutdown.o(.ARM.Collect$$libshutdown$$00000000) refers (Special) to libshutdown2.o(.ARM.Collect$$libshutdown$$00000002) for __rt_lib_shutdown_fini_1
    libshutdown.o(.ARM.Collect$$libshutdown$$00000000) refers (Special) to libshutdown2.o(.ARM.Collect$$libshutdown$$00000009) for __rt_lib_shutdown_fp_trap_1
    libshutdown.o(.ARM.Collect$$libshutdown$$00000000) refers (Special) to libshutdown2.o(.ARM.Collect$$libshutdown$$00000011) for __rt_lib_shutdown_heap_1
    libshutdown.o(.ARM.Collect$$libshutdown$$00000000) refers (Special) to libshutdown2.o(.ARM.Collect$$libshutdown$$00000012) for __rt_lib_shutdown_return
    libshutdown.o(.ARM.Collect$$libshutdown$$00000000) refers (Special) to libshutdown2.o(.ARM.Collect$$libshutdown$$0000000C) for __rt_lib_shutdown_signal_1
    libshutdown.o(.ARM.Collect$$libshutdown$$00000000) refers (Special) to libshutdown2.o(.ARM.Collect$$libshutdown$$00000006) for __rt_lib_shutdown_stdio_1
    libshutdown.o(.ARM.Collect$$libshutdown$$00000000) refers (Special) to libshutdown2.o(.ARM.Collect$$libshutdown$$0000000E) for __rt_lib_shutdown_user_alloc_1

