Archive member included to satisfy reference by file (symbol)

c:/program files (x86)/gnu arm embedded toolchain/10 2021.10/bin/../lib/gcc/arm-none-eabi/10.3.1/../../../../arm-none-eabi/lib/thumb/v7e-m+fp/hard\libc_nano.a(lib_a-errno.o)
                              build/sysmem.o (__errno)
c:/program files (x86)/gnu arm embedded toolchain/10 2021.10/bin/../lib/gcc/arm-none-eabi/10.3.1/../../../../arm-none-eabi/lib/thumb/v7e-m+fp/hard\libc_nano.a(lib_a-exit.o)
                              c:/program files (x86)/gnu arm embedded toolchain/10 2021.10/bin/../lib/gcc/arm-none-eabi/10.3.1/../../../../arm-none-eabi/lib/thumb/v7e-m+fp/hard/crt0.o (exit)
c:/program files (x86)/gnu arm embedded toolchain/10 2021.10/bin/../lib/gcc/arm-none-eabi/10.3.1/../../../../arm-none-eabi/lib/thumb/v7e-m+fp/hard\libc_nano.a(lib_a-impure.o)
                              c:/program files (x86)/gnu arm embedded toolchain/10 2021.10/bin/../lib/gcc/arm-none-eabi/10.3.1/../../../../arm-none-eabi/lib/thumb/v7e-m+fp/hard\libc_nano.a(lib_a-exit.o) (_global_impure_ptr)
c:/program files (x86)/gnu arm embedded toolchain/10 2021.10/bin/../lib/gcc/arm-none-eabi/10.3.1/../../../../arm-none-eabi/lib/thumb/v7e-m+fp/hard\libc_nano.a(lib_a-init.o)
                              c:/program files (x86)/gnu arm embedded toolchain/10 2021.10/bin/../lib/gcc/arm-none-eabi/10.3.1/../../../../arm-none-eabi/lib/thumb/v7e-m+fp/hard/crt0.o (__libc_init_array)
c:/program files (x86)/gnu arm embedded toolchain/10 2021.10/bin/../lib/gcc/arm-none-eabi/10.3.1/../../../../arm-none-eabi/lib/thumb/v7e-m+fp/hard\libc_nano.a(lib_a-memset.o)
                              c:/program files (x86)/gnu arm embedded toolchain/10 2021.10/bin/../lib/gcc/arm-none-eabi/10.3.1/../../../../arm-none-eabi/lib/thumb/v7e-m+fp/hard/crt0.o (memset)
c:/program files (x86)/gnu arm embedded toolchain/10 2021.10/bin/../lib/gcc/arm-none-eabi/10.3.1/thumb/v7e-m+fp/hard\libgcc.a(_aeabi_uldivmod.o)
                              build/stm32f4xx_hal_rcc.o (__aeabi_uldivmod)
c:/program files (x86)/gnu arm embedded toolchain/10 2021.10/bin/../lib/gcc/arm-none-eabi/10.3.1/thumb/v7e-m+fp/hard\libgcc.a(_udivmoddi4.o)
                              c:/program files (x86)/gnu arm embedded toolchain/10 2021.10/bin/../lib/gcc/arm-none-eabi/10.3.1/thumb/v7e-m+fp/hard\libgcc.a(_aeabi_uldivmod.o) (__udivmoddi4)
c:/program files (x86)/gnu arm embedded toolchain/10 2021.10/bin/../lib/gcc/arm-none-eabi/10.3.1/thumb/v7e-m+fp/hard\libgcc.a(_dvmd_tls.o)
                              c:/program files (x86)/gnu arm embedded toolchain/10 2021.10/bin/../lib/gcc/arm-none-eabi/10.3.1/thumb/v7e-m+fp/hard\libgcc.a(_aeabi_uldivmod.o) (__aeabi_ldiv0)

Discarded input sections

 .text          0x00000000        0x0 c:/program files (x86)/gnu arm embedded toolchain/10 2021.10/bin/../lib/gcc/arm-none-eabi/10.3.1/thumb/v7e-m+fp/hard/crti.o
 .data          0x00000000        0x0 c:/program files (x86)/gnu arm embedded toolchain/10 2021.10/bin/../lib/gcc/arm-none-eabi/10.3.1/thumb/v7e-m+fp/hard/crti.o
 .bss           0x00000000        0x0 c:/program files (x86)/gnu arm embedded toolchain/10 2021.10/bin/../lib/gcc/arm-none-eabi/10.3.1/thumb/v7e-m+fp/hard/crti.o
 .data          0x00000000        0x4 c:/program files (x86)/gnu arm embedded toolchain/10 2021.10/bin/../lib/gcc/arm-none-eabi/10.3.1/thumb/v7e-m+fp/hard/crtbegin.o
 .rodata        0x00000000       0x24 c:/program files (x86)/gnu arm embedded toolchain/10 2021.10/bin/../lib/gcc/arm-none-eabi/10.3.1/thumb/v7e-m+fp/hard/crtbegin.o
 .text          0x00000000       0x7c c:/program files (x86)/gnu arm embedded toolchain/10 2021.10/bin/../lib/gcc/arm-none-eabi/10.3.1/../../../../arm-none-eabi/lib/thumb/v7e-m+fp/hard/crt0.o
 .data          0x00000000        0x0 c:/program files (x86)/gnu arm embedded toolchain/10 2021.10/bin/../lib/gcc/arm-none-eabi/10.3.1/../../../../arm-none-eabi/lib/thumb/v7e-m+fp/hard/crt0.o
 .bss           0x00000000        0x0 c:/program files (x86)/gnu arm embedded toolchain/10 2021.10/bin/../lib/gcc/arm-none-eabi/10.3.1/../../../../arm-none-eabi/lib/thumb/v7e-m+fp/hard/crt0.o
 .ARM.extab     0x00000000        0x0 c:/program files (x86)/gnu arm embedded toolchain/10 2021.10/bin/../lib/gcc/arm-none-eabi/10.3.1/../../../../arm-none-eabi/lib/thumb/v7e-m+fp/hard/crt0.o
 .ARM.exidx     0x00000000       0x10 c:/program files (x86)/gnu arm embedded toolchain/10 2021.10/bin/../lib/gcc/arm-none-eabi/10.3.1/../../../../arm-none-eabi/lib/thumb/v7e-m+fp/hard/crt0.o
 .ARM.attributes
                0x00000000       0x1c c:/program files (x86)/gnu arm embedded toolchain/10 2021.10/bin/../lib/gcc/arm-none-eabi/10.3.1/../../../../arm-none-eabi/lib/thumb/v7e-m+fp/hard/crt0.o
 .text          0x00000000        0x0 build/main.o
 .data          0x00000000        0x0 build/main.o
 .bss           0x00000000        0x0 build/main.o
 .text          0x00000000        0x0 build/gpio.o
 .data          0x00000000        0x0 build/gpio.o
[...]
Memory Configuration

Name             Origin             Length             Attributes
RAM              0x20000000         0x00020000         xrw
CCMRAM           0x10000000         0x00010000         xrw
FLASH            0x08000000         0x00080000         xr
*default*        0x00000000         0xffffffff

Linker script and memory map

LOAD c:/program files (x86)/gnu arm embedded toolchain/10 2021.10/bin/../lib/gcc/arm-none-eabi/10.3.1/thumb/v7e-m+fp/hard/crti.o
LOAD c:/program files (x86)/gnu arm embedded toolchain/10 2021.10/bin/../lib/gcc/arm-none-eabi/10.3.1/thumb/v7e-m+fp/hard/crtbegin.o
LOAD c:/program files (x86)/gnu arm embedded toolchain/10 2021.10/bin/../lib/gcc/arm-none-eabi/10.3.1/../../../../arm-none-eabi/lib/thumb/v7e-m+fp/hard/crt0.o
LOAD build/main.o
LOAD build/gpio.o
LOAD build/can.o
LOAD build/stm32f4xx_it.o
LOAD build/stm32f4xx_hal_msp.o
LOAD build/stm32f4xx_hal_can.o
LOAD build/stm32f4xx_hal_rcc.o
LOAD build/stm32f4xx_hal_rcc_ex.o
LOAD build/stm32f4xx_hal_flash.o
LOAD build/stm32f4xx_hal_flash_ex.o
LOAD build/stm32f4xx_hal_flash_ramfunc.o
LOAD build/stm32f4xx_hal_gpio.o
LOAD build/stm32f4xx_hal_dma_ex.o
LOAD build/stm32f4xx_hal_dma.o
LOAD build/stm32f4xx_hal_pwr.o
LOAD build/stm32f4xx_hal_pwr_ex.o
LOAD build/stm32f4xx_hal_cortex.o
LOAD build/stm32f4xx_hal.o
LOAD build/stm32f4xx_hal_exti.o
LOAD build/stm32f4xx_hal_tim.o
LOAD build/stm32f4xx_hal_tim_ex.o
LOAD build/system_stm32f4xx.o
LOAD build/sysmem.o
LOAD build/syscalls.o
LOAD build/pid.o
LOAD build/bsp_can.o
LOAD build/bsp_Motor_Encoder.o
LOAD build/DJI_Motor.o
LOAD build/startup_stm32f407xx.o
LOAD c:/program files (x86)/gnu arm embedded toolchain/10 2021.10/bin/../lib/gcc/arm-none-eabi/10.3.1/../../../../arm-none-eabi/lib/thumb/v7e-m+fp/hard\libc_nano.a
LOAD c:/program files (x86)/gnu arm embedded toolchain/10 2021.10/bin/../lib/gcc/arm-none-eabi/10.3.1/../../../../arm-none-eabi/lib/thumb/v7e-m+fp/hard\libm.a
LOAD c:/program files (x86)/gnu arm embedded toolchain/10 2021.10/bin/../lib/gcc/arm-none-eabi/10.3.1/../../../../arm-none-eabi/lib/thumb/v7e-m+fp/hard\libnosys.a
START GROUP
LOAD c:/program files (x86)/gnu arm embedded toolchain/10 2021.10/bin/../lib/gcc/arm-none-eabi/10.3.1/thumb/v7e-m+fp/hard\libgcc.a
LOAD c:/program files (x86)/gnu arm embedded toolchain/10 2021.10/bin/../lib/gcc/arm-none-eabi/10.3.1/../../../../arm-none-eabi/lib/thumb/v7e-m+fp/hard\libc_nano.a
END GROUP
START GROUP
LOAD c:/program files (x86)/gnu arm embedded toolchain/10 2021.10/bin/../lib/gcc/arm-none-eabi/10.3.1/thumb/v7e-m+fp/hard\libgcc.a
LOAD c:/program files (x86)/gnu arm embedded toolchain/10 2021.10/bin/../lib/gcc/arm-none-eabi/10.3.1/../../../../arm-none-eabi/lib/thumb/v7e-m+fp/hard\libc_nano.a
END GROUP
LOAD c:/program files (x86)/gnu arm embedded toolchain/10 2021.10/bin/../lib/gcc/arm-none-eabi/10.3.1/thumb/v7e-m+fp/hard/crtend.o
LOAD c:/program files (x86)/gnu arm embedded toolchain/10 2021.10/bin/../lib/gcc/arm-none-eabi/10.3.1/thumb/v7e-m+fp/hard/crtn.o
                0x20020000                _estack = (ORIGIN (RAM) + LENGTH (RAM))
                0x00002000                _Min_Heap_Size = 0x2000
                0x00002000                _Min_Stack_Size = 0x2000

.isr_vector     0x08000000      0x188
                0x08000000                . = ALIGN (0x4)
 *(.isr_vector)
 .isr_vector    0x08000000      0x188 build/startup_stm32f407xx.o
                0x08000000                g_pfnVectors
                0x08000188                . = ALIGN (0x4)

.text           0x08000188     0x2700
                0x08000188                . = ALIGN (0x4)
 *(.text)
 .text          0x08000188       0x40 c:/program files (x86)/gnu arm embedded toolchain/10 2021.10/bin/../lib/gcc/arm-none-eabi/10.3.1/thumb/v7e-m+fp/hard/crtbegin.o
 .text          0x080001c8       0x30 c:/program files (x86)/gnu arm embedded toolchain/10 2021.10/bin/../lib/gcc/arm-none-eabi/10.3.1/thumb/v7e-m+fp/hard\libgcc.a(_aeabi_uldivmod.o)
                0x080001c8                __aeabi_uldivmod
 .text          0x080001f8      0x2d0 c:/program files (x86)/gnu arm embedded toolchain/10 2021.10/bin/../lib/gcc/arm-none-eabi/10.3.1/thumb/v7e-m+fp/hard\libgcc.a(_udivmoddi4.o)
                0x080001f8                __udivmoddi4
 .text          0x080004c8        0x4 c:/program files (x86)/gnu arm embedded toolchain/10 2021.10/bin/../lib/gcc/arm-none-eabi/10.3.1/thumb/v7e-m+fp/hard\libgcc.a(_dvmd_tls.o)
                0x080004c8                __aeabi_idiv0
                0x080004c8                __aeabi_ldiv0
 *(.text*)
 .text.fire_task_init
                0x080004cc       0xdc build/main.o
                0x080004cc                fire_task_init
 .text.fire_behaviour_choose
                0x080005a8       0x68 build/main.o
                0x080005a8                fire_behaviour_choose
 .text.fire_pid_calculate
                0x08000610       0x48 build/main.o
                0x08000610                fire_pid_calculate
 .text.Error_Handler
                0x08000658        0x4 build/main.o
                0x08000658                Error_Handler
 .text.SystemClock_Config
                0x0800065c       0xa8 build/main.o
                0x0800065c                SystemClock_Config
 .text.main     0x08000704       0x58 build/main.o
                0x08000704                main
 .text.MX_GPIO_Init
                0x0800075c       0x80 build/gpio.o
                0x0800075c                MX_GPIO_Init
 .text.MX_CAN1_Init
                0x080007dc       0x44 build/can.o
                0x080007dc                MX_CAN1_Init
 .text.MX_CAN2_Init
                0x08000820       0x44 build/can.o
                0x08000820                MX_CAN2_Init
 .text.HAL_CAN_MspInit
                0x08000864      0x124 build/can.o
                0x08000864                HAL_CAN_MspInit
 .text.NMI_Handler
                0x08000988        0x2 build/stm32f4xx_it.o
                0x08000988                NMI_Handler
 .text.HardFault_Handler
                0x0800098a        0x2 build/stm32f4xx_it.o
                0x0800098a                HardFault_Handler
 .text.MemManage_Handler
                0x0800098c        0x2 build/stm32f4xx_it.o
                0x0800098c                MemManage_Handler
 .text.BusFault_Handler
                0x0800098e        0x2 build/stm32f4xx_it.o
                0x0800098e                BusFault_Handler
 .text.UsageFault_Handler
                0x08000990        0x2 build/stm32f4xx_it.o
                0x08000990                UsageFault_Handler
 .text.SVC_Handler
                0x08000992        0x2 build/stm32f4xx_it.o
                0x08000992                SVC_Handler
 .text.DebugMon_Handler
                0x08000994        0x2 build/stm32f4xx_it.o
                0x08000994                DebugMon_Handler
 .text.PendSV_Handler
                0x08000996        0x2 build/stm32f4xx_it.o
                0x08000996                PendSV_Handler
 .text.SysTick_Handler
                0x08000998        0x8 build/stm32f4xx_it.o
                0x08000998                SysTick_Handler
 .text.CAN1_RX0_IRQHandler
                0x080009a0       0x10 build/stm32f4xx_it.o
                0x080009a0                CAN1_RX0_IRQHandler
 .text.CAN2_RX0_IRQHandler
                0x080009b0       0x10 build/stm32f4xx_it.o
                0x080009b0                CAN2_RX0_IRQHandler
 .text.HAL_MspInit
                0x080009c0       0x38 build/stm32f4xx_hal_msp.o
                0x080009c0                HAL_MspInit
 .text.HAL_CAN_Init
                0x080009f8      0x14c build/stm32f4xx_hal_can.o
                0x080009f8                HAL_CAN_Init
 .text.HAL_CAN_ConfigFilter
                0x08000b44      0x138 build/stm32f4xx_hal_can.o
                0x08000b44                HAL_CAN_ConfigFilter
 .text.HAL_CAN_Start
                0x08000c7c       0x5c build/stm32f4xx_hal_can.o
                0x08000c7c                HAL_CAN_Start
 .text.HAL_CAN_AddTxMessage
                0x08000cd8       0xea build/stm32f4xx_hal_can.o
                0x08000cd8                HAL_CAN_AddTxMessage
 .text.HAL_CAN_GetRxMessage
                0x08000dc2      0x16a build/stm32f4xx_hal_can.o
                0x08000dc2                HAL_CAN_GetRxMessage
 .text.HAL_CAN_ActivateNotification
                0x08000f2c       0x24 build/stm32f4xx_hal_can.o
                0x08000f2c                HAL_CAN_ActivateNotification
 .text.HAL_CAN_TxMailbox0CompleteCallback
                0x08000f50        0x2 build/stm32f4xx_hal_can.o
                0x08000f50                HAL_CAN_TxMailbox0CompleteCallback
 .text.HAL_CAN_TxMailbox1CompleteCallback
                0x08000f52        0x2 build/stm32f4xx_hal_can.o
                0x08000f52                HAL_CAN_TxMailbox1CompleteCallback
 .text.HAL_CAN_TxMailbox2CompleteCallback
                0x08000f54        0x2 build/stm32f4xx_hal_can.o
                0x08000f54                HAL_CAN_TxMailbox2CompleteCallback
 .text.HAL_CAN_TxMailbox0AbortCallback
                0x08000f56        0x2 build/stm32f4xx_hal_can.o
                0x08000f56                HAL_CAN_TxMailbox0AbortCallback
 .text.HAL_CAN_TxMailbox1AbortCallback
                0x08000f58        0x2 build/stm32f4xx_hal_can.o
                0x08000f58                HAL_CAN_TxMailbox1AbortCallback
 .text.HAL_CAN_TxMailbox2AbortCallback
                0x08000f5a        0x2 build/stm32f4xx_hal_can.o
                0x08000f5a                HAL_CAN_TxMailbox2AbortCallback
 .text.HAL_CAN_RxFifo0FullCallback
                0x08000f5c        0x2 build/stm32f4xx_hal_can.o
                0x08000f5c                HAL_CAN_RxFifo0FullCallback
 .text.HAL_CAN_RxFifo1MsgPendingCallback
                0x08000f5e        0x2 build/stm32f4xx_hal_can.o
                0x08000f5e                HAL_CAN_RxFifo1MsgPendingCallback
 .text.HAL_CAN_RxFifo1FullCallback
                0x08000f60        0x2 build/stm32f4xx_hal_can.o
                0x08000f60                HAL_CAN_RxFifo1FullCallback
 .text.HAL_CAN_SleepCallback
                0x08000f62        0x2 build/stm32f4xx_hal_can.o
                0x08000f62                HAL_CAN_SleepCallback
 .text.HAL_CAN_WakeUpFromRxMsgCallback
                0x08000f64        0x2 build/stm32f4xx_hal_can.o
                0x08000f64                HAL_CAN_WakeUpFromRxMsgCallback
 .text.HAL_CAN_ErrorCallback
                0x08000f66        0x2 build/stm32f4xx_hal_can.o
                0x08000f66                HAL_CAN_ErrorCallback
 .text.HAL_CAN_IRQHandler
                0x08000f68      0x24a build/stm32f4xx_hal_can.o
                0x08000f68                HAL_CAN_IRQHandler
 *fill*         0x080011b2        0x2 
 .text.HAL_RCC_OscConfig
                0x080011b4      0x3f8 build/stm32f4xx_hal_rcc.o
                0x080011b4                HAL_RCC_OscConfig
 .text.HAL_RCC_GetSysClockFreq
                0x080015ac       0xd4 build/stm32f4xx_hal_rcc.o
                0x080015ac                HAL_RCC_GetSysClockFreq
 .text.HAL_RCC_ClockConfig
                0x08001680      0x160 build/stm32f4xx_hal_rcc.o
                0x08001680                HAL_RCC_ClockConfig
 .text.HAL_GPIO_Init
                0x080017e0      0x1e4 build/stm32f4xx_hal_gpio.o
                0x080017e0                HAL_GPIO_Init
 .text.HAL_GPIO_ReadPin
                0x080019c4        0xe build/stm32f4xx_hal_gpio.o
                0x080019c4                HAL_GPIO_ReadPin
 *fill*         0x080019d2        0x2 
 .text.HAL_NVIC_SetPriorityGrouping
                0x080019d4       0x24 build/stm32f4xx_hal_cortex.o
                0x080019d4                HAL_NVIC_SetPriorityGrouping
 .text.HAL_NVIC_SetPriority
                0x080019f8       0x70 build/stm32f4xx_hal_cortex.o
                0x080019f8                HAL_NVIC_SetPriority
 .text.HAL_NVIC_EnableIRQ
                0x08001a68       0x1c build/stm32f4xx_hal_cortex.o
                0x08001a68                HAL_NVIC_EnableIRQ
 .text.HAL_SYSTICK_Config
                0x08001a84       0x28 build/stm32f4xx_hal_cortex.o
                0x08001a84                HAL_SYSTICK_Config
 .text.HAL_InitTick
                0x08001aac       0x4c build/stm32f4xx_hal.o
                0x08001aac                HAL_InitTick
 .text.HAL_Init
                0x08001af8       0x34 build/stm32f4xx_hal.o
                0x08001af8                HAL_Init
 .text.HAL_IncTick
                0x08001b2c       0x18 build/stm32f4xx_hal.o
                0x08001b2c                HAL_IncTick
 .text.HAL_GetTick
                0x08001b44        0xc build/stm32f4xx_hal.o
                0x08001b44                HAL_GetTick
 .text.HAL_Delay
                0x08001b50       0x28 build/stm32f4xx_hal.o
                0x08001b50                HAL_Delay
 .text.SystemInit
                0x08001b78       0x14 build/system_stm32f4xx.o
                0x08001b78                SystemInit
 .text.first_order_filter
                0x08001b8c       0x2a build/pid.o
 .text.f_Derivative_On_Measurement
                0x08001bb6       0x4a build/pid.o
 .text.f_StepIn
                0x08001c00       0x5c build/pid.o
 .text.f_Separated_Integral
                0x08001c5c       0x26 build/pid.o
 .text.f_Integral_Limit
                0x08001c82       0x2e build/pid.o
 .text.Changing_Integration_Rate
                0x08001cb0       0x50 build/pid.o
 .text.f_Output_Limit
                0x08001d00       0x2e build/pid.o
 .text.PidInit  0x08001d2e       0x2a build/pid.o
                0x08001d2e                PidInit
 .text.PidInitMode
                0x08001d58       0x7e build/pid.o
                0x08001d58                PidInitMode
 .text.pid_clear
                0x08001dd6       0x24 build/pid.o
                0x08001dd6                pid_clear
 .text.PidCalculate
                0x08001dfa      0x14a build/pid.o
                0x08001dfa                PidCalculate
 .text.motor_speed_control
                0x08001f44       0x12 build/pid.o
                0x08001f44                motor_speed_control
 *fill*         0x08001f56        0x2 
 .text.ECF_CAN_Init
                0x08001f58       0xd4 build/bsp_can.o
                0x08001f58                ECF_CAN_Init
 .text.ECF_CAN_Rx_Callback_Register
                0x0800202c       0x4c build/bsp_can.o
                0x0800202c                ECF_CAN_Rx_Callback_Register
 .text.HAL_CAN_RxFifo0MsgPendingCallback
                0x08002078       0x94 build/bsp_can.o
                0x08002078                HAL_CAN_RxFifo0MsgPendingCallback
 .text.Encoder_Struct_Zero
                0x0800210c        0xc build/bsp_Motor_Encoder.o
                0x0800210c                Encoder_Struct_Zero
 .text.Encoder_Init
                0x08002118       0x70 build/bsp_Motor_Encoder.o
                0x08002118                Encoder_Init
 .text.Block_Detect
                0x08002188       0x48 build/bsp_Motor_Encoder.o
                0x08002188                Block_Detect
 .text.angle_limiting_int16
                0x080021d0       0x1e build/bsp_Motor_Encoder.o
                0x080021d0                angle_limiting_int16
 *fill*         0x080021ee        0x2 
 .text.CAN_DATA_Encoder_Deal
                0x080021f0       0xf0 build/bsp_Motor_Encoder.o
                0x080021f0                CAN_DATA_Encoder_Deal
 .text.DJIMotor_Set_val
                0x080022e0       0x1c build/DJI_Motor.o
                0x080022e0                DJIMotor_Set_val
 .text.DJIMotor_Send_Group
                0x080022fc      0x12c build/DJI_Motor.o
                0x080022fc                DJIMotor_Send_Group
 .text.DJIMotor_Send
                0x08002428       0x40 build/DJI_Motor.o
                0x08002428                DJIMotor_Send
 .text.DJIMotor_Data_Deal
                0x08002468       0x50 build/DJI_Motor.o
                0x08002468                DJIMotor_Data_Deal
 .text.DJIMotor_Call_Back
                0x080024b8       0xd4 build/DJI_Motor.o
                0x080024b8                DJIMotor_Call_Back
 .text.DJIMotor_Can1_Call_Back
                0x0800258c       0x14 build/DJI_Motor.o
                0x0800258c                DJIMotor_Can1_Call_Back
 .text.DJIMotor_Can2_Call_Back
                0x080025a0       0x14 build/DJI_Motor.o
                0x080025a0                DJIMotor_Can2_Call_Back
 .text.DJIMotor_CAN_Recive_init
                0x080025b4       0x24 build/DJI_Motor.o
                0x080025b4                DJIMotor_CAN_Recive_init
 .text.DJIMotor_Init
                0x080025d8      0x1ec build/DJI_Motor.o
                0x080025d8                DJIMotor_Init
 .text.Reset_Handler
                0x080027c4       0x50 build/startup_stm32f407xx.o
                0x080027c4                Reset_Handler
 .text.Default_Handler
                0x08002814        0x2 build/startup_stm32f407xx.o
                0x08002814                RTC_Alarm_IRQHandler
                0x08002814                HASH_RNG_IRQHandler
                0x08002814                EXTI2_IRQHandler
                0x08002814                TIM8_CC_IRQHandler
                0x08002814                TIM1_CC_IRQHandler
                0x08002814                DMA2_Stream5_IRQHandler
                0x08002814                DMA1_Stream5_IRQHandler
                0x08002814                PVD_IRQHandler
                0x08002814                SDIO_IRQHandler
                0x08002814                TAMP_STAMP_IRQHandler
                0x08002814                CAN2_RX1_IRQHandler
                0x08002814                EXTI3_IRQHandler
                0x08002814                TIM8_TRG_COM_TIM14_IRQHandler
                0x08002814                TIM1_UP_TIM10_IRQHandler
                0x08002814                TIM8_UP_TIM13_IRQHandler
                0x08002814                I2C3_ER_IRQHandler
                0x08002814                EXTI0_IRQHandler
                0x08002814                I2C2_EV_IRQHandler
                0x08002814                DMA1_Stream2_IRQHandler
                0x08002814                FPU_IRQHandler
                0x08002814                OTG_HS_WKUP_IRQHandler
                0x08002814                CAN2_SCE_IRQHandler
                0x08002814                DMA2_Stream2_IRQHandler
                0x08002814                SPI1_IRQHandler
                0x08002814                TIM6_DAC_IRQHandler
                0x08002814                TIM1_BRK_TIM9_IRQHandler
                0x08002814                DCMI_IRQHandler
                0x08002814                DMA2_Stream3_IRQHandler
                0x08002814                USART6_IRQHandler
                0x08002814                USART3_IRQHandler
                0x08002814                CAN1_RX1_IRQHandler
                0x08002814                UART5_IRQHandler
                0x08002814                DMA2_Stream0_IRQHandler
                0x08002814                TIM4_IRQHandler
                0x08002814                I2C1_EV_IRQHandler
                0x08002814                DMA1_Stream6_IRQHandler
                0x08002814                DMA1_Stream1_IRQHandler
                0x08002814                UART4_IRQHandler
                0x08002814                TIM3_IRQHandler
                0x08002814                RCC_IRQHandler
                0x08002814                TIM8_BRK_TIM12_IRQHandler
                0x08002814                Default_Handler
                0x08002814                EXTI15_10_IRQHandler
                0x08002814                ADC_IRQHandler
                0x08002814                DMA1_Stream7_IRQHandler
                0x08002814                TIM7_IRQHandler
                0x08002814                CAN2_TX_IRQHandler
                0x08002814                TIM5_IRQHandler
                0x08002814                DMA2_Stream7_IRQHandler
                0x08002814                I2C3_EV_IRQHandler
                0x08002814                EXTI9_5_IRQHandler
                0x08002814                RTC_WKUP_IRQHandler
                0x08002814                ETH_WKUP_IRQHandler
                0x08002814                SPI2_IRQHandler
                0x08002814                OTG_HS_EP1_IN_IRQHandler
                0x08002814                DMA1_Stream0_IRQHandler
                0x08002814                CAN1_TX_IRQHandler
                0x08002814                EXTI4_IRQHandler
                0x08002814                FSMC_IRQHandler
                0x08002814                ETH_IRQHandler
                0x08002814                OTG_HS_EP1_OUT_IRQHandler
                0x08002814                WWDG_IRQHandler
                0x08002814                TIM2_IRQHandler
                0x08002814                OTG_FS_WKUP_IRQHandler
                0x08002814                TIM1_TRG_COM_TIM11_IRQHandler
                0x08002814                OTG_HS_IRQHandler
                0x08002814                EXTI1_IRQHandler
                0x08002814                USART2_IRQHandler
                0x08002814                I2C2_ER_IRQHandler
                0x08002814                DMA2_Stream1_IRQHandler
                0x08002814                CAN1_SCE_IRQHandler
                0x08002814                FLASH_IRQHandler
                0x08002814                DMA2_Stream4_IRQHandler
                0x08002814                USART1_IRQHandler
                0x08002814                OTG_FS_IRQHandler
                0x08002814                SPI3_IRQHandler
                0x08002814                DMA1_Stream4_IRQHandler
                0x08002814                I2C1_ER_IRQHandler
                0x08002814                DMA2_Stream6_IRQHandler
                0x08002814                DMA1_Stream3_IRQHandler
 *fill*         0x08002816        0x2 
 .text.__libc_init_array
                0x08002818       0x48 c:/program files (x86)/gnu arm embedded toolchain/10 2021.10/bin/../lib/gcc/arm-none-eabi/10.3.1/../../../../arm-none-eabi/lib/thumb/v7e-m+fp/hard\libc_nano.a(lib_a-init.o)
                0x08002818                __libc_init_array
 .text.memset   0x08002860       0x10 c:/program files (x86)/gnu arm embedded toolchain/10 2021.10/bin/../lib/gcc/arm-none-eabi/10.3.1/../../../../arm-none-eabi/lib/thumb/v7e-m+fp/hard\libc_nano.a(lib_a-memset.o)
                0x08002860                memset
 *(.glue_7)
 .glue_7        0x08002870        0x0 linker stubs
 *(.glue_7t)
 .glue_7t       0x08002870        0x0 linker stubs
 *(.eh_frame)
 .eh_frame      0x08002870        0x0 c:/program files (x86)/gnu arm embedded toolchain/10 2021.10/bin/../lib/gcc/arm-none-eabi/10.3.1/thumb/v7e-m+fp/hard/crtbegin.o
 *(.init)
 .init          0x08002870        0x4 c:/program files (x86)/gnu arm embedded toolchain/10 2021.10/bin/../lib/gcc/arm-none-eabi/10.3.1/thumb/v7e-m+fp/hard/crti.o
                0x08002870                _init
 .init          0x08002874        0x8 c:/program files (x86)/gnu arm embedded toolchain/10 2021.10/bin/../lib/gcc/arm-none-eabi/10.3.1/thumb/v7e-m+fp/hard/crtn.o
 *(.fini)
 .fini          0x0800287c        0x4 c:/program files (x86)/gnu arm embedded toolchain/10 2021.10/bin/../lib/gcc/arm-none-eabi/10.3.1/thumb/v7e-m+fp/hard/crti.o
                0x0800287c                _fini
 .fini          0x08002880        0x8 c:/program files (x86)/gnu arm embedded toolchain/10 2021.10/bin/../lib/gcc/arm-none-eabi/10.3.1/thumb/v7e-m+fp/hard/crtn.o
                0x08002888                . = ALIGN (0x4)
                0x08002888                _etext = .

.vfp11_veneer   0x08002888        0x0
 .vfp11_veneer  0x08002888        0x0 linker stubs

.v4_bx          0x08002888        0x0
 .v4_bx         0x08002888        0x0 linker stubs

.iplt           0x08002888        0x0
 .iplt          0x08002888        0x0 c:/program files (x86)/gnu arm embedded toolchain/10 2021.10/bin/../lib/gcc/arm-none-eabi/10.3.1/thumb/v7e-m+fp/hard/crtbegin.o

.rodata         0x08002888       0x10
                0x08002888                . = ALIGN (0x4)
 *(.rodata)
 *(.rodata*)
 .rodata.AHBPrescTable
                0x08002888       0x10 build/system_stm32f4xx.o
                0x08002888                AHBPrescTable
                0x08002898                . = ALIGN (0x4)

.ARM.extab
 *(.ARM.extab* .gnu.linkonce.armextab.*)

.ARM            0x08002898        0x8
                0x08002898                __exidx_start = .
 *(.ARM.exidx*)
 .ARM.exidx     0x08002898        0x8 c:/program files (x86)/gnu arm embedded toolchain/10 2021.10/bin/../lib/gcc/arm-none-eabi/10.3.1/thumb/v7e-m+fp/hard\libgcc.a(_udivmoddi4.o)
                0x080028a0                __exidx_end = .

.rel.dyn        0x080028a0        0x0
 .rel.iplt      0x080028a0        0x0 c:/program files (x86)/gnu arm embedded toolchain/10 2021.10/bin/../lib/gcc/arm-none-eabi/10.3.1/thumb/v7e-m+fp/hard/crtbegin.o

.preinit_array  0x080028a0        0x0
                0x080028a0                PROVIDE (__preinit_array_start = .)
 *(.preinit_array*)
                0x080028a0                PROVIDE (__preinit_array_end = .)

.init_array     0x080028a0        0x4
                0x080028a0                PROVIDE (__init_array_start = .)
 *(SORT_BY_NAME(.init_array.*))
 *(.init_array*)
 .init_array    0x080028a0        0x4 c:/program files (x86)/gnu arm embedded toolchain/10 2021.10/bin/../lib/gcc/arm-none-eabi/10.3.1/thumb/v7e-m+fp/hard/crtbegin.o
                0x080028a4                PROVIDE (__init_array_end = .)

.fini_array     0x080028a4        0x4
                [!provide]                PROVIDE (__fini_array_start = .)
 *(SORT_BY_NAME(.fini_array.*))
 *(.fini_array*)
 .fini_array    0x080028a4        0x4 c:/program files (x86)/gnu arm embedded toolchain/10 2021.10/bin/../lib/gcc/arm-none-eabi/10.3.1/thumb/v7e-m+fp/hard/crtbegin.o
                [!provide]                PROVIDE (__fini_array_end = .)
                0x080028a8                _sidata = LOADADDR (.data)

.data           0x20000000       0x14 load address 0x080028a8
                0x20000000                . = ALIGN (0x4)
                0x20000000                _sdata = .
 *(.data)
 *(.data*)
 .data.uwTickFreq
                0x20000000        0x1 build/stm32f4xx_hal.o
                0x20000000                uwTickFreq
 *fill*         0x20000001        0x3 
 .data.uwTickPrio
                0x20000004        0x4 build/stm32f4xx_hal.o
                0x20000004                uwTickPrio
 .data.SystemCoreClock
                0x20000008        0x4 build/system_stm32f4xx.o
                0x20000008                SystemCoreClock
 .data.RX_ID_205_208_type
                0x2000000c        0x8 build/DJI_Motor.o
                0x20000014                . = ALIGN (0x4)
                0x20000014                _edata = .
                0x080028bc                _siccmram = LOADADDR (.ccmram)

.igot.plt       0x20000014        0x0 load address 0x080028bc
 .igot.plt      0x20000014        0x0 c:/program files (x86)/gnu arm embedded toolchain/10 2021.10/bin/../lib/gcc/arm-none-eabi/10.3.1/thumb/v7e-m+fp/hard/crtbegin.o

.ccmram         0x10000000        0x0 load address 0x080028bc
                0x10000000                . = ALIGN (0x4)
                0x10000000                _sccmram = .
 *(.ccmram)
 *(.ccmram*)
                0x10000000                . = ALIGN (0x4)
                0x10000000                _eccmram = .
                0x10000000                . = ALIGN (0x4)

.bss            0x20000014     0x1cd0
                0x20000014                _sbss = .
                0x20000014                __bss_start__ = _sbss
 *(.bss)
 .bss           0x20000014       0x1c c:/program files (x86)/gnu arm embedded toolchain/10 2021.10/bin/../lib/gcc/arm-none-eabi/10.3.1/thumb/v7e-m+fp/hard/crtbegin.o
 *(.bss*)
 .bss.Fire      0x20000030        0x8 build/main.o
                0x20000030                Fire
 .bss.fire_set  0x20000038        0x1 build/main.o
                0x20000038                fire_set
 *fill*         0x20000039        0x1 
 .bss.left_speed
                0x2000003a        0x2 build/main.o
                0x2000003a                left_speed
 .bss.right_speed
                0x2000003c        0x2 build/main.o
                0x2000003c                right_speed
 *fill*         0x2000003e        0x2 
 .bss.HAL_RCC_CAN1_CLK_ENABLED
                0x20000040        0x4 build/can.o
 .bss.hcan1     0x20000044       0x28 build/can.o
                0x20000044                hcan1
 .bss.hcan2     0x2000006c       0x28 build/can.o
                0x2000006c                hcan2
 .bss.uwTick    0x20000094        0x4 build/stm32f4xx_hal.o
                0x20000094                uwTick
 .bss.CAN_rx_callback
                0x20000098      0x280 build/bsp_can.o
 .bss.NUM_of_can_and_id_type
                0x20000318        0x4 build/bsp_can.o
                0x20000318                NUM_of_can_and_id_type
 .bss.ALL_Motor
                0x2000031c     0x1940 build/DJI_Motor.o
                0x2000031c                ALL_Motor
 .bss.CAN_TxHeader_DJI
                0x20001c5c       0x18 build/DJI_Motor.o
 .bss.DJIMotor_CallBack_Init_Flag
                0x20001c74        0x1 build/DJI_Motor.o
 *fill*         0x20001c75        0x3 
 .bss.DJI_Motor_Tx_Data
                0x20001c78        0x8 build/DJI_Motor.o
 .bss.Ground    0x20001c80       0x60 build/DJI_Motor.o
 .bss.send_mail_box
                0x20001ce0        0x4 build/DJI_Motor.o
 *(COMMON)
                0x20001ce4                . = ALIGN (0x4)
                0x20001ce4                _ebss = .
                0x20001ce4                __bss_end__ = _ebss

._user_heap_stack
                0x20001ce4     0x4004
                0x20001ce8                . = ALIGN (0x8)
 *fill*         0x20001ce4        0x4 
                [!provide]                PROVIDE (end = .)
                0x20001ce8                PROVIDE (_end = .)
                0x20003ce8                . = (. + _Min_Heap_Size)
 *fill*         0x20001ce8     0x2000 
                0x20005ce8                . = (. + _Min_Stack_Size)
 *fill*         0x20003ce8     0x2000 
                0x20005ce8                . = ALIGN (0x8)

/DISCARD/
 libc.a(*)
 libm.a(*)
 libgcc.a(*)

.ARM.attributes
                0x00000000       0x30
 *(.ARM.attributes)
 .ARM.attributes
                0x00000000       0x1e c:/program files (x86)/gnu arm embedded toolchain/10 2021.10/bin/../lib/gcc/arm-none-eabi/10.3.1/thumb/v7e-m+fp/hard/crti.o
 .ARM.attributes
                0x0000001e       0x34 c:/program files (x86)/gnu arm embedded toolchain/10 2021.10/bin/../lib/gcc/arm-none-eabi/10.3.1/thumb/v7e-m+fp/hard/crtbegin.o
 .ARM.attributes
                0x00000052       0x34 build/main.o
 .ARM.attributes
                0x00000086       0x34 build/gpio.o
 .ARM.attributes
                0x000000ba       0x34 build/can.o
 .ARM.attributes
                0x000000ee       0x34 build/stm32f4xx_it.o
 .ARM.attributes
                0x00000122       0x34 build/stm32f4xx_hal_msp.o
 .ARM.attributes
                0x00000156       0x34 build/stm32f4xx_hal_can.o
 .ARM.attributes
                0x0000018a       0x34 build/stm32f4xx_hal_rcc.o
 .ARM.attributes
                0x000001be       0x34 build/stm32f4xx_hal_gpio.o
 .ARM.attributes
                0x000001f2       0x34 build/stm32f4xx_hal_cortex.o
 .ARM.attributes
                0x00000226       0x34 build/stm32f4xx_hal.o
 .ARM.attributes
                0x0000025a       0x34 build/system_stm32f4xx.o
 .ARM.attributes
                0x0000028e       0x34 build/pid.o
 .ARM.attributes
                0x000002c2       0x34 build/bsp_can.o
 .ARM.attributes
                0x000002f6       0x34 build/bsp_Motor_Encoder.o
 .ARM.attributes
                0x0000032a       0x34 build/DJI_Motor.o
 .ARM.attributes
                0x0000035e       0x21 build/startup_stm32f407xx.o
 .ARM.attributes
                0x0000037f       0x34 c:/program files (x86)/gnu arm embedded toolchain/10 2021.10/bin/../lib/gcc/arm-none-eabi/10.3.1/../../../../arm-none-eabi/lib/thumb/v7e-m+fp/hard\libc_nano.a(lib_a-init.o)
 .ARM.attributes
                0x000003b3       0x34 c:/program files (x86)/gnu arm embedded toolchain/10 2021.10/bin/../lib/gcc/arm-none-eabi/10.3.1/../../../../arm-none-eabi/lib/thumb/v7e-m+fp/hard\libc_nano.a(lib_a-memset.o)
 .ARM.attributes
                0x000003e7       0x1e c:/program files (x86)/gnu arm embedded toolchain/10 2021.10/bin/../lib/gcc/arm-none-eabi/10.3.1/thumb/v7e-m+fp/hard\libgcc.a(_aeabi_uldivmod.o)
 .ARM.attributes
                0x00000405       0x34 c:/program files (x86)/gnu arm embedded toolchain/10 2021.10/bin/../lib/gcc/arm-none-eabi/10.3.1/thumb/v7e-m+fp/hard\libgcc.a(_udivmoddi4.o)
 .ARM.attributes
                0x00000439       0x1e c:/program files (x86)/gnu arm embedded toolchain/10 2021.10/bin/../lib/gcc/arm-none-eabi/10.3.1/thumb/v7e-m+fp/hard\libgcc.a(_dvmd_tls.o)
 .ARM.attributes
                0x00000457       0x1e c:/program files (x86)/gnu arm embedded toolchain/10 2021.10/bin/../lib/gcc/arm-none-eabi/10.3.1/thumb/v7e-m+fp/hard/crtn.o
OUTPUT(build/Fire_Test.elf elf32-littlearm)
LOAD linker stubs
LOAD c:/program files (x86)/gnu arm embedded toolchain/10 2021.10/bin/../lib/gcc/arm-none-eabi/10.3.1/../../../../arm-none-eabi/lib/thumb/v7e-m+fp/hard\libc.a
LOAD c:/program files (x86)/gnu arm embedded toolchain/10 2021.10/bin/../lib/gcc/arm-none-eabi/10.3.1/../../../../arm-none-eabi/lib/thumb/v7e-m+fp/hard\libm.a
LOAD c:/program files (x86)/gnu arm embedded toolchain/10 2021.10/bin/../lib/gcc/arm-none-eabi/10.3.1/thumb/v7e-m+fp/hard\libgcc.a

.debug_info     0x00000000     0xb377
 .debug_info    0x00000000     0x151b build/main.o
 .debug_info    0x0000151b      0x499 build/gpio.o
 .debug_info    0x000019b4      0xd94 build/can.o
 .debug_info    0x00002748      0x622 build/stm32f4xx_it.o
 .debug_info    0x00002d6a      0x2eb build/stm32f4xx_hal_msp.o
 .debug_info    0x00003055     0x13e5 build/stm32f4xx_hal_can.o
 .debug_info    0x0000443a      0xbe6 build/stm32f4xx_hal_rcc.o
 .debug_info    0x00005020      0x848 build/stm32f4xx_hal_gpio.o
 .debug_info    0x00005868     0x11c6 build/stm32f4xx_hal_cortex.o
 .debug_info    0x00006a2e      0xacf build/stm32f4xx_hal.o
 .debug_info    0x000074fd      0x5b3 build/system_stm32f4xx.o
 .debug_info    0x00007ab0      0x8a9 build/pid.o
 .debug_info    0x00008359      0xfaa build/bsp_can.o
 .debug_info    0x00009303      0xc49 build/bsp_Motor_Encoder.o
 .debug_info    0x00009f4c     0x1409 build/DJI_Motor.o
 .debug_info    0x0000b355       0x22 build/startup_stm32f407xx.o

.debug_abbrev   0x00000000     0x1f64
 .debug_abbrev  0x00000000      0x23f build/main.o
 .debug_abbrev  0x0000023f      0x128 build/gpio.o
 .debug_abbrev  0x00000367      0x1c7 build/can.o
 .debug_abbrev  0x0000052e      0x166 build/stm32f4xx_it.o
 .debug_abbrev  0x00000694       0xd3 build/stm32f4xx_hal_msp.o
 .debug_abbrev  0x00000767      0x27d build/stm32f4xx_hal_can.o
 .debug_abbrev  0x000009e4      0x2aa build/stm32f4xx_hal_rcc.o
 .debug_abbrev  0x00000c8e      0x22b build/stm32f4xx_hal_gpio.o
 .debug_abbrev  0x00000eb9      0x379 build/stm32f4xx_hal_cortex.o
 .debug_abbrev  0x00001232      0x209 build/stm32f4xx_hal.o
 .debug_abbrev  0x0000143b      0x11b build/system_stm32f4xx.o
 .debug_abbrev  0x00001556      0x20b build/pid.o
 .debug_abbrev  0x00001761      0x26e build/bsp_can.o
 .debug_abbrev  0x000019cf      0x26b build/bsp_Motor_Encoder.o
 .debug_abbrev  0x00001c3a      0x318 build/DJI_Motor.o
 .debug_abbrev  0x00001f52       0x12 build/startup_stm32f407xx.o

.debug_loc      0x00000000     0x40df
 .debug_loc     0x00000000      0x11a build/main.o
 .debug_loc     0x0000011a       0x38 build/gpio.o
 .debug_loc     0x00000152      0x16f build/can.o
 .debug_loc     0x000002c1       0x60 build/stm32f4xx_it.o
 .debug_loc     0x00000321       0x2c build/stm32f4xx_hal_msp.o
 .debug_loc     0x0000034d      0xf51 build/stm32f4xx_hal_can.o
 .debug_loc     0x0000129e      0x6e4 build/stm32f4xx_hal_rcc.o
 .debug_loc     0x00001982      0x5e8 build/stm32f4xx_hal_gpio.o
 .debug_loc     0x00001f6a      0x7a4 build/stm32f4xx_hal_cortex.o
 .debug_loc     0x0000270e      0x1e1 build/stm32f4xx_hal.o
 .debug_loc     0x000028ef      0x158 build/system_stm32f4xx.o
 .debug_loc     0x00002a47      0x4e6 build/pid.o
 .debug_loc     0x00002f2d      0x2cc build/bsp_can.o
 .debug_loc     0x000031f9      0x5f0 build/bsp_Motor_Encoder.o
 .debug_loc     0x000037e9      0x8f6 build/DJI_Motor.o

.debug_aranges  0x00000000      0x6f0
 .debug_aranges
                0x00000000       0x48 build/main.o
 .debug_aranges
                0x00000048       0x20 build/gpio.o
 .debug_aranges
                0x00000068       0x38 build/can.o
 .debug_aranges
                0x000000a0       0x70 build/stm32f4xx_it.o
 .debug_aranges
                0x00000110       0x20 build/stm32f4xx_hal_msp.o
 .debug_aranges
                0x00000130      0x138 build/stm32f4xx_hal_can.o
 .debug_aranges
                0x00000268       0x88 build/stm32f4xx_hal_rcc.o
 .debug_aranges
                0x000002f0       0x58 build/stm32f4xx_hal_gpio.o
 .debug_aranges
                0x00000348       0xc0 build/stm32f4xx_hal_cortex.o
 .debug_aranges
                0x00000408       0xf0 build/stm32f4xx_hal.o
 .debug_aranges
                0x000004f8       0x28 build/system_stm32f4xx.o
 .debug_aranges
                0x00000520       0x88 build/pid.o
 .debug_aranges
                0x000005a8       0x38 build/bsp_can.o
 .debug_aranges
                0x000005e0       0x60 build/bsp_Motor_Encoder.o
 .debug_aranges
                0x00000640       0x88 build/DJI_Motor.o
 .debug_aranges
                0x000006c8       0x28 build/startup_stm32f407xx.o

.debug_ranges   0x00000000      0x6a0
 .debug_ranges  0x00000000       0x38 build/main.o
 .debug_ranges  0x00000038       0x10 build/gpio.o
 .debug_ranges  0x00000048       0x28 build/can.o
 .debug_ranges  0x00000070       0x60 build/stm32f4xx_it.o
 .debug_ranges  0x000000d0       0x10 build/stm32f4xx_hal_msp.o
 .debug_ranges  0x000000e0      0x140 build/stm32f4xx_hal_can.o
 .debug_ranges  0x00000220       0x90 build/stm32f4xx_hal_rcc.o
 .debug_ranges  0x000002b0       0x48 build/stm32f4xx_hal_gpio.o
 .debug_ranges  0x000002f8      0x110 build/stm32f4xx_hal_cortex.o
 .debug_ranges  0x00000408       0xe0 build/stm32f4xx_hal.o
 .debug_ranges  0x000004e8       0x18 build/system_stm32f4xx.o
 .debug_ranges  0x00000500       0x78 build/pid.o
 .debug_ranges  0x00000578       0x40 build/bsp_can.o
 .debug_ranges  0x000005b8       0x50 build/bsp_Motor_Encoder.o
 .debug_ranges  0x00000608       0x78 build/DJI_Motor.o
 .debug_ranges  0x00000680       0x20 build/startup_stm32f407xx.o

.debug_line     0x00000000     0x5e5b
 .debug_line    0x00000000      0x4ea build/main.o
 .debug_line    0x000004ea      0x1b9 build/gpio.o
 .debug_line    0x000006a3      0x4df build/can.o
 .debug_line    0x00000b82      0x2df build/stm32f4xx_it.o
 .debug_line    0x00000e61      0x16f build/stm32f4xx_hal_msp.o
 .debug_line    0x00000fd0     0x1112 build/stm32f4xx_hal_can.o
 .debug_line    0x000020e2      0xb5d build/stm32f4xx_hal_rcc.o
 .debug_line    0x00002c3f      0x6f5 build/stm32f4xx_hal_gpio.o
 .debug_line    0x00003334      0x7c0 build/stm32f4xx_hal_cortex.o
 .debug_line    0x00003af4      0x579 build/stm32f4xx_hal.o
 .debug_line    0x0000406d      0x264 build/system_stm32f4xx.o
 .debug_line    0x000042d1      0x623 build/pid.o
 .debug_line    0x000048f4      0x3d3 build/bsp_can.o
 .debug_line    0x00004cc7      0x79e build/bsp_Motor_Encoder.o
 .debug_line    0x00005465      0x980 build/DJI_Motor.o
 .debug_line    0x00005de5       0x76 build/startup_stm32f407xx.o

.debug_str      0x00000000     0x2ccb
 .debug_str     0x00000000      0xb3c build/main.o
                                0xc9d (size before relaxing)
 .debug_str     0x00000b3c       0x4e build/gpio.o
                                0x31f (size before relaxing)
 .debug_str     0x00000b8a      0x5a7 build/can.o
                                0xb4e (size before relaxing)
 .debug_str     0x00001131       0xef build/stm32f4xx_it.o
                                0x4f1 (size before relaxing)
 .debug_str     0x00001220       0x29 build/stm32f4xx_hal_msp.o
                                0x29c (size before relaxing)
 .debug_str     0x00001249      0x575 build/stm32f4xx_hal_can.o
                                0xa16 (size before relaxing)
 .debug_str     0x000017be      0x219 build/stm32f4xx_hal_rcc.o
                                0x6e7 (size before relaxing)
 .debug_str     0x000019d7      0x142 build/stm32f4xx_hal_gpio.o
                                0x4c1 (size before relaxing)
 .debug_str     0x00001b19      0x51a build/stm32f4xx_hal_cortex.o
                                0xc56 (size before relaxing)
 .debug_str     0x00002033      0x295 build/stm32f4xx_hal.o
                                0xb3b (size before relaxing)
 .debug_str     0x000022c8       0x47 build/system_stm32f4xx.o
                                0x356 (size before relaxing)
 .debug_str     0x0000230f      0x164 build/pid.o
                                0x50c (size before relaxing)
 .debug_str     0x00002473      0x407 build/bsp_can.o
                                0xa16 (size before relaxing)
 .debug_str     0x0000287a      0x1f2 build/bsp_Motor_Encoder.o
                                0x84b (size before relaxing)
 .debug_str     0x00002a6c      0x23b build/DJI_Motor.o
                                0xbd1 (size before relaxing)
 .debug_str     0x00002ca7       0x24 build/startup_stm32f407xx.o
                                 0x4b (size before relaxing)

.comment        0x00000000       0x49
 .comment       0x00000000       0x49 build/main.o
                                 0x4a (size before relaxing)
 .comment       0x00000049       0x4a build/gpio.o
 .comment       0x00000049       0x4a build/can.o
 .comment       0x00000049       0x4a build/stm32f4xx_it.o
 .comment       0x00000049       0x4a build/stm32f4xx_hal_msp.o
 .comment       0x00000049       0x4a build/stm32f4xx_hal_can.o
 .comment       0x00000049       0x4a build/stm32f4xx_hal_rcc.o
 .comment       0x00000049       0x4a build/stm32f4xx_hal_gpio.o
 .comment       0x00000049       0x4a build/stm32f4xx_hal_cortex.o
 .comment       0x00000049       0x4a build/stm32f4xx_hal.o
 .comment       0x00000049       0x4a build/system_stm32f4xx.o
 .comment       0x00000049       0x4a build/pid.o
 .comment       0x00000049       0x4a build/bsp_can.o
 .comment       0x00000049       0x4a build/bsp_Motor_Encoder.o
 .comment       0x00000049       0x4a build/DJI_Motor.o

.debug_frame    0x00000000      0xfe8
 .debug_frame   0x00000000       0xd4 build/main.o
 .debug_frame   0x000000d4       0x2c build/gpio.o
 .debug_frame   0x00000100       0x78 build/can.o
 .debug_frame   0x00000178       0xd8 build/stm32f4xx_it.o
 .debug_frame   0x00000250       0x28 build/stm32f4xx_hal_msp.o
 .debug_frame   0x00000278      0x2d8 build/stm32f4xx_hal_can.o
 .debug_frame   0x00000550      0x16c build/stm32f4xx_hal_rcc.o
 .debug_frame   0x000006bc       0xd8 build/stm32f4xx_hal_gpio.o
 .debug_frame   0x00000794      0x178 build/stm32f4xx_hal_cortex.o
 .debug_frame   0x0000090c      0x1ec build/stm32f4xx_hal.o
 .debug_frame   0x00000af8       0x30 build/system_stm32f4xx.o
 .debug_frame   0x00000b28      0x13c build/pid.o
 .debug_frame   0x00000c64       0x88 build/bsp_can.o
 .debug_frame   0x00000cec       0xf4 build/bsp_Motor_Encoder.o
 .debug_frame   0x00000de0      0x15c build/DJI_Motor.o
 .debug_frame   0x00000f3c       0x2c c:/program files (x86)/gnu arm embedded toolchain/10 2021.10/bin/../lib/gcc/arm-none-eabi/10.3.1/../../../../arm-none-eabi/lib/thumb/v7e-m+fp/hard\libc_nano.a(lib_a-init.o)
 .debug_frame   0x00000f68       0x20 c:/program files (x86)/gnu arm embedded toolchain/10 2021.10/bin/../lib/gcc/arm-none-eabi/10.3.1/../../../../arm-none-eabi/lib/thumb/v7e-m+fp/hard\libc_nano.a(lib_a-memset.o)
 .debug_frame   0x00000f88       0x2c c:/program files (x86)/gnu arm embedded toolchain/10 2021.10/bin/../lib/gcc/arm-none-eabi/10.3.1/thumb/v7e-m+fp/hard\libgcc.a(_aeabi_uldivmod.o)
 .debug_frame   0x00000fb4       0x34 c:/program files (x86)/gnu arm embedded toolchain/10 2021.10/bin/../lib/gcc/arm-none-eabi/10.3.1/thumb/v7e-m+fp/hard\libgcc.a(_udivmoddi4.o)

Cross Reference Table

Symbol                                            File
ADC_IRQHandler                                    build/startup_stm32f407xx.o
AHBPrescTable                                     build/system_stm32f4xx.o
                                                  build/stm32f4xx_hal_rcc.o
ALL_Motor                                         build/DJI_Motor.o
APBPrescTable                                     build/system_stm32f4xx.o
                                                  build/stm32f4xx_hal_rcc.o
Block_Detect                                      build/bsp_Motor_Encoder.o
Briter_Encoder_Code_Set                           build/bsp_Motor_Encoder.o
BusFault_Handler                                  build/stm32f4xx_it.o
CAN1_RX0_IRQHandler                               build/stm32f4xx_it.o
CAN1_RX1_IRQHandler                               build/startup_stm32f407xx.o
CAN1_SCE_IRQHandler                               build/startup_stm32f407xx.o
CAN1_TX_IRQHandler                                build/startup_stm32f407xx.o
CAN2_RX0_IRQHandler                               build/stm32f4xx_it.o
CAN2_RX1_IRQHandler                               build/startup_stm32f407xx.o
CAN2_SCE_IRQHandler                               build/startup_stm32f407xx.o
CAN2_TX_IRQHandler                                build/startup_stm32f407xx.o
CAN_DATA_Encoder_Deal                             build/bsp_Motor_Encoder.o
                                                  build/DJI_Motor.o
CAN_Encoder                                       build/bsp_Motor_Encoder.o
DCMI_IRQHandler                                   build/startup_stm32f407xx.o
DJIMotor_CAN_Recive_init                          build/DJI_Motor.o
DJIMotor_Call_Back                                build/DJI_Motor.o
DJIMotor_Can1_Call_Back                           build/DJI_Motor.o
DJIMotor_Can2_Call_Back                           build/DJI_Motor.o
DJIMotor_CanRx_Callback                           build/DJI_Motor.o
DJIMotor_Data_Deal                                build/DJI_Motor.o
DJIMotor_Init                                     build/DJI_Motor.o
                                                  build/main.o
DJIMotor_PID_Calc                                 build/DJI_Motor.o
DJIMotor_Send                                     build/DJI_Motor.o
                                                  build/main.o
DJIMotor_Send_Group                               build/DJI_Motor.o
DJIMotor_Set_speed_val                            build/DJI_Motor.o
DJIMotor_Set_val                                  build/DJI_Motor.o
                                                  build/main.o
DJMotor_Send_only_one                             build/DJI_Motor.o
DMA1_Stream0_IRQHandler                           build/startup_stm32f407xx.o
DMA1_Stream1_IRQHandler                           build/startup_stm32f407xx.o
DMA1_Stream2_IRQHandler                           build/startup_stm32f407xx.o
DMA1_Stream3_IRQHandler                           build/startup_stm32f407xx.o
DMA1_Stream4_IRQHandler                           build/startup_stm32f407xx.o
DMA1_Stream5_IRQHandler                           build/startup_stm32f407xx.o
DMA1_Stream6_IRQHandler                           build/startup_stm32f407xx.o
DMA1_Stream7_IRQHandler                           build/startup_stm32f407xx.o
DMA2_Stream0_IRQHandler                           build/startup_stm32f407xx.o
DMA2_Stream1_IRQHandler                           build/startup_stm32f407xx.o
DMA2_Stream2_IRQHandler                           build/startup_stm32f407xx.o
DMA2_Stream3_IRQHandler                           build/startup_stm32f407xx.o
DMA2_Stream4_IRQHandler                           build/startup_stm32f407xx.o
DMA2_Stream5_IRQHandler                           build/startup_stm32f407xx.o
DMA2_Stream6_IRQHandler                           build/startup_stm32f407xx.o
DMA2_Stream7_IRQHandler                           build/startup_stm32f407xx.o
DebugMon_Handler                                  build/stm32f4xx_it.o
Default_Handler                                   build/startup_stm32f407xx.o
ECF_CAN_Init                                      build/bsp_can.o
                                                  build/main.o
ECF_CAN_Rx_Callback_Register                      build/bsp_can.o
                                                  build/DJI_Motor.o
ETH_IRQHandler                                    build/startup_stm32f407xx.o
ETH_WKUP_IRQHandler                               build/startup_stm32f407xx.o
EXTI0_IRQHandler                                  build/startup_stm32f407xx.o
EXTI15_10_IRQHandler                              build/startup_stm32f407xx.o
EXTI1_IRQHandler                                  build/startup_stm32f407xx.o
EXTI2_IRQHandler                                  build/startup_stm32f407xx.o
EXTI3_IRQHandler                                  build/startup_stm32f407xx.o
EXTI4_IRQHandler                                  build/startup_stm32f407xx.o
EXTI9_5_IRQHandler                                build/startup_stm32f407xx.o
EncoderValZero                                    build/bsp_Motor_Encoder.o
Encoder_Init                                      build/bsp_Motor_Encoder.o
                                                  build/DJI_Motor.o
Encoder_Struct_Zero                               build/bsp_Motor_Encoder.o
Error_Handler                                     build/main.o
                                                  build/can.o
FLASH_Erase_Sector                                build/stm32f4xx_hal_flash_ex.o
                                                  build/stm32f4xx_hal_flash.o
FLASH_FlushCaches                                 build/stm32f4xx_hal_flash_ex.o
                                                  build/stm32f4xx_hal_flash.o
FLASH_IRQHandler                                  build/startup_stm32f407xx.o
FLASH_WaitForLastOperation                        build/stm32f4xx_hal_flash.o
                                                  build/stm32f4xx_hal_flash_ex.o
FPU_IRQHandler                                    build/startup_stm32f407xx.o
FSMC_IRQHandler                                   build/startup_stm32f407xx.o
Fire                                              build/main.o
Get_Chassis_motor_encoder_point                   build/bsp_Motor_Encoder.o
Get_MI_motor                                      build/bsp_can.o
HAL_CAN_AbortTxRequest                            build/stm32f4xx_hal_can.o
HAL_CAN_ActivateNotification                      build/stm32f4xx_hal_can.o
                                                  build/bsp_can.o
HAL_CAN_AddTxMessage                              build/stm32f4xx_hal_can.o
                                                  build/DJI_Motor.o
                                                  build/bsp_Motor_Encoder.o
HAL_CAN_ConfigFilter                              build/stm32f4xx_hal_can.o
                                                  build/bsp_can.o
HAL_CAN_DeInit                                    build/stm32f4xx_hal_can.o
HAL_CAN_DeactivateNotification                    build/stm32f4xx_hal_can.o
HAL_CAN_ErrorCallback                             build/stm32f4xx_hal_can.o
HAL_CAN_GetError                                  build/stm32f4xx_hal_can.o
HAL_CAN_GetRxFifoFillLevel                        build/stm32f4xx_hal_can.o
HAL_CAN_GetRxMessage                              build/stm32f4xx_hal_can.o
                                                  build/bsp_can.o
HAL_CAN_GetState                                  build/stm32f4xx_hal_can.o
HAL_CAN_GetTxMailboxesFreeLevel                   build/stm32f4xx_hal_can.o
                                                  build/bsp_Motor_Encoder.o
HAL_CAN_GetTxTimestamp                            build/stm32f4xx_hal_can.o
HAL_CAN_IRQHandler                                build/stm32f4xx_hal_can.o
                                                  build/stm32f4xx_it.o
HAL_CAN_Init                                      build/stm32f4xx_hal_can.o
                                                  build/can.o
HAL_CAN_IsSleepActive                             build/stm32f4xx_hal_can.o
HAL_CAN_IsTxMessagePending                        build/stm32f4xx_hal_can.o
HAL_CAN_MspDeInit                                 build/can.o
HAL_CAN_MspInit                                   build/can.o
HAL_CAN_RequestSleep                              build/stm32f4xx_hal_can.o
HAL_CAN_ResetError                                build/stm32f4xx_hal_can.o
HAL_CAN_RxFifo0FullCallback                       build/stm32f4xx_hal_can.o
HAL_CAN_RxFifo0MsgPendingCallback                 build/bsp_can.o
                                                  build/stm32f4xx_hal_can.o
HAL_CAN_RxFifo1FullCallback                       build/stm32f4xx_hal_can.o
HAL_CAN_RxFifo1MsgPendingCallback                 build/stm32f4xx_hal_can.o
HAL_CAN_SleepCallback                             build/stm32f4xx_hal_can.o
HAL_CAN_Start                                     build/stm32f4xx_hal_can.o
                                                  build/bsp_can.o
HAL_CAN_Stop                                      build/stm32f4xx_hal_can.o
HAL_CAN_TxMailbox0AbortCallback                   build/stm32f4xx_hal_can.o
HAL_CAN_TxMailbox0CompleteCallback                build/stm32f4xx_hal_can.o
HAL_CAN_TxMailbox1AbortCallback                   build/stm32f4xx_hal_can.o
HAL_CAN_TxMailbox1CompleteCallback                build/stm32f4xx_hal_can.o
HAL_CAN_TxMailbox2AbortCallback                   build/stm32f4xx_hal_can.o
HAL_CAN_TxMailbox2CompleteCallback                build/stm32f4xx_hal_can.o
HAL_CAN_WakeUp                                    build/stm32f4xx_hal_can.o
HAL_CAN_WakeUpFromRxMsgCallback                   build/stm32f4xx_hal_can.o
HAL_CORTEX_ClearEvent                             build/stm32f4xx_hal_cortex.o
HAL_DBGMCU_DisableDBGSleepMode                    build/stm32f4xx_hal.o
HAL_DBGMCU_DisableDBGStandbyMode                  build/stm32f4xx_hal.o
HAL_DBGMCU_DisableDBGStopMode                     build/stm32f4xx_hal.o
HAL_DBGMCU_EnableDBGSleepMode                     build/stm32f4xx_hal.o
HAL_DBGMCU_EnableDBGStandbyMode                   build/stm32f4xx_hal.o
HAL_DBGMCU_EnableDBGStopMode                      build/stm32f4xx_hal.o
HAL_DMAEx_ChangeMemory                            build/stm32f4xx_hal_dma_ex.o
HAL_DMAEx_MultiBufferStart                        build/stm32f4xx_hal_dma_ex.o
HAL_DMAEx_MultiBufferStart_IT                     build/stm32f4xx_hal_dma_ex.o
HAL_DMA_Abort                                     build/stm32f4xx_hal_dma.o
HAL_DMA_Abort_IT                                  build/stm32f4xx_hal_dma.o
HAL_DMA_DeInit                                    build/stm32f4xx_hal_dma.o
HAL_DMA_GetError                                  build/stm32f4xx_hal_dma.o
HAL_DMA_GetState                                  build/stm32f4xx_hal_dma.o
HAL_DMA_IRQHandler                                build/stm32f4xx_hal_dma.o
HAL_DMA_Init                                      build/stm32f4xx_hal_dma.o
HAL_DMA_PollForTransfer                           build/stm32f4xx_hal_dma.o
HAL_DMA_RegisterCallback                          build/stm32f4xx_hal_dma.o
HAL_DMA_Start                                     build/stm32f4xx_hal_dma.o
HAL_DMA_Start_IT                                  build/stm32f4xx_hal_dma.o
HAL_DMA_UnRegisterCallback                        build/stm32f4xx_hal_dma.o
HAL_DeInit                                        build/stm32f4xx_hal.o
HAL_Delay                                         build/stm32f4xx_hal.o
                                                  build/main.o
HAL_DisableCompensationCell                       build/stm32f4xx_hal.o
HAL_EXTI_ClearConfigLine                          build/stm32f4xx_hal_exti.o
HAL_EXTI_ClearPending                             build/stm32f4xx_hal_exti.o
HAL_EXTI_GenerateSWI                              build/stm32f4xx_hal_exti.o
HAL_EXTI_GetConfigLine                            build/stm32f4xx_hal_exti.o
HAL_EXTI_GetHandle                                build/stm32f4xx_hal_exti.o
HAL_EXTI_GetPending                               build/stm32f4xx_hal_exti.o
HAL_EXTI_IRQHandler                               build/stm32f4xx_hal_exti.o
HAL_EXTI_RegisterCallback                         build/stm32f4xx_hal_exti.o
HAL_EXTI_SetConfigLine                            build/stm32f4xx_hal_exti.o
HAL_EnableCompensationCell                        build/stm32f4xx_hal.o
HAL_FLASHEx_Erase                                 build/stm32f4xx_hal_flash_ex.o
HAL_FLASHEx_Erase_IT                              build/stm32f4xx_hal_flash_ex.o
HAL_FLASHEx_OBGetConfig                           build/stm32f4xx_hal_flash_ex.o
HAL_FLASHEx_OBProgram                             build/stm32f4xx_hal_flash_ex.o
HAL_FLASH_EndOfOperationCallback                  build/stm32f4xx_hal_flash.o
HAL_FLASH_GetError                                build/stm32f4xx_hal_flash.o
HAL_FLASH_IRQHandler                              build/stm32f4xx_hal_flash.o
HAL_FLASH_Lock                                    build/stm32f4xx_hal_flash.o
HAL_FLASH_OB_Launch                               build/stm32f4xx_hal_flash.o
HAL_FLASH_OB_Lock                                 build/stm32f4xx_hal_flash.o
HAL_FLASH_OB_Unlock                               build/stm32f4xx_hal_flash.o
HAL_FLASH_OperationErrorCallback                  build/stm32f4xx_hal_flash.o
HAL_FLASH_Program                                 build/stm32f4xx_hal_flash.o
HAL_FLASH_Program_IT                              build/stm32f4xx_hal_flash.o
HAL_FLASH_Unlock                                  build/stm32f4xx_hal_flash.o
HAL_GPIO_DeInit                                   build/stm32f4xx_hal_gpio.o
                                                  build/can.o
HAL_GPIO_EXTI_Callback                            build/stm32f4xx_hal_gpio.o
HAL_GPIO_EXTI_IRQHandler                          build/stm32f4xx_hal_gpio.o
HAL_GPIO_Init                                     build/stm32f4xx_hal_gpio.o
                                                  build/stm32f4xx_hal_rcc.o
                                                  build/can.o
                                                  build/gpio.o
HAL_GPIO_LockPin                                  build/stm32f4xx_hal_gpio.o
HAL_GPIO_ReadPin                                  build/stm32f4xx_hal_gpio.o
                                                  build/main.o
HAL_GPIO_TogglePin                                build/stm32f4xx_hal_gpio.o
HAL_GPIO_WritePin                                 build/stm32f4xx_hal_gpio.o
HAL_GetDEVID                                      build/stm32f4xx_hal.o
HAL_GetHalVersion                                 build/stm32f4xx_hal.o
HAL_GetREVID                                      build/stm32f4xx_hal.o
HAL_GetTick                                       build/stm32f4xx_hal.o
                                                  build/stm32f4xx_hal_pwr_ex.o
                                                  build/stm32f4xx_hal_dma.o
                                                  build/stm32f4xx_hal_flash.o
                                                  build/stm32f4xx_hal_rcc_ex.o
                                                  build/stm32f4xx_hal_rcc.o
                                                  build/stm32f4xx_hal_can.o
HAL_GetTickFreq                                   build/stm32f4xx_hal.o
HAL_GetTickPrio                                   build/stm32f4xx_hal.o
HAL_GetUIDw0                                      build/stm32f4xx_hal.o
HAL_GetUIDw1                                      build/stm32f4xx_hal.o
HAL_GetUIDw2                                      build/stm32f4xx_hal.o
HAL_IncTick                                       build/stm32f4xx_hal.o
                                                  build/stm32f4xx_it.o
HAL_Init                                          build/stm32f4xx_hal.o
                                                  build/main.o
HAL_InitTick                                      build/stm32f4xx_hal.o
                                                  build/stm32f4xx_hal_rcc_ex.o
                                                  build/stm32f4xx_hal_rcc.o
HAL_MPU_ConfigRegion                              build/stm32f4xx_hal_cortex.o
HAL_MPU_Disable                                   build/stm32f4xx_hal_cortex.o
HAL_MPU_DisableRegion                             build/stm32f4xx_hal_cortex.o
HAL_MPU_Enable                                    build/stm32f4xx_hal_cortex.o
HAL_MPU_EnableRegion                              build/stm32f4xx_hal_cortex.o
HAL_MspDeInit                                     build/stm32f4xx_hal.o
HAL_MspInit                                       build/stm32f4xx_hal_msp.o
HAL_NVIC_ClearPendingIRQ                          build/stm32f4xx_hal_cortex.o
HAL_NVIC_DisableIRQ                               build/stm32f4xx_hal_cortex.o
                                                  build/can.o
HAL_NVIC_EnableIRQ                                build/stm32f4xx_hal_cortex.o
                                                  build/can.o
HAL_NVIC_GetActive                                build/stm32f4xx_hal_cortex.o
HAL_NVIC_GetPendingIRQ                            build/stm32f4xx_hal_cortex.o
HAL_NVIC_GetPriority                              build/stm32f4xx_hal_cortex.o
HAL_NVIC_GetPriorityGrouping                      build/stm32f4xx_hal_cortex.o
HAL_NVIC_SetPendingIRQ                            build/stm32f4xx_hal_cortex.o
HAL_NVIC_SetPriority                              build/stm32f4xx_hal_cortex.o
                                                  build/stm32f4xx_hal.o
                                                  build/can.o
HAL_NVIC_SetPriorityGrouping                      build/stm32f4xx_hal_cortex.o
                                                  build/stm32f4xx_hal.o
HAL_NVIC_SystemReset                              build/stm32f4xx_hal_cortex.o
HAL_PWREx_ControlVoltageScaling                   build/stm32f4xx_hal_pwr_ex.o
HAL_PWREx_DisableBkUpReg                          build/stm32f4xx_hal_pwr_ex.o
HAL_PWREx_DisableFlashPowerDown                   build/stm32f4xx_hal_pwr_ex.o
HAL_PWREx_EnableBkUpReg                           build/stm32f4xx_hal_pwr_ex.o
HAL_PWREx_EnableFlashPowerDown                    build/stm32f4xx_hal_pwr_ex.o
HAL_PWREx_GetVoltageRange                         build/stm32f4xx_hal_pwr_ex.o
HAL_PWR_ConfigPVD                                 build/stm32f4xx_hal_pwr.o
HAL_PWR_DeInit                                    build/stm32f4xx_hal_pwr.o
HAL_PWR_DisableBkUpAccess                         build/stm32f4xx_hal_pwr.o
HAL_PWR_DisablePVD                                build/stm32f4xx_hal_pwr.o
HAL_PWR_DisableSEVOnPend                          build/stm32f4xx_hal_pwr.o
HAL_PWR_DisableSleepOnExit                        build/stm32f4xx_hal_pwr.o
HAL_PWR_DisableWakeUpPin                          build/stm32f4xx_hal_pwr.o
HAL_PWR_EnableBkUpAccess                          build/stm32f4xx_hal_pwr.o
HAL_PWR_EnablePVD                                 build/stm32f4xx_hal_pwr.o
HAL_PWR_EnableSEVOnPend                           build/stm32f4xx_hal_pwr.o
HAL_PWR_EnableSleepOnExit                         build/stm32f4xx_hal_pwr.o
HAL_PWR_EnableWakeUpPin                           build/stm32f4xx_hal_pwr.o
HAL_PWR_EnterSLEEPMode                            build/stm32f4xx_hal_pwr.o
HAL_PWR_EnterSTANDBYMode                          build/stm32f4xx_hal_pwr.o
HAL_PWR_EnterSTOPMode                             build/stm32f4xx_hal_pwr.o
HAL_PWR_PVDCallback                               build/stm32f4xx_hal_pwr.o
HAL_PWR_PVD_IRQHandler                            build/stm32f4xx_hal_pwr.o
HAL_RCCEx_DisablePLLI2S                           build/stm32f4xx_hal_rcc_ex.o
HAL_RCCEx_EnablePLLI2S                            build/stm32f4xx_hal_rcc_ex.o
HAL_RCCEx_GetPeriphCLKConfig                      build/stm32f4xx_hal_rcc_ex.o
HAL_RCCEx_GetPeriphCLKFreq                        build/stm32f4xx_hal_rcc_ex.o
HAL_RCCEx_PeriphCLKConfig                         build/stm32f4xx_hal_rcc_ex.o
HAL_RCC_CSSCallback                               build/stm32f4xx_hal_rcc.o
HAL_RCC_ClockConfig                               build/stm32f4xx_hal_rcc.o
                                                  build/main.o
HAL_RCC_DeInit                                    build/stm32f4xx_hal_rcc_ex.o
                                                  build/stm32f4xx_hal_rcc.o
HAL_RCC_DisableCSS                                build/stm32f4xx_hal_rcc.o
HAL_RCC_EnableCSS                                 build/stm32f4xx_hal_rcc.o
HAL_RCC_GetClockConfig                            build/stm32f4xx_hal_rcc.o
HAL_RCC_GetHCLKFreq                               build/stm32f4xx_hal_rcc.o
HAL_RCC_GetOscConfig                              build/stm32f4xx_hal_rcc.o
HAL_RCC_GetPCLK1Freq                              build/stm32f4xx_hal_rcc.o
HAL_RCC_GetPCLK2Freq                              build/stm32f4xx_hal_rcc.o
HAL_RCC_GetSysClockFreq                           build/stm32f4xx_hal_rcc.o
HAL_RCC_MCOConfig                                 build/stm32f4xx_hal_rcc.o
HAL_RCC_NMI_IRQHandler                            build/stm32f4xx_hal_rcc.o
HAL_RCC_OscConfig                                 build/stm32f4xx_hal_rcc.o
                                                  build/main.o
HAL_ResumeTick                                    build/stm32f4xx_hal.o
HAL_SYSTICK_CLKSourceConfig                       build/stm32f4xx_hal_cortex.o
HAL_SYSTICK_Callback                              build/stm32f4xx_hal_cortex.o
HAL_SYSTICK_Config                                build/stm32f4xx_hal_cortex.o
                                                  build/stm32f4xx_hal.o
HAL_SYSTICK_IRQHandler                            build/stm32f4xx_hal_cortex.o
HAL_SetTickFreq                                   build/stm32f4xx_hal.o
HAL_SuspendTick                                   build/stm32f4xx_hal.o
HASH_RNG_IRQHandler                               build/startup_stm32f407xx.o
HardFault_Handler                                 build/stm32f4xx_it.o
I2C1_ER_IRQHandler                                build/startup_stm32f407xx.o
I2C1_EV_IRQHandler                                build/startup_stm32f407xx.o
I2C2_ER_IRQHandler                                build/startup_stm32f407xx.o
I2C2_EV_IRQHandler                                build/startup_stm32f407xx.o
I2C3_ER_IRQHandler                                build/startup_stm32f407xx.o
I2C3_EV_IRQHandler                                build/startup_stm32f407xx.o
MI_Motor                                          build/bsp_can.o
MI_motor_init                                     build/bsp_can.o
MX_CAN1_Init                                      build/can.o
                                                  build/main.o
MX_CAN2_Init                                      build/can.o
                                                  build/main.o
MX_GPIO_Init                                      build/gpio.o
                                                  build/main.o
MemManage_Handler                                 build/stm32f4xx_it.o
NMI_Handler                                       build/stm32f4xx_it.o
NUM_of_can_and_id_type                            build/bsp_can.o
OTG_FS_IRQHandler                                 build/startup_stm32f407xx.o
OTG_FS_WKUP_IRQHandler                            build/startup_stm32f407xx.o
OTG_HS_EP1_IN_IRQHandler                          build/startup_stm32f407xx.o
OTG_HS_EP1_OUT_IRQHandler                         build/startup_stm32f407xx.o
OTG_HS_IRQHandler                                 build/startup_stm32f407xx.o
OTG_HS_WKUP_IRQHandler                            build/startup_stm32f407xx.o
PVD_IRQHandler                                    build/startup_stm32f407xx.o
PendSV_Handler                                    build/stm32f4xx_it.o
PidCalculate                                      build/pid.o
                                                  build/DJI_Motor.o
PidInit                                           build/pid.o
                                                  build/main.o
PidInitMode                                       build/pid.o
                                                  build/main.o
RCC_IRQHandler                                    build/startup_stm32f407xx.o
RTC_Alarm_IRQHandler                              build/startup_stm32f407xx.o
RTC_WKUP_IRQHandler                               build/startup_stm32f407xx.o
Reset_Handler                                     build/startup_stm32f407xx.o
SDIO_IRQHandler                                   build/startup_stm32f407xx.o
SPI1_IRQHandler                                   build/startup_stm32f407xx.o
SPI2_IRQHandler                                   build/startup_stm32f407xx.o
SPI3_IRQHandler                                   build/startup_stm32f407xx.o
SVC_Handler                                       build/stm32f4xx_it.o
Send_0x1FF                                        build/DJI_Motor.o
Send_0x200                                        build/DJI_Motor.o
Send_0x2FF                                        build/DJI_Motor.o
SysTick_Handler                                   build/stm32f4xx_it.o
SystemClock_Config                                build/main.o
SystemCoreClock                                   build/system_stm32f4xx.o
                                                  build/stm32f4xx_hal.o
                                                  build/stm32f4xx_hal_dma.o
                                                  build/stm32f4xx_hal_rcc_ex.o
                                                  build/stm32f4xx_hal_rcc.o
SystemCoreClockUpdate                             build/system_stm32f4xx.o
SystemInit                                        build/system_stm32f4xx.o
                                                  build/startup_stm32f407xx.o
TAMP_STAMP_IRQHandler                             build/startup_stm32f407xx.o
TIM1_BRK_TIM9_IRQHandler                          build/startup_stm32f407xx.o
TIM1_CC_IRQHandler                                build/startup_stm32f407xx.o
TIM1_TRG_COM_TIM11_IRQHandler                     build/startup_stm32f407xx.o
TIM1_UP_TIM10_IRQHandler                          build/startup_stm32f407xx.o
TIM2_IRQHandler                                   build/startup_stm32f407xx.o
TIM3_IRQHandler                                   build/startup_stm32f407xx.o
TIM4_IRQHandler                                   build/startup_stm32f407xx.o
TIM5_IRQHandler                                   build/startup_stm32f407xx.o
TIM6_DAC_IRQHandler                               build/startup_stm32f407xx.o
TIM7_IRQHandler                                   build/startup_stm32f407xx.o
TIM8_BRK_TIM12_IRQHandler                         build/startup_stm32f407xx.o
TIM8_CC_IRQHandler                                build/startup_stm32f407xx.o
TIM8_TRG_COM_TIM14_IRQHandler                     build/startup_stm32f407xx.o
TIM8_UP_TIM13_IRQHandler                          build/startup_stm32f407xx.o
UART4_IRQHandler                                  build/startup_stm32f407xx.o
UART5_IRQHandler                                  build/startup_stm32f407xx.o
USART1_IRQHandler                                 build/startup_stm32f407xx.o
USART2_IRQHandler                                 build/startup_stm32f407xx.o
USART3_IRQHandler                                 build/startup_stm32f407xx.o
USART6_IRQHandler                                 build/startup_stm32f407xx.o
UsageFault_Handler                                build/stm32f4xx_it.o
User_Fun_Callback_Register                        build/pid.o
WWDG_IRQHandler                                   build/startup_stm32f407xx.o
_Min_Stack_Size                                   build/sysmem.o
__aeabi_idiv0                                     c:/program files (x86)/gnu arm embedded toolchain/10 2021.10/bin/../lib/gcc/arm-none-eabi/10.3.1/thumb/v7e-m+fp/hard\libgcc.a(_dvmd_tls.o)
__aeabi_ldiv0                                     c:/program files (x86)/gnu arm embedded toolchain/10 2021.10/bin/../lib/gcc/arm-none-eabi/10.3.1/thumb/v7e-m+fp/hard\libgcc.a(_dvmd_tls.o)
                                                  c:/program files (x86)/gnu arm embedded toolchain/10 2021.10/bin/../lib/gcc/arm-none-eabi/10.3.1/thumb/v7e-m+fp/hard\libgcc.a(_aeabi_uldivmod.o)
__aeabi_uldivmod                                  c:/program files (x86)/gnu arm embedded toolchain/10 2021.10/bin/../lib/gcc/arm-none-eabi/10.3.1/thumb/v7e-m+fp/hard\libgcc.a(_aeabi_uldivmod.o)
                                                  build/stm32f4xx_hal_rcc.o
__bss_end__                                       c:/program files (x86)/gnu arm embedded toolchain/10 2021.10/bin/../lib/gcc/arm-none-eabi/10.3.1/../../../../arm-none-eabi/lib/thumb/v7e-m+fp/hard/crt0.o
__bss_start__                                     c:/program files (x86)/gnu arm embedded toolchain/10 2021.10/bin/../lib/gcc/arm-none-eabi/10.3.1/../../../../arm-none-eabi/lib/thumb/v7e-m+fp/hard/crt0.o
__call_exitprocs                                  c:/program files (x86)/gnu arm embedded toolchain/10 2021.10/bin/../lib/gcc/arm-none-eabi/10.3.1/../../../../arm-none-eabi/lib/thumb/v7e-m+fp/hard\libc_nano.a(lib_a-exit.o)
__deregister_frame_info                           c:/program files (x86)/gnu arm embedded toolchain/10 2021.10/bin/../lib/gcc/arm-none-eabi/10.3.1/thumb/v7e-m+fp/hard/crtbegin.o
__dso_handle                                      c:/program files (x86)/gnu arm embedded toolchain/10 2021.10/bin/../lib/gcc/arm-none-eabi/10.3.1/thumb/v7e-m+fp/hard/crtbegin.o
__env                                             build/syscalls.o
__errno                                           c:/program files (x86)/gnu arm embedded toolchain/10 2021.10/bin/../lib/gcc/arm-none-eabi/10.3.1/../../../../arm-none-eabi/lib/thumb/v7e-m+fp/hard\libc_nano.a(lib_a-errno.o)
                                                  build/syscalls.o
                                                  build/sysmem.o
__init_array_end                                  c:/program files (x86)/gnu arm embedded toolchain/10 2021.10/bin/../lib/gcc/arm-none-eabi/10.3.1/../../../../arm-none-eabi/lib/thumb/v7e-m+fp/hard\libc_nano.a(lib_a-init.o)
__init_array_start                                c:/program files (x86)/gnu arm embedded toolchain/10 2021.10/bin/../lib/gcc/arm-none-eabi/10.3.1/../../../../arm-none-eabi/lib/thumb/v7e-m+fp/hard\libc_nano.a(lib_a-init.o)
__io_getchar                                      build/syscalls.o
__io_putchar                                      build/syscalls.o
__libc_fini_array                                 c:/program files (x86)/gnu arm embedded toolchain/10 2021.10/bin/../lib/gcc/arm-none-eabi/10.3.1/../../../../arm-none-eabi/lib/thumb/v7e-m+fp/hard/crt0.o
__libc_init_array                                 c:/program files (x86)/gnu arm embedded toolchain/10 2021.10/bin/../lib/gcc/arm-none-eabi/10.3.1/../../../../arm-none-eabi/lib/thumb/v7e-m+fp/hard\libc_nano.a(lib_a-init.o)
                                                  build/startup_stm32f407xx.o
                                                  c:/program files (x86)/gnu arm embedded toolchain/10 2021.10/bin/../lib/gcc/arm-none-eabi/10.3.1/../../../../arm-none-eabi/lib/thumb/v7e-m+fp/hard/crt0.o
__preinit_array_end                               c:/program files (x86)/gnu arm embedded toolchain/10 2021.10/bin/../lib/gcc/arm-none-eabi/10.3.1/../../../../arm-none-eabi/lib/thumb/v7e-m+fp/hard\libc_nano.a(lib_a-init.o)
__preinit_array_start                             c:/program files (x86)/gnu arm embedded toolchain/10 2021.10/bin/../lib/gcc/arm-none-eabi/10.3.1/../../../../arm-none-eabi/lib/thumb/v7e-m+fp/hard\libc_nano.a(lib_a-init.o)
__register_frame_info                             c:/program files (x86)/gnu arm embedded toolchain/10 2021.10/bin/../lib/gcc/arm-none-eabi/10.3.1/thumb/v7e-m+fp/hard/crtbegin.o
__sf_fake_stderr                                  c:/program files (x86)/gnu arm embedded toolchain/10 2021.10/bin/../lib/gcc/arm-none-eabi/10.3.1/../../../../arm-none-eabi/lib/thumb/v7e-m+fp/hard\libc_nano.a(lib_a-impure.o)
__sf_fake_stdin                                   c:/program files (x86)/gnu arm embedded toolchain/10 2021.10/bin/../lib/gcc/arm-none-eabi/10.3.1/../../../../arm-none-eabi/lib/thumb/v7e-m+fp/hard\libc_nano.a(lib_a-impure.o)
__sf_fake_stdout                                  c:/program files (x86)/gnu arm embedded toolchain/10 2021.10/bin/../lib/gcc/arm-none-eabi/10.3.1/../../../../arm-none-eabi/lib/thumb/v7e-m+fp/hard\libc_nano.a(lib_a-impure.o)
__stack                                           c:/program files (x86)/gnu arm embedded toolchain/10 2021.10/bin/../lib/gcc/arm-none-eabi/10.3.1/../../../../arm-none-eabi/lib/thumb/v7e-m+fp/hard/crt0.o
__udivmoddi4                                      c:/program files (x86)/gnu arm embedded toolchain/10 2021.10/bin/../lib/gcc/arm-none-eabi/10.3.1/thumb/v7e-m+fp/hard\libgcc.a(_udivmoddi4.o)
                                                  c:/program files (x86)/gnu arm embedded toolchain/10 2021.10/bin/../lib/gcc/arm-none-eabi/10.3.1/thumb/v7e-m+fp/hard\libgcc.a(_aeabi_uldivmod.o)
_close                                            build/syscalls.o
_ebss                                             build/startup_stm32f407xx.o
_edata                                            build/startup_stm32f407xx.o
_end                                              build/sysmem.o
_estack                                           build/startup_stm32f407xx.o
                                                  build/sysmem.o
_execve                                           build/syscalls.o
_exit                                             build/syscalls.o
                                                  c:/program files (x86)/gnu arm embedded toolchain/10 2021.10/bin/../lib/gcc/arm-none-eabi/10.3.1/../../../../arm-none-eabi/lib/thumb/v7e-m+fp/hard\libc_nano.a(lib_a-exit.o)
_fini                                             c:/program files (x86)/gnu arm embedded toolchain/10 2021.10/bin/../lib/gcc/arm-none-eabi/10.3.1/thumb/v7e-m+fp/hard/crti.o
_fork                                             build/syscalls.o
_fstat                                            build/syscalls.o
_getpid                                           build/syscalls.o
_global_impure_ptr                                c:/program files (x86)/gnu arm embedded toolchain/10 2021.10/bin/../lib/gcc/arm-none-eabi/10.3.1/../../../../arm-none-eabi/lib/thumb/v7e-m+fp/hard\libc_nano.a(lib_a-impure.o)
                                                  c:/program files (x86)/gnu arm embedded toolchain/10 2021.10/bin/../lib/gcc/arm-none-eabi/10.3.1/../../../../arm-none-eabi/lib/thumb/v7e-m+fp/hard\libc_nano.a(lib_a-exit.o)
_impure_ptr                                       c:/program files (x86)/gnu arm embedded toolchain/10 2021.10/bin/../lib/gcc/arm-none-eabi/10.3.1/../../../../arm-none-eabi/lib/thumb/v7e-m+fp/hard\libc_nano.a(lib_a-impure.o)
                                                  c:/program files (x86)/gnu arm embedded toolchain/10 2021.10/bin/../lib/gcc/arm-none-eabi/10.3.1/../../../../arm-none-eabi/lib/thumb/v7e-m+fp/hard\libc_nano.a(lib_a-errno.o)
_init                                             c:/program files (x86)/gnu arm embedded toolchain/10 2021.10/bin/../lib/gcc/arm-none-eabi/10.3.1/thumb/v7e-m+fp/hard/crti.o
                                                  c:/program files (x86)/gnu arm embedded toolchain/10 2021.10/bin/../lib/gcc/arm-none-eabi/10.3.1/../../../../arm-none-eabi/lib/thumb/v7e-m+fp/hard\libc_nano.a(lib_a-init.o)
_isatty                                           build/syscalls.o
_kill                                             build/syscalls.o
_link                                             build/syscalls.o
_lseek                                            build/syscalls.o
_mainCRTStartup                                   c:/program files (x86)/gnu arm embedded toolchain/10 2021.10/bin/../lib/gcc/arm-none-eabi/10.3.1/../../../../arm-none-eabi/lib/thumb/v7e-m+fp/hard/crt0.o
_open                                             build/syscalls.o
_read                                             build/syscalls.o
_sbrk                                             build/sysmem.o
_sbss                                             build/startup_stm32f407xx.o
_sdata                                            build/startup_stm32f407xx.o
_sidata                                           build/startup_stm32f407xx.o
_stack_init                                       c:/program files (x86)/gnu arm embedded toolchain/10 2021.10/bin/../lib/gcc/arm-none-eabi/10.3.1/../../../../arm-none-eabi/lib/thumb/v7e-m+fp/hard/crt0.o
_start                                            c:/program files (x86)/gnu arm embedded toolchain/10 2021.10/bin/../lib/gcc/arm-none-eabi/10.3.1/../../../../arm-none-eabi/lib/thumb/v7e-m+fp/hard/crt0.o
_stat                                             build/syscalls.o
_times                                            build/syscalls.o
_unlink                                           build/syscalls.o
_wait                                             build/syscalls.o
_write                                            build/syscalls.o
angle_limiting_int16                              build/bsp_Motor_Encoder.o
atexit                                            c:/program files (x86)/gnu arm embedded toolchain/10 2021.10/bin/../lib/gcc/arm-none-eabi/10.3.1/../../../../arm-none-eabi/lib/thumb/v7e-m+fp/hard/crt0.o
check_codevalue                                   build/bsp_Motor_Encoder.o
environ                                           build/syscalls.o
exit                                              c:/program files (x86)/gnu arm embedded toolchain/10 2021.10/bin/../lib/gcc/arm-none-eabi/10.3.1/../../../../arm-none-eabi/lib/thumb/v7e-m+fp/hard\libc_nano.a(lib_a-exit.o)
                                                  c:/program files (x86)/gnu arm embedded toolchain/10 2021.10/bin/../lib/gcc/arm-none-eabi/10.3.1/../../../../arm-none-eabi/lib/thumb/v7e-m+fp/hard/crt0.o
fire_behaviour_choose                             build/main.o
fire_pid_calculate                                build/main.o
fire_set                                          build/main.o
fire_task_init                                    build/main.o
g_pfnVectors                                      build/startup_stm32f407xx.o
hardware_init_hook                                c:/program files (x86)/gnu arm embedded toolchain/10 2021.10/bin/../lib/gcc/arm-none-eabi/10.3.1/../../../../arm-none-eabi/lib/thumb/v7e-m+fp/hard/crt0.o
hcan1                                             build/can.o
                                                  build/DJI_Motor.o
                                                  build/bsp_Motor_Encoder.o
                                                  build/bsp_can.o
                                                  build/stm32f4xx_it.o
hcan2                                             build/can.o
                                                  build/DJI_Motor.o
                                                  build/bsp_can.o
                                                  build/stm32f4xx_it.o
initialise_monitor_handles                        build/syscalls.o
left_speed                                        build/main.o
main                                              build/main.o
                                                  build/startup_stm32f407xx.o
                                                  c:/program files (x86)/gnu arm embedded toolchain/10 2021.10/bin/../lib/gcc/arm-none-eabi/10.3.1/../../../../arm-none-eabi/lib/thumb/v7e-m+fp/hard/crt0.o
memset                                            c:/program files (x86)/gnu arm embedded toolchain/10 2021.10/bin/../lib/gcc/arm-none-eabi/10.3.1/../../../../arm-none-eabi/lib/thumb/v7e-m+fp/hard\libc_nano.a(lib_a-memset.o)
                                                  build/DJI_Motor.o
                                                  build/bsp_Motor_Encoder.o
                                                  build/pid.o
                                                  build/main.o
                                                  c:/program files (x86)/gnu arm embedded toolchain/10 2021.10/bin/../lib/gcc/arm-none-eabi/10.3.1/../../../../arm-none-eabi/lib/thumb/v7e-m+fp/hard/crt0.o
motor_position_speed_control                      build/pid.o
                                                  build/DJI_Motor.o
motor_speed_control                               build/pid.o
                                                  build/main.o
pFlash                                            build/stm32f4xx_hal_flash.o
                                                  build/stm32f4xx_hal_flash_ex.o
pid_clear                                         build/pid.o
pitch_encoder                                     build/bsp_Motor_Encoder.o
right_speed                                       build/main.o
software_init_hook                                c:/program files (x86)/gnu arm embedded toolchain/10 2021.10/bin/../lib/gcc/arm-none-eabi/10.3.1/../../../../arm-none-eabi/lib/thumb/v7e-m+fp/hard/crt0.o
temp                                              build/bsp_Motor_Encoder.o
torque_to_voltage_6020                            build/DJI_Motor.o
uwTick                                            build/stm32f4xx_hal.o
uwTickFreq                                        build/stm32f4xx_hal.o
uwTickPrio                                        build/stm32f4xx_hal.o
                                                  build/stm32f4xx_hal_rcc_ex.o
                                                  build/stm32f4xx_hal_rcc.o
yaw_encoder                                       build/bsp_Motor_Encoder.o
