Archive member included to satisfy reference by file (symbol)

d:/gcc-arm-none-eabi-10.3-2021.10/bin/../lib/gcc/arm-none-eabi/10.3.1/../../../../arm-none-eabi/lib/thumb/v7e-m+fp/hard\libc_nano.a(lib_a-errno.o)
                              build/sysmem.o (__errno)
d:/gcc-arm-none-eabi-10.3-2021.10/bin/../lib/gcc/arm-none-eabi/10.3.1/../../../../arm-none-eabi/lib/thumb/v7e-m+fp/hard\libc_nano.a(lib_a-exit.o)
                              d:/gcc-arm-none-eabi-10.3-2021.10/bin/../lib/gcc/arm-none-eabi/10.3.1/../../../../arm-none-eabi/lib/thumb/v7e-m+fp/hard/crt0.o (exit)
d:/gcc-arm-none-eabi-10.3-2021.10/bin/../lib/gcc/arm-none-eabi/10.3.1/../../../../arm-none-eabi/lib/thumb/v7e-m+fp/hard\libc_nano.a(lib_a-impure.o)
                              d:/gcc-arm-none-eabi-10.3-2021.10/bin/../lib/gcc/arm-none-eabi/10.3.1/../../../../arm-none-eabi/lib/thumb/v7e-m+fp/hard\libc_nano.a(lib_a-exit.o) (_global_impure_ptr)
d:/gcc-arm-none-eabi-10.3-2021.10/bin/../lib/gcc/arm-none-eabi/10.3.1/../../../../arm-none-eabi/lib/thumb/v7e-m+fp/hard\libc_nano.a(lib_a-init.o)
                              d:/gcc-arm-none-eabi-10.3-2021.10/bin/../lib/gcc/arm-none-eabi/10.3.1/../../../../arm-none-eabi/lib/thumb/v7e-m+fp/hard/crt0.o (__libc_init_array)
d:/gcc-arm-none-eabi-10.3-2021.10/bin/../lib/gcc/arm-none-eabi/10.3.1/../../../../arm-none-eabi/lib/thumb/v7e-m+fp/hard\libc_nano.a(lib_a-memset.o)
                              d:/gcc-arm-none-eabi-10.3-2021.10/bin/../lib/gcc/arm-none-eabi/10.3.1/../../../../arm-none-eabi/lib/thumb/v7e-m+fp/hard/crt0.o (memset)
d:/gcc-arm-none-eabi-10.3-2021.10/bin/../lib/gcc/arm-none-eabi/10.3.1/thumb/v7e-m+fp/hard\libgcc.a(_aeabi_uldivmod.o)
                              build/stm32f4xx_hal_rcc.o (__aeabi_uldivmod)
d:/gcc-arm-none-eabi-10.3-2021.10/bin/../lib/gcc/arm-none-eabi/10.3.1/thumb/v7e-m+fp/hard\libgcc.a(_udivmoddi4.o)
                              d:/gcc-arm-none-eabi-10.3-2021.10/bin/../lib/gcc/arm-none-eabi/10.3.1/thumb/v7e-m+fp/hard\libgcc.a(_aeabi_uldivmod.o) (__udivmoddi4)
d:/gcc-arm-none-eabi-10.3-2021.10/bin/../lib/gcc/arm-none-eabi/10.3.1/thumb/v7e-m+fp/hard\libgcc.a(_dvmd_tls.o)
                              d:/gcc-arm-none-eabi-10.3-2021.10/bin/../lib/gcc/arm-none-eabi/10.3.1/thumb/v7e-m+fp/hard\libgcc.a(_aeabi_uldivmod.o) (__aeabi_ldiv0)

Discarded input sections

 .text          0x00000000        0x0 d:/gcc-arm-none-eabi-10.3-2021.10/bin/../lib/gcc/arm-none-eabi/10.3.1/thumb/v7e-m+fp/hard/crti.o
 .data          0x00000000        0x0 d:/gcc-arm-none-eabi-10.3-2021.10/bin/../lib/gcc/arm-none-eabi/10.3.1/thumb/v7e-m+fp/hard/crti.o
 .bss           0x00000000        0x0 d:/gcc-arm-none-eabi-10.3-2021.10/bin/../lib/gcc/arm-none-eabi/10.3.1/thumb/v7e-m+fp/hard/crti.o
 .data          0x00000000        0x4 d:/gcc-arm-none-eabi-10.3-2021.10/bin/../lib/gcc/arm-none-eabi/10.3.1/thumb/v7e-m+fp/hard/crtbegin.o
 .rodata        0x00000000       0x24 d:/gcc-arm-none-eabi-10.3-2021.10/bin/../lib/gcc/arm-none-eabi/10.3.1/thumb/v7e-m+fp/hard/crtbegin.o
 .text          0x00000000       0x7c d:/gcc-arm-none-eabi-10.3-2021.10/bin/../lib/gcc/arm-none-eabi/10.3.1/../../../../arm-none-eabi/lib/thumb/v7e-m+fp/hard/crt0.o
 .data          0x00000000        0x0 d:/gcc-arm-none-eabi-10.3-2021.10/bin/../lib/gcc/arm-none-eabi/10.3.1/../../../../arm-none-eabi/lib/thumb/v7e-m+fp/hard/crt0.o
 .bss           0x00000000        0x0 d:/gcc-arm-none-eabi-10.3-2021.10/bin/../lib/gcc/arm-none-eabi/10.3.1/../../../../arm-none-eabi/lib/thumb/v7e-m+fp/hard/crt0.o
 .ARM.extab     0x00000000        0x0 d:/gcc-arm-none-eabi-10.3-2021.10/bin/../lib/gcc/arm-none-eabi/10.3.1/../../../../arm-none-eabi/lib/thumb/v7e-m+fp/hard/crt0.o
 .ARM.exidx     0x00000000       0x10 d:/gcc-arm-none-eabi-10.3-2021.10/bin/../lib/gcc/arm-none-eabi/10.3.1/../../../../arm-none-eabi/lib/thumb/v7e-m+fp/hard/crt0.o
 .ARM.attributes
                0x00000000       0x1c d:/gcc-arm-none-eabi-10.3-2021.10/bin/../lib/gcc/arm-none-eabi/10.3.1/../../../../arm-none-eabi/lib/thumb/v7e-m+fp/hard/crt0.o
 .text          0x00000000        0x0 build/main.o
 .data          0x00000000        0x0 build/main.o
 .bss           0x00000000        0x0 build/main.o
 .text          0x00000000        0x0 build/gpio.o
 .data          0x00000000        0x0 build/gpio.o
 .bss           0x00000000        0x0 build/gpio.o
 .text          0x00000000        0x0 build/can.o
 .data          0x00000000        0x0 build/can.o
 .bss           0x00000000        0x0 build/can.o
 .text.HAL_CAN_MspDeInit
                0x00000000       0x80 build/can.o
 .text          0x00000000        0x0 build/stm32f4xx_it.o
 .data          0x00000000        0x0 build/stm32f4xx_it.o
 .bss           0x00000000        0x0 build/stm32f4xx_it.o
 .text          0x00000000        0x0 build/stm32f4xx_hal_msp.o
 .data          0x00000000        0x0 build/stm32f4xx_hal_msp.o
 .bss           0x00000000        0x0 build/stm32f4xx_hal_msp.o
 .text          0x00000000        0x0 build/stm32f4xx_hal_can.o
[...]
Memory Configuration

Name             Origin             Length             Attributes
RAM              0x20000000         0x00020000         xrw
CCMRAM           0x10000000         0x00010000         xrw
FLASH            0x08000000         0x00080000         xr
*default*        0x00000000         0xffffffff

Linker script and memory map

LOAD d:/gcc-arm-none-eabi-10.3-2021.10/bin/../lib/gcc/arm-none-eabi/10.3.1/thumb/v7e-m+fp/hard/crti.o
LOAD d:/gcc-arm-none-eabi-10.3-2021.10/bin/../lib/gcc/arm-none-eabi/10.3.1/thumb/v7e-m+fp/hard/crtbegin.o
LOAD d:/gcc-arm-none-eabi-10.3-2021.10/bin/../lib/gcc/arm-none-eabi/10.3.1/../../../../arm-none-eabi/lib/thumb/v7e-m+fp/hard/crt0.o
LOAD build/main.o
LOAD build/gpio.o
LOAD build/can.o
LOAD build/stm32f4xx_it.o
LOAD build/stm32f4xx_hal_msp.o
LOAD build/stm32f4xx_hal_can.o
LOAD build/stm32f4xx_hal_rcc.o
LOAD build/stm32f4xx_hal_rcc_ex.o
LOAD build/stm32f4xx_hal_flash.o
LOAD build/stm32f4xx_hal_flash_ex.o
LOAD build/stm32f4xx_hal_flash_ramfunc.o
LOAD build/stm32f4xx_hal_gpio.o
LOAD build/stm32f4xx_hal_dma_ex.o
LOAD build/stm32f4xx_hal_dma.o
LOAD build/stm32f4xx_hal_pwr.o
LOAD build/stm32f4xx_hal_pwr_ex.o
LOAD build/stm32f4xx_hal_cortex.o
LOAD build/stm32f4xx_hal.o
LOAD build/stm32f4xx_hal_exti.o
LOAD build/stm32f4xx_hal_tim.o
LOAD build/stm32f4xx_hal_tim_ex.o
LOAD build/system_stm32f4xx.o
LOAD build/sysmem.o
LOAD build/syscalls.o
LOAD build/pid.o
LOAD build/bsp_can.o
LOAD build/bsp_Motor_Encoder.o
LOAD build/DJI_Motor.o
LOAD build/startup_stm32f407xx.o
LOAD d:/gcc-arm-none-eabi-10.3-2021.10/bin/../lib/gcc/arm-none-eabi/10.3.1/../../../../arm-none-eabi/lib/thumb/v7e-m+fp/hard\libc_nano.a
LOAD d:/gcc-arm-none-eabi-10.3-2021.10/bin/../lib/gcc/arm-none-eabi/10.3.1/../../../../arm-none-eabi/lib/thumb/v7e-m+fp/hard\libm.a
LOAD d:/gcc-arm-none-eabi-10.3-2021.10/bin/../lib/gcc/arm-none-eabi/10.3.1/../../../../arm-none-eabi/lib/thumb/v7e-m+fp/hard\libnosys.a
START GROUP
LOAD d:/gcc-arm-none-eabi-10.3-2021.10/bin/../lib/gcc/arm-none-eabi/10.3.1/thumb/v7e-m+fp/hard\libgcc.a
LOAD d:/gcc-arm-none-eabi-10.3-2021.10/bin/../lib/gcc/arm-none-eabi/10.3.1/../../../../arm-none-eabi/lib/thumb/v7e-m+fp/hard\libc_nano.a
END GROUP
START GROUP
LOAD d:/gcc-arm-none-eabi-10.3-2021.10/bin/../lib/gcc/arm-none-eabi/10.3.1/thumb/v7e-m+fp/hard\libgcc.a
LOAD d:/gcc-arm-none-eabi-10.3-2021.10/bin/../lib/gcc/arm-none-eabi/10.3.1/../../../../arm-none-eabi/lib/thumb/v7e-m+fp/hard\libc_nano.a
END GROUP
LOAD d:/gcc-arm-none-eabi-10.3-2021.10/bin/../lib/gcc/arm-none-eabi/10.3.1/thumb/v7e-m+fp/hard/crtend.o
LOAD d:/gcc-arm-none-eabi-10.3-2021.10/bin/../lib/gcc/arm-none-eabi/10.3.1/thumb/v7e-m+fp/hard/crtn.o
                0x20020000                _estack = (ORIGIN (RAM) + LENGTH (RAM))
                0x00002000                _Min_Heap_Size = 0x2000
                0x00002000                _Min_Stack_Size = 0x2000

.isr_vector     0x08000000      0x188
                0x08000000                . = ALIGN (0x4)
 *(.isr_vector)
 .isr_vector    0x08000000      0x188 build/startup_stm32f407xx.o
                0x08000000                g_pfnVectors
                0x08000188                . = ALIGN (0x4)

.text           0x08000188     0x285c
                0x08000188                . = ALIGN (0x4)
 *(.text)
 .text          0x08000188       0x40 d:/gcc-arm-none-eabi-10.3-2021.10/bin/../lib/gcc/arm-none-eabi/10.3.1/thumb/v7e-m+fp/hard/crtbegin.o
 .text          0x080001c8       0x30 d:/gcc-arm-none-eabi-10.3-2021.10/bin/../lib/gcc/arm-none-eabi/10.3.1/thumb/v7e-m+fp/hard\libgcc.a(_aeabi_uldivmod.o)
                0x080001c8                __aeabi_uldivmod
 .text          0x080001f8      0x2d0 d:/gcc-arm-none-eabi-10.3-2021.10/bin/../lib/gcc/arm-none-eabi/10.3.1/thumb/v7e-m+fp/hard\libgcc.a(_udivmoddi4.o)
                0x080001f8                __udivmoddi4
 .text          0x080004c8        0x4 d:/gcc-arm-none-eabi-10.3-2021.10/bin/../lib/gcc/arm-none-eabi/10.3.1/thumb/v7e-m+fp/hard\libgcc.a(_dvmd_tls.o)
                0x080004c8                __aeabi_idiv0
                0x080004c8                __aeabi_ldiv0
 *(.text*)
 .text.fire_task_init
                0x080004cc      0x1b8 build/main.o
                0x080004cc                fire_task_init
 .text.fire_behaviour_choose
                0x08000684       0x90 build/main.o
                0x08000684                fire_behaviour_choose
 .text.fire_pid_calculate
                0x08000714       0x84 build/main.o
                0x08000714                fire_pid_calculate
 .text.Error_Handler
                0x08000798        0x4 build/main.o
                0x08000798                Error_Handler
 .text.SystemClock_Config
                0x0800079c       0xa8 build/main.o
                0x0800079c                SystemClock_Config
 .text.main     0x08000844       0x78 build/main.o
                0x08000844                main
 .text.MX_GPIO_Init
                0x080008bc       0x80 build/gpio.o
                0x080008bc                MX_GPIO_Init
 .text.MX_CAN1_Init
                0x0800093c       0x44 build/can.o
                0x0800093c                MX_CAN1_Init
 .text.MX_CAN2_Init
                0x08000980       0x44 build/can.o
                0x08000980                MX_CAN2_Init
 .text.HAL_CAN_MspInit
                0x080009c4      0x120 build/can.o
                0x080009c4                HAL_CAN_MspInit
 .text.NMI_Handler
                0x08000ae4        0x2 build/stm32f4xx_it.o
                0x08000ae4                NMI_Handler
 .text.HardFault_Handler
                0x08000ae6        0x2 build/stm32f4xx_it.o
                0x08000ae6                HardFault_Handler
 .text.MemManage_Handler
                0x08000ae8        0x2 build/stm32f4xx_it.o
                0x08000ae8                MemManage_Handler
 .text.BusFault_Handler
                0x08000aea        0x2 build/stm32f4xx_it.o
                0x08000aea                BusFault_Handler
 .text.UsageFault_Handler
                0x08000aec        0x2 build/stm32f4xx_it.o
                0x08000aec                UsageFault_Handler
 .text.SVC_Handler
                0x08000aee        0x2 build/stm32f4xx_it.o
                0x08000aee                SVC_Handler
 .text.DebugMon_Handler
                0x08000af0        0x2 build/stm32f4xx_it.o
                0x08000af0                DebugMon_Handler
 .text.PendSV_Handler
                0x08000af2        0x2 build/stm32f4xx_it.o
                0x08000af2                PendSV_Handler
 .text.SysTick_Handler
                0x08000af4        0x8 build/stm32f4xx_it.o
                0x08000af4                SysTick_Handler
 .text.CAN1_RX0_IRQHandler
                0x08000afc       0x10 build/stm32f4xx_it.o
                0x08000afc                CAN1_RX0_IRQHandler
 .text.CAN2_RX0_IRQHandler
                0x08000b0c       0x10 build/stm32f4xx_it.o
                0x08000b0c                CAN2_RX0_IRQHandler
 .text.HAL_MspInit
                0x08000b1c       0x38 build/stm32f4xx_hal_msp.o
                0x08000b1c                HAL_MspInit
 .text.HAL_CAN_Init
                0x08000b54      0x14c build/stm32f4xx_hal_can.o
                0x08000b54                HAL_CAN_Init
 .text.HAL_CAN_ConfigFilter
                0x08000ca0      0x138 build/stm32f4xx_hal_can.o
                0x08000ca0                HAL_CAN_ConfigFilter
 .text.HAL_CAN_Start
                0x08000dd8       0x5c build/stm32f4xx_hal_can.o
                0x08000dd8                HAL_CAN_Start
 .text.HAL_CAN_AddTxMessage
                0x08000e34       0xea build/stm32f4xx_hal_can.o
                0x08000e34                HAL_CAN_AddTxMessage
 .text.HAL_CAN_GetRxMessage
                0x08000f1e      0x16a build/stm32f4xx_hal_can.o
                0x08000f1e                HAL_CAN_GetRxMessage
 .text.HAL_CAN_ActivateNotification
                0x08001088       0x24 build/stm32f4xx_hal_can.o
                0x08001088                HAL_CAN_ActivateNotification
 .text.HAL_CAN_TxMailbox0CompleteCallback
                0x080010ac        0x2 build/stm32f4xx_hal_can.o
                0x080010ac                HAL_CAN_TxMailbox0CompleteCallback
 .text.HAL_CAN_TxMailbox1CompleteCallback
                0x080010ae        0x2 build/stm32f4xx_hal_can.o
                0x080010ae                HAL_CAN_TxMailbox1CompleteCallback
 .text.HAL_CAN_TxMailbox2CompleteCallback
                0x080010b0        0x2 build/stm32f4xx_hal_can.o
                0x080010b0                HAL_CAN_TxMailbox2CompleteCallback
 .text.HAL_CAN_TxMailbox0AbortCallback
                0x080010b2        0x2 build/stm32f4xx_hal_can.o
                0x080010b2                HAL_CAN_TxMailbox0AbortCallback
 .text.HAL_CAN_TxMailbox1AbortCallback
                0x080010b4        0x2 build/stm32f4xx_hal_can.o
                0x080010b4                HAL_CAN_TxMailbox1AbortCallback
 .text.HAL_CAN_TxMailbox2AbortCallback
                0x080010b6        0x2 build/stm32f4xx_hal_can.o
                0x080010b6                HAL_CAN_TxMailbox2AbortCallback
 .text.HAL_CAN_RxFifo0FullCallback
                0x080010b8        0x2 build/stm32f4xx_hal_can.o
                0x080010b8                HAL_CAN_RxFifo0FullCallback
 .text.HAL_CAN_RxFifo1MsgPendingCallback
                0x080010ba        0x2 build/stm32f4xx_hal_can.o
                0x080010ba                HAL_CAN_RxFifo1MsgPendingCallback
 .text.HAL_CAN_RxFifo1FullCallback
                0x080010bc        0x2 build/stm32f4xx_hal_can.o
                0x080010bc                HAL_CAN_RxFifo1FullCallback
 .text.HAL_CAN_SleepCallback
                0x080010be        0x2 build/stm32f4xx_hal_can.o
                0x080010be                HAL_CAN_SleepCallback
 .text.HAL_CAN_WakeUpFromRxMsgCallback
                0x080010c0        0x2 build/stm32f4xx_hal_can.o
                0x080010c0                HAL_CAN_WakeUpFromRxMsgCallback
 .text.HAL_CAN_ErrorCallback
                0x080010c2        0x2 build/stm32f4xx_hal_can.o
                0x080010c2                HAL_CAN_ErrorCallback
 .text.HAL_CAN_IRQHandler
                0x080010c4      0x24a build/stm32f4xx_hal_can.o
                0x080010c4                HAL_CAN_IRQHandler
 *fill*         0x0800130e        0x2 
 .text.HAL_RCC_OscConfig
                0x08001310      0x3f8 build/stm32f4xx_hal_rcc.o
                0x08001310                HAL_RCC_OscConfig
 .text.HAL_RCC_GetSysClockFreq
                0x08001708       0xd4 build/stm32f4xx_hal_rcc.o
                0x08001708                HAL_RCC_GetSysClockFreq
 .text.HAL_RCC_ClockConfig
                0x080017dc      0x160 build/stm32f4xx_hal_rcc.o
                0x080017dc                HAL_RCC_ClockConfig
 .text.HAL_GPIO_Init
                0x0800193c      0x1e4 build/stm32f4xx_hal_gpio.o
                0x0800193c                HAL_GPIO_Init
 .text.HAL_GPIO_ReadPin
                0x08001b20        0xe build/stm32f4xx_hal_gpio.o
                0x08001b20                HAL_GPIO_ReadPin
 *fill*         0x08001b2e        0x2 
 .text.HAL_NVIC_SetPriorityGrouping
                0x08001b30       0x24 build/stm32f4xx_hal_cortex.o
                0x08001b30                HAL_NVIC_SetPriorityGrouping
 .text.HAL_NVIC_SetPriority
                0x08001b54       0x70 build/stm32f4xx_hal_cortex.o
                0x08001b54                HAL_NVIC_SetPriority
 .text.HAL_NVIC_EnableIRQ
                0x08001bc4       0x1c build/stm32f4xx_hal_cortex.o
                0x08001bc4                HAL_NVIC_EnableIRQ
 .text.HAL_SYSTICK_Config
                0x08001be0       0x28 build/stm32f4xx_hal_cortex.o
                0x08001be0                HAL_SYSTICK_Config
 .text.HAL_InitTick
                0x08001c08       0x4c build/stm32f4xx_hal.o
                0x08001c08                HAL_InitTick
 .text.HAL_Init
                0x08001c54       0x34 build/stm32f4xx_hal.o
                0x08001c54                HAL_Init
 .text.HAL_IncTick
                0x08001c88       0x18 build/stm32f4xx_hal.o
                0x08001c88                HAL_IncTick
 .text.HAL_GetTick
                0x08001ca0        0xc build/stm32f4xx_hal.o
                0x08001ca0                HAL_GetTick
 .text.HAL_Delay
                0x08001cac       0x28 build/stm32f4xx_hal.o
                0x08001cac                HAL_Delay
 .text.SystemInit
                0x08001cd4       0x14 build/system_stm32f4xx.o
                0x08001cd4                SystemInit
 .text.first_order_filter
                0x08001ce8       0x2a build/pid.o
 .text.f_Derivative_On_Measurement
                0x08001d12       0x4a build/pid.o
 .text.f_StepIn
                0x08001d5c       0x5c build/pid.o
 .text.f_Separated_Integral
                0x08001db8       0x26 build/pid.o
 .text.f_Integral_Limit
                0x08001dde       0x2e build/pid.o
 .text.Changing_Integration_Rate
                0x08001e0c       0x50 build/pid.o
 .text.f_Output_Limit
                0x08001e5c       0x2e build/pid.o
 .text.PidInit  0x08001e8a       0x2a build/pid.o
                0x08001e8a                PidInit
 .text.PidInitMode
                0x08001eb4       0x7e build/pid.o
                0x08001eb4                PidInitMode
 .text.pid_clear
                0x08001f32       0x24 build/pid.o
                0x08001f32                pid_clear
 .text.PidCalculate
                0x08001f56      0x14a build/pid.o
                0x08001f56                PidCalculate
 .text.motor_speed_control
                0x080020a0       0x12 build/pid.o
                0x080020a0                motor_speed_control
 *fill*         0x080020b2        0x2 
 .text.ECF_CAN_Init
                0x080020b4       0xd4 build/bsp_can.o
                0x080020b4                ECF_CAN_Init
 .text.ECF_CAN_Rx_Callback_Register
                0x08002188       0x4c build/bsp_can.o
                0x08002188                ECF_CAN_Rx_Callback_Register
 .text.HAL_CAN_RxFifo0MsgPendingCallback
                0x080021d4       0x94 build/bsp_can.o
                0x080021d4                HAL_CAN_RxFifo0MsgPendingCallback
 .text.Encoder_Struct_Zero
                0x08002268        0xc build/bsp_Motor_Encoder.o
                0x08002268                Encoder_Struct_Zero
 .text.Encoder_Init
                0x08002274       0x70 build/bsp_Motor_Encoder.o
                0x08002274                Encoder_Init
 .text.Block_Detect
                0x080022e4       0x48 build/bsp_Motor_Encoder.o
                0x080022e4                Block_Detect
 .text.angle_limiting_int16
                0x0800232c       0x1e build/bsp_Motor_Encoder.o
                0x0800232c                angle_limiting_int16
 *fill*         0x0800234a        0x2 
 .text.CAN_DATA_Encoder_Deal
                0x0800234c       0xf0 build/bsp_Motor_Encoder.o
                0x0800234c                CAN_DATA_Encoder_Deal
 .text.DJIMotor_Set_val
                0x0800243c       0x1c build/DJI_Motor.o
                0x0800243c                DJIMotor_Set_val
 .text.DJIMotor_Send_Group
                0x08002458      0x12c build/DJI_Motor.o
                0x08002458                DJIMotor_Send_Group
 .text.DJIMotor_Send
                0x08002584       0x40 build/DJI_Motor.o
                0x08002584                DJIMotor_Send
 .text.DJIMotor_Data_Deal
                0x080025c4       0x50 build/DJI_Motor.o
                0x080025c4                DJIMotor_Data_Deal
 .text.DJIMotor_Call_Back
                0x08002614       0xd4 build/DJI_Motor.o
                0x08002614                DJIMotor_Call_Back
 .text.DJIMotor_Can1_Call_Back
                0x080026e8       0x14 build/DJI_Motor.o
                0x080026e8                DJIMotor_Can1_Call_Back
 .text.DJIMotor_Can2_Call_Back
                0x080026fc       0x14 build/DJI_Motor.o
                0x080026fc                DJIMotor_Can2_Call_Back
 .text.DJIMotor_CAN_Recive_init
                0x08002710       0x24 build/DJI_Motor.o
                0x08002710                DJIMotor_CAN_Recive_init
 .text.DJIMotor_Init
                0x08002734      0x1ec build/DJI_Motor.o
                0x08002734                DJIMotor_Init
 .text.Reset_Handler
                0x08002920       0x50 build/startup_stm32f407xx.o
                0x08002920                Reset_Handler
 .text.Default_Handler
                0x08002970        0x2 build/startup_stm32f407xx.o
                0x08002970                RTC_Alarm_IRQHandler
                0x08002970                HASH_RNG_IRQHandler
                0x08002970                EXTI2_IRQHandler
                0x08002970                TIM8_CC_IRQHandler
                0x08002970                TIM1_CC_IRQHandler
                0x08002970                DMA2_Stream5_IRQHandler
                0x08002970                DMA1_Stream5_IRQHandler
                0x08002970                PVD_IRQHandler
                0x08002970                SDIO_IRQHandler
                0x08002970                TAMP_STAMP_IRQHandler
                0x08002970                CAN2_RX1_IRQHandler
                0x08002970                EXTI3_IRQHandler
                0x08002970                TIM8_TRG_COM_TIM14_IRQHandler
                0x08002970                TIM1_UP_TIM10_IRQHandler
                0x08002970                TIM8_UP_TIM13_IRQHandler
                0x08002970                I2C3_ER_IRQHandler
                0x08002970                EXTI0_IRQHandler
                0x08002970                I2C2_EV_IRQHandler
                0x08002970                DMA1_Stream2_IRQHandler
                0x08002970                FPU_IRQHandler
                0x08002970                OTG_HS_WKUP_IRQHandler
                0x08002970                CAN2_SCE_IRQHandler
                0x08002970                DMA2_Stream2_IRQHandler
                0x08002970                SPI1_IRQHandler
                0x08002970                TIM6_DAC_IRQHandler
                0x08002970                TIM1_BRK_TIM9_IRQHandler
                0x08002970                DCMI_IRQHandler
                0x08002970                DMA2_Stream3_IRQHandler
                0x08002970                USART6_IRQHandler
                0x08002970                USART3_IRQHandler
                0x08002970                CAN1_RX1_IRQHandler
                0x08002970                UART5_IRQHandler
                0x08002970                DMA2_Stream0_IRQHandler
                0x08002970                TIM4_IRQHandler
                0x08002970                I2C1_EV_IRQHandler
                0x08002970                DMA1_Stream6_IRQHandler
                0x08002970                DMA1_Stream1_IRQHandler
                0x08002970                UART4_IRQHandler
                0x08002970                TIM3_IRQHandler
                0x08002970                RCC_IRQHandler
                0x08002970                TIM8_BRK_TIM12_IRQHandler
                0x08002970                Default_Handler
                0x08002970                EXTI15_10_IRQHandler
                0x08002970                ADC_IRQHandler
                0x08002970                DMA1_Stream7_IRQHandler
                0x08002970                TIM7_IRQHandler
                0x08002970                CAN2_TX_IRQHandler
                0x08002970                TIM5_IRQHandler
                0x08002970                DMA2_Stream7_IRQHandler
                0x08002970                I2C3_EV_IRQHandler
                0x08002970                EXTI9_5_IRQHandler
                0x08002970                RTC_WKUP_IRQHandler
                0x08002970                ETH_WKUP_IRQHandler
                0x08002970                SPI2_IRQHandler
                0x08002970                OTG_HS_EP1_IN_IRQHandler
                0x08002970                DMA1_Stream0_IRQHandler
                0x08002970                CAN1_TX_IRQHandler
                0x08002970                EXTI4_IRQHandler
                0x08002970                FSMC_IRQHandler
                0x08002970                ETH_IRQHandler
                0x08002970                OTG_HS_EP1_OUT_IRQHandler
                0x08002970                WWDG_IRQHandler
                0x08002970                TIM2_IRQHandler
                0x08002970                OTG_FS_WKUP_IRQHandler
                0x08002970                TIM1_TRG_COM_TIM11_IRQHandler
                0x08002970                OTG_HS_IRQHandler
                0x08002970                EXTI1_IRQHandler
                0x08002970                USART2_IRQHandler
                0x08002970                I2C2_ER_IRQHandler
                0x08002970                DMA2_Stream1_IRQHandler
                0x08002970                CAN1_SCE_IRQHandler
                0x08002970                FLASH_IRQHandler
                0x08002970                DMA2_Stream4_IRQHandler
                0x08002970                USART1_IRQHandler
                0x08002970                OTG_FS_IRQHandler
                0x08002970                SPI3_IRQHandler
                0x08002970                DMA1_Stream4_IRQHandler
                0x08002970                I2C1_ER_IRQHandler
                0x08002970                DMA2_Stream6_IRQHandler
                0x08002970                DMA1_Stream3_IRQHandler
 *fill*         0x08002972        0x2 
 .text.__libc_init_array
                0x08002974       0x48 d:/gcc-arm-none-eabi-10.3-2021.10/bin/../lib/gcc/arm-none-eabi/10.3.1/../../../../arm-none-eabi/lib/thumb/v7e-m+fp/hard\libc_nano.a(lib_a-init.o)
                0x08002974                __libc_init_array
 .text.memset   0x080029bc       0x10 d:/gcc-arm-none-eabi-10.3-2021.10/bin/../lib/gcc/arm-none-eabi/10.3.1/../../../../arm-none-eabi/lib/thumb/v7e-m+fp/hard\libc_nano.a(lib_a-memset.o)
                0x080029bc                memset
 *(.glue_7)
 .glue_7        0x080029cc        0x0 linker stubs
 *(.glue_7t)
 .glue_7t       0x080029cc        0x0 linker stubs
 *(.eh_frame)
 .eh_frame      0x080029cc        0x0 d:/gcc-arm-none-eabi-10.3-2021.10/bin/../lib/gcc/arm-none-eabi/10.3.1/thumb/v7e-m+fp/hard/crtbegin.o
 *(.init)
 .init          0x080029cc        0x4 d:/gcc-arm-none-eabi-10.3-2021.10/bin/../lib/gcc/arm-none-eabi/10.3.1/thumb/v7e-m+fp/hard/crti.o
                0x080029cc                _init
 .init          0x080029d0        0x8 d:/gcc-arm-none-eabi-10.3-2021.10/bin/../lib/gcc/arm-none-eabi/10.3.1/thumb/v7e-m+fp/hard/crtn.o
 *(.fini)
 .fini          0x080029d8        0x4 d:/gcc-arm-none-eabi-10.3-2021.10/bin/../lib/gcc/arm-none-eabi/10.3.1/thumb/v7e-m+fp/hard/crti.o
                0x080029d8                _fini
 .fini          0x080029dc        0x8 d:/gcc-arm-none-eabi-10.3-2021.10/bin/../lib/gcc/arm-none-eabi/10.3.1/thumb/v7e-m+fp/hard/crtn.o
                0x080029e4                . = ALIGN (0x4)
                0x080029e4                _etext = .

.vfp11_veneer   0x080029e4        0x0
 .vfp11_veneer  0x080029e4        0x0 linker stubs

.v4_bx          0x080029e4        0x0
 .v4_bx         0x080029e4        0x0 linker stubs

.iplt           0x080029e4        0x0
 .iplt          0x080029e4        0x0 d:/gcc-arm-none-eabi-10.3-2021.10/bin/../lib/gcc/arm-none-eabi/10.3.1/thumb/v7e-m+fp/hard/crtbegin.o

.rodata         0x080029e4       0x10
                0x080029e4                . = ALIGN (0x4)
 *(.rodata)
 *(.rodata*)
 .rodata.AHBPrescTable
                0x080029e4       0x10 build/system_stm32f4xx.o
                0x080029e4                AHBPrescTable
                0x080029f4                . = ALIGN (0x4)

.ARM.extab
 *(.ARM.extab* .gnu.linkonce.armextab.*)

.ARM            0x080029f4        0x8
                0x080029f4                __exidx_start = .
 *(.ARM.exidx*)
 .ARM.exidx     0x080029f4        0x8 d:/gcc-arm-none-eabi-10.3-2021.10/bin/../lib/gcc/arm-none-eabi/10.3.1/thumb/v7e-m+fp/hard\libgcc.a(_udivmoddi4.o)
                0x080029fc                __exidx_end = .

.rel.dyn        0x080029fc        0x0
 .rel.iplt      0x080029fc        0x0 d:/gcc-arm-none-eabi-10.3-2021.10/bin/../lib/gcc/arm-none-eabi/10.3.1/thumb/v7e-m+fp/hard/crtbegin.o

.preinit_array  0x080029fc        0x0
                0x080029fc                PROVIDE (__preinit_array_start = .)
 *(.preinit_array*)
                0x080029fc                PROVIDE (__preinit_array_end = .)

.init_array     0x080029fc        0x4
                0x080029fc                PROVIDE (__init_array_start = .)
 *(SORT_BY_NAME(.init_array.*))
 *(.init_array*)
 .init_array    0x080029fc        0x4 d:/gcc-arm-none-eabi-10.3-2021.10/bin/../lib/gcc/arm-none-eabi/10.3.1/thumb/v7e-m+fp/hard/crtbegin.o
                0x08002a00                PROVIDE (__init_array_end = .)

.fini_array     0x08002a00        0x4
                [!provide]                PROVIDE (__fini_array_start = .)
 *(SORT_BY_NAME(.fini_array.*))
 *(.fini_array*)
 .fini_array    0x08002a00        0x4 d:/gcc-arm-none-eabi-10.3-2021.10/bin/../lib/gcc/arm-none-eabi/10.3.1/thumb/v7e-m+fp/hard/crtbegin.o
                [!provide]                PROVIDE (__fini_array_end = .)
                0x08002a04                _sidata = LOADADDR (.data)

.data           0x20000000       0x14 load address 0x08002a04
                0x20000000                . = ALIGN (0x4)
                0x20000000                _sdata = .
 *(.data)
 *(.data*)
 .data.uwTickFreq
                0x20000000        0x1 build/stm32f4xx_hal.o
                0x20000000                uwTickFreq
 *fill*         0x20000001        0x3 
 .data.uwTickPrio
                0x20000004        0x4 build/stm32f4xx_hal.o
                0x20000004                uwTickPrio
 .data.SystemCoreClock
                0x20000008        0x4 build/system_stm32f4xx.o
                0x20000008                SystemCoreClock
 .data.RX_ID_205_208_type
                0x2000000c        0x8 build/DJI_Motor.o
                0x20000014                . = ALIGN (0x4)
                0x20000014                _edata = .
                0x08002a18                _siccmram = LOADADDR (.ccmram)

.igot.plt       0x20000014        0x0 load address 0x08002a18
 .igot.plt      0x20000014        0x0 d:/gcc-arm-none-eabi-10.3-2021.10/bin/../lib/gcc/arm-none-eabi/10.3.1/thumb/v7e-m+fp/hard/crtbegin.o

.ccmram         0x10000000        0x0 load address 0x08002a18
                0x10000000                . = ALIGN (0x4)
                0x10000000                _sccmram = .
 *(.ccmram)
 *(.ccmram*)
                0x10000000                . = ALIGN (0x4)
                0x10000000                _eccmram = .
                0x10000000                . = ALIGN (0x4)

.bss            0x20000014     0x1cdc
                0x20000014                _sbss = .
                0x20000014                __bss_start__ = _sbss
 *(.bss)
 .bss           0x20000014       0x1c d:/gcc-arm-none-eabi-10.3-2021.10/bin/../lib/gcc/arm-none-eabi/10.3.1/thumb/v7e-m+fp/hard/crtbegin.o
 *(.bss*)
 .bss.Fire      0x20000030       0x10 build/main.o
                0x20000030                Fire
 .bss.fire_set  0x20000040        0x1 build/main.o
                0x20000040                fire_set
 *fill*         0x20000041        0x1 
 .bss.left_speed
                0x20000042        0x2 build/main.o
                0x20000042                left_speed
 .bss.left_speed_up
                0x20000044        0x2 build/main.o
                0x20000044                left_speed_up
 .bss.right_speed
                0x20000046        0x2 build/main.o
                0x20000046                right_speed
 .bss.right_speed_up
                0x20000048        0x2 build/main.o
                0x20000048                right_speed_up
 *fill*         0x2000004a        0x2 
 .bss.HAL_RCC_CAN1_CLK_ENABLED
                0x2000004c        0x4 build/can.o
 .bss.hcan1     0x20000050       0x28 build/can.o
                0x20000050                hcan1
 .bss.hcan2     0x20000078       0x28 build/can.o
                0x20000078                hcan2
 .bss.uwTick    0x200000a0        0x4 build/stm32f4xx_hal.o
                0x200000a0                uwTick
 .bss.CAN_rx_callback
                0x200000a4      0x280 build/bsp_can.o
 .bss.NUM_of_can_and_id_type
                0x20000324        0x4 build/bsp_can.o
                0x20000324                NUM_of_can_and_id_type
 .bss.ALL_Motor
                0x20000328     0x1940 build/DJI_Motor.o
                0x20000328                ALL_Motor
 .bss.CAN_TxHeader_DJI
                0x20001c68       0x18 build/DJI_Motor.o
 .bss.DJIMotor_CallBack_Init_Flag
                0x20001c80        0x1 build/DJI_Motor.o
 *fill*         0x20001c81        0x3 
 .bss.DJI_Motor_Tx_Data
                0x20001c84        0x8 build/DJI_Motor.o
 .bss.Ground    0x20001c8c       0x60 build/DJI_Motor.o
 .bss.send_mail_box
                0x20001cec        0x4 build/DJI_Motor.o
 *(COMMON)
                0x20001cf0                . = ALIGN (0x4)
                0x20001cf0                _ebss = .
                0x20001cf0                __bss_end__ = _ebss

._user_heap_stack
                0x20001cf0     0x4000
                0x20001cf0                . = ALIGN (0x8)
                [!provide]                PROVIDE (end = .)
                0x20001cf0                PROVIDE (_end = .)
                0x20003cf0                . = (. + _Min_Heap_Size)
 *fill*         0x20001cf0     0x2000 
                0x20005cf0                . = (. + _Min_Stack_Size)
 *fill*         0x20003cf0     0x2000 
                0x20005cf0                . = ALIGN (0x8)

/DISCARD/
 libc.a(*)
 libm.a(*)
 libgcc.a(*)

.ARM.attributes
                0x00000000       0x30
 *(.ARM.attributes)
 .ARM.attributes
                0x00000000       0x1e d:/gcc-arm-none-eabi-10.3-2021.10/bin/../lib/gcc/arm-none-eabi/10.3.1/thumb/v7e-m+fp/hard/crti.o
 .ARM.attributes
                0x0000001e       0x34 d:/gcc-arm-none-eabi-10.3-2021.10/bin/../lib/gcc/arm-none-eabi/10.3.1/thumb/v7e-m+fp/hard/crtbegin.o
 .ARM.attributes
                0x00000052       0x34 build/main.o
 .ARM.attributes
                0x00000086       0x34 build/gpio.o
 .ARM.attributes
                0x000000ba       0x34 build/can.o
 .ARM.attributes
                0x000000ee       0x34 build/stm32f4xx_it.o
 .ARM.attributes
                0x00000122       0x34 build/stm32f4xx_hal_msp.o
 .ARM.attributes
                0x00000156       0x34 build/stm32f4xx_hal_can.o
 .ARM.attributes
                0x0000018a       0x34 build/stm32f4xx_hal_rcc.o
 .ARM.attributes
                0x000001be       0x34 build/stm32f4xx_hal_gpio.o
 .ARM.attributes
                0x000001f2       0x34 build/stm32f4xx_hal_cortex.o
 .ARM.attributes
                0x00000226       0x34 build/stm32f4xx_hal.o
 .ARM.attributes
                0x0000025a       0x34 build/system_stm32f4xx.o
 .ARM.attributes
                0x0000028e       0x34 build/pid.o
 .ARM.attributes
                0x000002c2       0x34 build/bsp_can.o
 .ARM.attributes
                0x000002f6       0x34 build/bsp_Motor_Encoder.o
 .ARM.attributes
                0x0000032a       0x34 build/DJI_Motor.o
 .ARM.attributes
                0x0000035e       0x21 build/startup_stm32f407xx.o
 .ARM.attributes
                0x0000037f       0x34 d:/gcc-arm-none-eabi-10.3-2021.10/bin/../lib/gcc/arm-none-eabi/10.3.1/../../../../arm-none-eabi/lib/thumb/v7e-m+fp/hard\libc_nano.a(lib_a-init.o)
 .ARM.attributes
                0x000003b3       0x34 d:/gcc-arm-none-eabi-10.3-2021.10/bin/../lib/gcc/arm-none-eabi/10.3.1/../../../../arm-none-eabi/lib/thumb/v7e-m+fp/hard\libc_nano.a(lib_a-memset.o)
 .ARM.attributes
                0x000003e7       0x1e d:/gcc-arm-none-eabi-10.3-2021.10/bin/../lib/gcc/arm-none-eabi/10.3.1/thumb/v7e-m+fp/hard\libgcc.a(_aeabi_uldivmod.o)
 .ARM.attributes
                0x00000405       0x34 d:/gcc-arm-none-eabi-10.3-2021.10/bin/../lib/gcc/arm-none-eabi/10.3.1/thumb/v7e-m+fp/hard\libgcc.a(_udivmoddi4.o)
 .ARM.attributes
                0x00000439       0x1e d:/gcc-arm-none-eabi-10.3-2021.10/bin/../lib/gcc/arm-none-eabi/10.3.1/thumb/v7e-m+fp/hard\libgcc.a(_dvmd_tls.o)
 .ARM.attributes
                0x00000457       0x1e d:/gcc-arm-none-eabi-10.3-2021.10/bin/../lib/gcc/arm-none-eabi/10.3.1/thumb/v7e-m+fp/hard/crtn.o
OUTPUT(build/Fire_Test.elf elf32-littlearm)
LOAD linker stubs
LOAD d:/gcc-arm-none-eabi-10.3-2021.10/bin/../lib/gcc/arm-none-eabi/10.3.1/../../../../arm-none-eabi/lib/thumb/v7e-m+fp/hard\libc.a
LOAD d:/gcc-arm-none-eabi-10.3-2021.10/bin/../lib/gcc/arm-none-eabi/10.3.1/../../../../arm-none-eabi/lib/thumb/v7e-m+fp/hard\libm.a
LOAD d:/gcc-arm-none-eabi-10.3-2021.10/bin/../lib/gcc/arm-none-eabi/10.3.1/thumb/v7e-m+fp/hard\libgcc.a

.debug_info     0x00000000     0xb5dc
 .debug_info    0x00000000     0x1781 build/main.o
 .debug_info    0x00001781      0x499 build/gpio.o
 .debug_info    0x00001c1a      0xd93 build/can.o
 .debug_info    0x000029ad      0x622 build/stm32f4xx_it.o
 .debug_info    0x00002fcf      0x2eb build/stm32f4xx_hal_msp.o
 .debug_info    0x000032ba     0x13e5 build/stm32f4xx_hal_can.o
 .debug_info    0x0000469f      0xbe6 build/stm32f4xx_hal_rcc.o
 .debug_info    0x00005285      0x848 build/stm32f4xx_hal_gpio.o
 .debug_info    0x00005acd     0x11c6 build/stm32f4xx_hal_cortex.o
 .debug_info    0x00006c93      0xacf build/stm32f4xx_hal.o
 .debug_info    0x00007762      0x5b3 build/system_stm32f4xx.o
 .debug_info    0x00007d15      0x8a9 build/pid.o
 .debug_info    0x000085be      0xfaa build/bsp_can.o
 .debug_info    0x00009568      0xc49 build/bsp_Motor_Encoder.o
 .debug_info    0x0000a1b1     0x1409 build/DJI_Motor.o
 .debug_info    0x0000b5ba       0x22 build/startup_stm32f407xx.o

.debug_abbrev   0x00000000     0x1f64
 .debug_abbrev  0x00000000      0x23f build/main.o
 .debug_abbrev  0x0000023f      0x128 build/gpio.o
 .debug_abbrev  0x00000367      0x1c7 build/can.o
 .debug_abbrev  0x0000052e      0x166 build/stm32f4xx_it.o
 .debug_abbrev  0x00000694       0xd3 build/stm32f4xx_hal_msp.o
 .debug_abbrev  0x00000767      0x27d build/stm32f4xx_hal_can.o
 .debug_abbrev  0x000009e4      0x2aa build/stm32f4xx_hal_rcc.o
 .debug_abbrev  0x00000c8e      0x22b build/stm32f4xx_hal_gpio.o
 .debug_abbrev  0x00000eb9      0x379 build/stm32f4xx_hal_cortex.o
 .debug_abbrev  0x00001232      0x209 build/stm32f4xx_hal.o
 .debug_abbrev  0x0000143b      0x11b build/system_stm32f4xx.o
 .debug_abbrev  0x00001556      0x20b build/pid.o
 .debug_abbrev  0x00001761      0x26e build/bsp_can.o
 .debug_abbrev  0x000019cf      0x26b build/bsp_Motor_Encoder.o
 .debug_abbrev  0x00001c3a      0x318 build/DJI_Motor.o
 .debug_abbrev  0x00001f52       0x12 build/startup_stm32f407xx.o

.debug_loc      0x00000000     0x40df
 .debug_loc     0x00000000      0x11a build/main.o
 .debug_loc     0x0000011a       0x38 build/gpio.o
 .debug_loc     0x00000152      0x16f build/can.o
 .debug_loc     0x000002c1       0x60 build/stm32f4xx_it.o
 .debug_loc     0x00000321       0x2c build/stm32f4xx_hal_msp.o
 .debug_loc     0x0000034d      0xf51 build/stm32f4xx_hal_can.o
 .debug_loc     0x0000129e      0x6e4 build/stm32f4xx_hal_rcc.o
 .debug_loc     0x00001982      0x5e8 build/stm32f4xx_hal_gpio.o
 .debug_loc     0x00001f6a      0x7a4 build/stm32f4xx_hal_cortex.o
 .debug_loc     0x0000270e      0x1e1 build/stm32f4xx_hal.o
 .debug_loc     0x000028ef      0x158 build/system_stm32f4xx.o
 .debug_loc     0x00002a47      0x4e6 build/pid.o
 .debug_loc     0x00002f2d      0x2cc build/bsp_can.o
 .debug_loc     0x000031f9      0x5f0 build/bsp_Motor_Encoder.o
 .debug_loc     0x000037e9      0x8f6 build/DJI_Motor.o

.debug_aranges  0x00000000      0x6f0
 .debug_aranges
                0x00000000       0x48 build/main.o
 .debug_aranges
                0x00000048       0x20 build/gpio.o
 .debug_aranges
                0x00000068       0x38 build/can.o
 .debug_aranges
                0x000000a0       0x70 build/stm32f4xx_it.o
 .debug_aranges
                0x00000110       0x20 build/stm32f4xx_hal_msp.o
 .debug_aranges
                0x00000130      0x138 build/stm32f4xx_hal_can.o
 .debug_aranges
                0x00000268       0x88 build/stm32f4xx_hal_rcc.o
 .debug_aranges
                0x000002f0       0x58 build/stm32f4xx_hal_gpio.o
 .debug_aranges
                0x00000348       0xc0 build/stm32f4xx_hal_cortex.o
 .debug_aranges
                0x00000408       0xf0 build/stm32f4xx_hal.o
 .debug_aranges
                0x000004f8       0x28 build/system_stm32f4xx.o
 .debug_aranges
                0x00000520       0x88 build/pid.o
 .debug_aranges
                0x000005a8       0x38 build/bsp_can.o
 .debug_aranges
                0x000005e0       0x60 build/bsp_Motor_Encoder.o
 .debug_aranges
                0x00000640       0x88 build/DJI_Motor.o
 .debug_aranges
                0x000006c8       0x28 build/startup_stm32f407xx.o

.debug_ranges   0x00000000      0x6a0
 .debug_ranges  0x00000000       0x38 build/main.o
 .debug_ranges  0x00000038       0x10 build/gpio.o
 .debug_ranges  0x00000048       0x28 build/can.o
 .debug_ranges  0x00000070       0x60 build/stm32f4xx_it.o
 .debug_ranges  0x000000d0       0x10 build/stm32f4xx_hal_msp.o
 .debug_ranges  0x000000e0      0x140 build/stm32f4xx_hal_can.o
 .debug_ranges  0x00000220       0x90 build/stm32f4xx_hal_rcc.o
 .debug_ranges  0x000002b0       0x48 build/stm32f4xx_hal_gpio.o
 .debug_ranges  0x000002f8      0x110 build/stm32f4xx_hal_cortex.o
 .debug_ranges  0x00000408       0xe0 build/stm32f4xx_hal.o
 .debug_ranges  0x000004e8       0x18 build/system_stm32f4xx.o
 .debug_ranges  0x00000500       0x78 build/pid.o
 .debug_ranges  0x00000578       0x40 build/bsp_can.o
 .debug_ranges  0x000005b8       0x50 build/bsp_Motor_Encoder.o
 .debug_ranges  0x00000608       0x78 build/DJI_Motor.o
 .debug_ranges  0x00000680       0x20 build/startup_stm32f407xx.o

.debug_line     0x00000000     0x5c1d
 .debug_line    0x00000000      0x5a0 build/main.o
 .debug_line    0x000005a0      0x183 build/gpio.o
 .debug_line    0x00000723      0x4a9 build/can.o
 .debug_line    0x00000bcc      0x2a9 build/stm32f4xx_it.o
 .debug_line    0x00000e75      0x139 build/stm32f4xx_hal_msp.o
 .debug_line    0x00000fae     0x10dc build/stm32f4xx_hal_can.o
 .debug_line    0x0000208a      0xb27 build/stm32f4xx_hal_rcc.o
 .debug_line    0x00002bb1      0x6bf build/stm32f4xx_hal_gpio.o
 .debug_line    0x00003270      0x78a build/stm32f4xx_hal_cortex.o
 .debug_line    0x000039fa      0x543 build/stm32f4xx_hal.o
 .debug_line    0x00003f3d      0x22e build/system_stm32f4xx.o
 .debug_line    0x0000416b      0x5ed build/pid.o
 .debug_line    0x00004758      0x39d build/bsp_can.o
 .debug_line    0x00004af5      0x768 build/bsp_Motor_Encoder.o
 .debug_line    0x0000525d      0x94a build/DJI_Motor.o
 .debug_line    0x00005ba7       0x76 build/startup_stm32f407xx.o

.debug_str      0x00000000     0x2d05
 .debug_str     0x00000000      0xb76 build/main.o
                                0xcd7 (size before relaxing)
 .debug_str     0x00000b76       0x4e build/gpio.o
                                0x31f (size before relaxing)
 .debug_str     0x00000bc4      0x5a7 build/can.o
                                0xb4e (size before relaxing)
 .debug_str     0x0000116b       0xef build/stm32f4xx_it.o
                                0x4f1 (size before relaxing)
 .debug_str     0x0000125a       0x29 build/stm32f4xx_hal_msp.o
                                0x29c (size before relaxing)
 .debug_str     0x00001283      0x575 build/stm32f4xx_hal_can.o
                                0xa16 (size before relaxing)
 .debug_str     0x000017f8      0x219 build/stm32f4xx_hal_rcc.o
                                0x6e7 (size before relaxing)
 .debug_str     0x00001a11      0x142 build/stm32f4xx_hal_gpio.o
                                0x4c1 (size before relaxing)
 .debug_str     0x00001b53      0x51a build/stm32f4xx_hal_cortex.o
                                0xc56 (size before relaxing)
 .debug_str     0x0000206d      0x295 build/stm32f4xx_hal.o
                                0xb3b (size before relaxing)
 .debug_str     0x00002302       0x47 build/system_stm32f4xx.o
                                0x356 (size before relaxing)
 .debug_str     0x00002349      0x164 build/pid.o
                                0x50c (size before relaxing)
 .debug_str     0x000024ad      0x407 build/bsp_can.o
                                0xa16 (size before relaxing)
 .debug_str     0x000028b4      0x1f2 build/bsp_Motor_Encoder.o
                                0x84b (size before relaxing)
 .debug_str     0x00002aa6      0x23b build/DJI_Motor.o
                                0xbd1 (size before relaxing)
 .debug_str     0x00002ce1       0x24 build/startup_stm32f407xx.o
                                 0x4b (size before relaxing)

.comment        0x00000000       0x49
 .comment       0x00000000       0x49 build/main.o
                                 0x4a (size before relaxing)
 .comment       0x00000049       0x4a build/gpio.o
 .comment       0x00000049       0x4a build/can.o
 .comment       0x00000049       0x4a build/stm32f4xx_it.o
 .comment       0x00000049       0x4a build/stm32f4xx_hal_msp.o
 .comment       0x00000049       0x4a build/stm32f4xx_hal_can.o
 .comment       0x00000049       0x4a build/stm32f4xx_hal_rcc.o
 .comment       0x00000049       0x4a build/stm32f4xx_hal_gpio.o
 .comment       0x00000049       0x4a build/stm32f4xx_hal_cortex.o
 .comment       0x00000049       0x4a build/stm32f4xx_hal.o
 .comment       0x00000049       0x4a build/system_stm32f4xx.o
 .comment       0x00000049       0x4a build/pid.o
 .comment       0x00000049       0x4a build/bsp_can.o
 .comment       0x00000049       0x4a build/bsp_Motor_Encoder.o
 .comment       0x00000049       0x4a build/DJI_Motor.o

.debug_frame    0x00000000      0xff0
 .debug_frame   0x00000000       0xdc build/main.o
 .debug_frame   0x000000dc       0x2c build/gpio.o
 .debug_frame   0x00000108       0x78 build/can.o
 .debug_frame   0x00000180       0xd8 build/stm32f4xx_it.o
 .debug_frame   0x00000258       0x28 build/stm32f4xx_hal_msp.o
 .debug_frame   0x00000280      0x2d8 build/stm32f4xx_hal_can.o
 .debug_frame   0x00000558      0x16c build/stm32f4xx_hal_rcc.o
 .debug_frame   0x000006c4       0xd8 build/stm32f4xx_hal_gpio.o
 .debug_frame   0x0000079c      0x178 build/stm32f4xx_hal_cortex.o
 .debug_frame   0x00000914      0x1ec build/stm32f4xx_hal.o
 .debug_frame   0x00000b00       0x30 build/system_stm32f4xx.o
 .debug_frame   0x00000b30      0x13c build/pid.o
 .debug_frame   0x00000c6c       0x88 build/bsp_can.o
 .debug_frame   0x00000cf4       0xf4 build/bsp_Motor_Encoder.o
 .debug_frame   0x00000de8      0x15c build/DJI_Motor.o
 .debug_frame   0x00000f44       0x2c d:/gcc-arm-none-eabi-10.3-2021.10/bin/../lib/gcc/arm-none-eabi/10.3.1/../../../../arm-none-eabi/lib/thumb/v7e-m+fp/hard\libc_nano.a(lib_a-init.o)
 .debug_frame   0x00000f70       0x20 d:/gcc-arm-none-eabi-10.3-2021.10/bin/../lib/gcc/arm-none-eabi/10.3.1/../../../../arm-none-eabi/lib/thumb/v7e-m+fp/hard\libc_nano.a(lib_a-memset.o)
 .debug_frame   0x00000f90       0x2c d:/gcc-arm-none-eabi-10.3-2021.10/bin/../lib/gcc/arm-none-eabi/10.3.1/thumb/v7e-m+fp/hard\libgcc.a(_aeabi_uldivmod.o)
 .debug_frame   0x00000fbc       0x34 d:/gcc-arm-none-eabi-10.3-2021.10/bin/../lib/gcc/arm-none-eabi/10.3.1/thumb/v7e-m+fp/hard\libgcc.a(_udivmoddi4.o)

Cross Reference Table

Symbol                                            File
ADC_IRQHandler                                    build/startup_stm32f407xx.o
AHBPrescTable                                     build/system_stm32f4xx.o
                                                  build/stm32f4xx_hal_rcc.o
ALL_Motor                                         build/DJI_Motor.o
APBPrescTable                                     build/system_stm32f4xx.o
                                                  build/stm32f4xx_hal_rcc.o
Block_Detect                                      build/bsp_Motor_Encoder.o
Briter_Encoder_Code_Set                           build/bsp_Motor_Encoder.o
BusFault_Handler                                  build/stm32f4xx_it.o
CAN1_RX0_IRQHandler                               build/stm32f4xx_it.o
CAN1_RX1_IRQHandler                               build/startup_stm32f407xx.o
CAN1_SCE_IRQHandler                               build/startup_stm32f407xx.o
CAN1_TX_IRQHandler                                build/startup_stm32f407xx.o
CAN2_RX0_IRQHandler                               build/stm32f4xx_it.o
CAN2_RX1_IRQHandler                               build/startup_stm32f407xx.o
CAN2_SCE_IRQHandler                               build/startup_stm32f407xx.o
CAN2_TX_IRQHandler                                build/startup_stm32f407xx.o
CAN_DATA_Encoder_Deal                             build/bsp_Motor_Encoder.o
                                                  build/DJI_Motor.o
CAN_Encoder                                       build/bsp_Motor_Encoder.o
DCMI_IRQHandler                                   build/startup_stm32f407xx.o
DJIMotor_CAN_Recive_init                          build/DJI_Motor.o
DJIMotor_Call_Back                                build/DJI_Motor.o
DJIMotor_Can1_Call_Back                           build/DJI_Motor.o
DJIMotor_Can2_Call_Back                           build/DJI_Motor.o
DJIMotor_CanRx_Callback                           build/DJI_Motor.o
DJIMotor_Data_Deal                                build/DJI_Motor.o
DJIMotor_Init                                     build/DJI_Motor.o
                                                  build/main.o
DJIMotor_PID_Calc                                 build/DJI_Motor.o
DJIMotor_Send                                     build/DJI_Motor.o
                                                  build/main.o
DJIMotor_Send_Group                               build/DJI_Motor.o
DJIMotor_Set_speed_val                            build/DJI_Motor.o
DJIMotor_Set_val                                  build/DJI_Motor.o
                                                  build/main.o
DJMotor_Send_only_one                             build/DJI_Motor.o
DMA1_Stream0_IRQHandler                           build/startup_stm32f407xx.o
DMA1_Stream1_IRQHandler                           build/startup_stm32f407xx.o
DMA1_Stream2_IRQHandler                           build/startup_stm32f407xx.o
DMA1_Stream3_IRQHandler                           build/startup_stm32f407xx.o
DMA1_Stream4_IRQHandler                           build/startup_stm32f407xx.o
DMA1_Stream5_IRQHandler                           build/startup_stm32f407xx.o
DMA1_Stream6_IRQHandler                           build/startup_stm32f407xx.o
DMA1_Stream7_IRQHandler                           build/startup_stm32f407xx.o
DMA2_Stream0_IRQHandler                           build/startup_stm32f407xx.o
DMA2_Stream1_IRQHandler                           build/startup_stm32f407xx.o
DMA2_Stream2_IRQHandler                           build/startup_stm32f407xx.o
DMA2_Stream3_IRQHandler                           build/startup_stm32f407xx.o
DMA2_Stream4_IRQHandler                           build/startup_stm32f407xx.o
DMA2_Stream5_IRQHandler                           build/startup_stm32f407xx.o
DMA2_Stream6_IRQHandler                           build/startup_stm32f407xx.o
DMA2_Stream7_IRQHandler                           build/startup_stm32f407xx.o
DebugMon_Handler                                  build/stm32f4xx_it.o
Default_Handler                                   build/startup_stm32f407xx.o
ECF_CAN_Init                                      build/bsp_can.o
                                                  build/main.o
ECF_CAN_Rx_Callback_Register                      build/bsp_can.o
                                                  build/DJI_Motor.o
ETH_IRQHandler                                    build/startup_stm32f407xx.o
ETH_WKUP_IRQHandler                               build/startup_stm32f407xx.o
EXTI0_IRQHandler                                  build/startup_stm32f407xx.o
EXTI15_10_IRQHandler                              build/startup_stm32f407xx.o
EXTI1_IRQHandler                                  build/startup_stm32f407xx.o
EXTI2_IRQHandler                                  build/startup_stm32f407xx.o
EXTI3_IRQHandler                                  build/startup_stm32f407xx.o
EXTI4_IRQHandler                                  build/startup_stm32f407xx.o
EXTI9_5_IRQHandler                                build/startup_stm32f407xx.o
EncoderValZero                                    build/bsp_Motor_Encoder.o
Encoder_Init                                      build/bsp_Motor_Encoder.o
                                                  build/DJI_Motor.o
Encoder_Struct_Zero                               build/bsp_Motor_Encoder.o
Error_Handler                                     build/main.o
                                                  build/can.o
FLASH_Erase_Sector                                build/stm32f4xx_hal_flash_ex.o
                                                  build/stm32f4xx_hal_flash.o
FLASH_FlushCaches                                 build/stm32f4xx_hal_flash_ex.o
                                                  build/stm32f4xx_hal_flash.o
FLASH_IRQHandler                                  build/startup_stm32f407xx.o
FLASH_WaitForLastOperation                        build/stm32f4xx_hal_flash.o
                                                  build/stm32f4xx_hal_flash_ex.o
FPU_IRQHandler                                    build/startup_stm32f407xx.o
FSMC_IRQHandler                                   build/startup_stm32f407xx.o
Fire                                              build/main.o
Get_Chassis_motor_encoder_point                   build/bsp_Motor_Encoder.o
Get_MI_motor                                      build/bsp_can.o
HAL_CAN_AbortTxRequest                            build/stm32f4xx_hal_can.o
HAL_CAN_ActivateNotification                      build/stm32f4xx_hal_can.o
                                                  build/bsp_can.o
HAL_CAN_AddTxMessage                              build/stm32f4xx_hal_can.o
                                                  build/DJI_Motor.o
                                                  build/bsp_Motor_Encoder.o
HAL_CAN_ConfigFilter                              build/stm32f4xx_hal_can.o
                                                  build/bsp_can.o
HAL_CAN_DeInit                                    build/stm32f4xx_hal_can.o
HAL_CAN_DeactivateNotification                    build/stm32f4xx_hal_can.o
HAL_CAN_ErrorCallback                             build/stm32f4xx_hal_can.o
HAL_CAN_GetError                                  build/stm32f4xx_hal_can.o
HAL_CAN_GetRxFifoFillLevel                        build/stm32f4xx_hal_can.o
HAL_CAN_GetRxMessage                              build/stm32f4xx_hal_can.o
                                                  build/bsp_can.o
HAL_CAN_GetState                                  build/stm32f4xx_hal_can.o
HAL_CAN_GetTxMailboxesFreeLevel                   build/stm32f4xx_hal_can.o
                                                  build/bsp_Motor_Encoder.o
HAL_CAN_GetTxTimestamp                            build/stm32f4xx_hal_can.o
HAL_CAN_IRQHandler                                build/stm32f4xx_hal_can.o
                                                  build/stm32f4xx_it.o
HAL_CAN_Init                                      build/stm32f4xx_hal_can.o
                                                  build/can.o
HAL_CAN_IsSleepActive                             build/stm32f4xx_hal_can.o
HAL_CAN_IsTxMessagePending                        build/stm32f4xx_hal_can.o
HAL_CAN_MspDeInit                                 build/can.o
HAL_CAN_MspInit                                   build/can.o
HAL_CAN_RequestSleep                              build/stm32f4xx_hal_can.o
HAL_CAN_ResetError                                build/stm32f4xx_hal_can.o
HAL_CAN_RxFifo0FullCallback                       build/stm32f4xx_hal_can.o
HAL_CAN_RxFifo0MsgPendingCallback                 build/bsp_can.o
                                                  build/stm32f4xx_hal_can.o
HAL_CAN_RxFifo1FullCallback                       build/stm32f4xx_hal_can.o
HAL_CAN_RxFifo1MsgPendingCallback                 build/stm32f4xx_hal_can.o
HAL_CAN_SleepCallback                             build/stm32f4xx_hal_can.o
HAL_CAN_Start                                     build/stm32f4xx_hal_can.o
                                                  build/bsp_can.o
HAL_CAN_Stop                                      build/stm32f4xx_hal_can.o
HAL_CAN_TxMailbox0AbortCallback                   build/stm32f4xx_hal_can.o
HAL_CAN_TxMailbox0CompleteCallback                build/stm32f4xx_hal_can.o
HAL_CAN_TxMailbox1AbortCallback                   build/stm32f4xx_hal_can.o
HAL_CAN_TxMailbox1CompleteCallback                build/stm32f4xx_hal_can.o
HAL_CAN_TxMailbox2AbortCallback                   build/stm32f4xx_hal_can.o
HAL_CAN_TxMailbox2CompleteCallback                build/stm32f4xx_hal_can.o
HAL_CAN_WakeUp                                    build/stm32f4xx_hal_can.o
HAL_CAN_WakeUpFromRxMsgCallback                   build/stm32f4xx_hal_can.o
HAL_CORTEX_ClearEvent                             build/stm32f4xx_hal_cortex.o
HAL_DBGMCU_DisableDBGSleepMode                    build/stm32f4xx_hal.o
HAL_DBGMCU_DisableDBGStandbyMode                  build/stm32f4xx_hal.o
HAL_DBGMCU_DisableDBGStopMode                     build/stm32f4xx_hal.o
HAL_DBGMCU_EnableDBGSleepMode                     build/stm32f4xx_hal.o
HAL_DBGMCU_EnableDBGStandbyMode                   build/stm32f4xx_hal.o
HAL_DBGMCU_EnableDBGStopMode                      build/stm32f4xx_hal.o
HAL_DMAEx_ChangeMemory                            build/stm32f4xx_hal_dma_ex.o
HAL_DMAEx_MultiBufferStart                        build/stm32f4xx_hal_dma_ex.o
HAL_DMAEx_MultiBufferStart_IT                     build/stm32f4xx_hal_dma_ex.o
HAL_DMA_Abort                                     build/stm32f4xx_hal_dma.o
HAL_DMA_Abort_IT                                  build/stm32f4xx_hal_dma.o
HAL_DMA_DeInit                                    build/stm32f4xx_hal_dma.o
HAL_DMA_GetError                                  build/stm32f4xx_hal_dma.o
HAL_DMA_GetState                                  build/stm32f4xx_hal_dma.o
HAL_DMA_IRQHandler                                build/stm32f4xx_hal_dma.o
HAL_DMA_Init                                      build/stm32f4xx_hal_dma.o
HAL_DMA_PollForTransfer                           build/stm32f4xx_hal_dma.o
HAL_DMA_RegisterCallback                          build/stm32f4xx_hal_dma.o
HAL_DMA_Start                                     build/stm32f4xx_hal_dma.o
HAL_DMA_Start_IT                                  build/stm32f4xx_hal_dma.o
HAL_DMA_UnRegisterCallback                        build/stm32f4xx_hal_dma.o
HAL_DeInit                                        build/stm32f4xx_hal.o
HAL_Delay                                         build/stm32f4xx_hal.o
                                                  build/main.o
HAL_DisableCompensationCell                       build/stm32f4xx_hal.o
HAL_EXTI_ClearConfigLine                          build/stm32f4xx_hal_exti.o
HAL_EXTI_ClearPending                             build/stm32f4xx_hal_exti.o
HAL_EXTI_GenerateSWI                              build/stm32f4xx_hal_exti.o
HAL_EXTI_GetConfigLine                            build/stm32f4xx_hal_exti.o
HAL_EXTI_GetHandle                                build/stm32f4xx_hal_exti.o
HAL_EXTI_GetPending                               build/stm32f4xx_hal_exti.o
HAL_EXTI_IRQHandler                               build/stm32f4xx_hal_exti.o
HAL_EXTI_RegisterCallback                         build/stm32f4xx_hal_exti.o
HAL_EXTI_SetConfigLine                            build/stm32f4xx_hal_exti.o
HAL_EnableCompensationCell                        build/stm32f4xx_hal.o
HAL_FLASHEx_Erase                                 build/stm32f4xx_hal_flash_ex.o
HAL_FLASHEx_Erase_IT                              build/stm32f4xx_hal_flash_ex.o
HAL_FLASHEx_OBGetConfig                           build/stm32f4xx_hal_flash_ex.o
HAL_FLASHEx_OBProgram                             build/stm32f4xx_hal_flash_ex.o
HAL_FLASH_EndOfOperationCallback                  build/stm32f4xx_hal_flash.o
HAL_FLASH_GetError                                build/stm32f4xx_hal_flash.o
HAL_FLASH_IRQHandler                              build/stm32f4xx_hal_flash.o
HAL_FLASH_Lock                                    build/stm32f4xx_hal_flash.o
HAL_FLASH_OB_Launch                               build/stm32f4xx_hal_flash.o
HAL_FLASH_OB_Lock                                 build/stm32f4xx_hal_flash.o
HAL_FLASH_OB_Unlock                               build/stm32f4xx_hal_flash.o
HAL_FLASH_OperationErrorCallback                  build/stm32f4xx_hal_flash.o
HAL_FLASH_Program                                 build/stm32f4xx_hal_flash.o
HAL_FLASH_Program_IT                              build/stm32f4xx_hal_flash.o
HAL_FLASH_Unlock                                  build/stm32f4xx_hal_flash.o
HAL_GPIO_DeInit                                   build/stm32f4xx_hal_gpio.o
                                                  build/can.o
HAL_GPIO_EXTI_Callback                            build/stm32f4xx_hal_gpio.o
HAL_GPIO_EXTI_IRQHandler                          build/stm32f4xx_hal_gpio.o
HAL_GPIO_Init                                     build/stm32f4xx_hal_gpio.o
                                                  build/stm32f4xx_hal_rcc.o
                                                  build/can.o
                                                  build/gpio.o
HAL_GPIO_LockPin                                  build/stm32f4xx_hal_gpio.o
HAL_GPIO_ReadPin                                  build/stm32f4xx_hal_gpio.o
                                                  build/main.o
HAL_GPIO_TogglePin                                build/stm32f4xx_hal_gpio.o
HAL_GPIO_WritePin                                 build/stm32f4xx_hal_gpio.o
HAL_GetDEVID                                      build/stm32f4xx_hal.o
HAL_GetHalVersion                                 build/stm32f4xx_hal.o
HAL_GetREVID                                      build/stm32f4xx_hal.o
HAL_GetTick                                       build/stm32f4xx_hal.o
                                                  build/stm32f4xx_hal_pwr_ex.o
                                                  build/stm32f4xx_hal_dma.o
                                                  build/stm32f4xx_hal_flash.o
                                                  build/stm32f4xx_hal_rcc_ex.o
                                                  build/stm32f4xx_hal_rcc.o
                                                  build/stm32f4xx_hal_can.o
HAL_GetTickFreq                                   build/stm32f4xx_hal.o
HAL_GetTickPrio                                   build/stm32f4xx_hal.o
HAL_GetUIDw0                                      build/stm32f4xx_hal.o
HAL_GetUIDw1                                      build/stm32f4xx_hal.o
HAL_GetUIDw2                                      build/stm32f4xx_hal.o
HAL_IncTick                                       build/stm32f4xx_hal.o
                                                  build/stm32f4xx_it.o
HAL_Init                                          build/stm32f4xx_hal.o
                                                  build/main.o
HAL_InitTick                                      build/stm32f4xx_hal.o
                                                  build/stm32f4xx_hal_rcc_ex.o
                                                  build/stm32f4xx_hal_rcc.o
HAL_MPU_ConfigRegion                              build/stm32f4xx_hal_cortex.o
HAL_MPU_Disable                                   build/stm32f4xx_hal_cortex.o
HAL_MPU_DisableRegion                             build/stm32f4xx_hal_cortex.o
HAL_MPU_Enable                                    build/stm32f4xx_hal_cortex.o
HAL_MPU_EnableRegion                              build/stm32f4xx_hal_cortex.o
HAL_MspDeInit                                     build/stm32f4xx_hal.o
HAL_MspInit                                       build/stm32f4xx_hal_msp.o
HAL_NVIC_ClearPendingIRQ                          build/stm32f4xx_hal_cortex.o
HAL_NVIC_DisableIRQ                               build/stm32f4xx_hal_cortex.o
                                                  build/can.o
HAL_NVIC_EnableIRQ                                build/stm32f4xx_hal_cortex.o
                                                  build/can.o
HAL_NVIC_GetActive                                build/stm32f4xx_hal_cortex.o
HAL_NVIC_GetPendingIRQ                            build/stm32f4xx_hal_cortex.o
HAL_NVIC_GetPriority                              build/stm32f4xx_hal_cortex.o
HAL_NVIC_GetPriorityGrouping                      build/stm32f4xx_hal_cortex.o
HAL_NVIC_SetPendingIRQ                            build/stm32f4xx_hal_cortex.o
HAL_NVIC_SetPriority                              build/stm32f4xx_hal_cortex.o
                                                  build/stm32f4xx_hal.o
                                                  build/can.o
HAL_NVIC_SetPriorityGrouping                      build/stm32f4xx_hal_cortex.o
                                                  build/stm32f4xx_hal.o
HAL_NVIC_SystemReset                              build/stm32f4xx_hal_cortex.o
HAL_PWREx_ControlVoltageScaling                   build/stm32f4xx_hal_pwr_ex.o
HAL_PWREx_DisableBkUpReg                          build/stm32f4xx_hal_pwr_ex.o
HAL_PWREx_DisableFlashPowerDown                   build/stm32f4xx_hal_pwr_ex.o
HAL_PWREx_EnableBkUpReg                           build/stm32f4xx_hal_pwr_ex.o
HAL_PWREx_EnableFlashPowerDown                    build/stm32f4xx_hal_pwr_ex.o
HAL_PWREx_GetVoltageRange                         build/stm32f4xx_hal_pwr_ex.o
HAL_PWR_ConfigPVD                                 build/stm32f4xx_hal_pwr.o
HAL_PWR_DeInit                                    build/stm32f4xx_hal_pwr.o
HAL_PWR_DisableBkUpAccess                         build/stm32f4xx_hal_pwr.o
HAL_PWR_DisablePVD                                build/stm32f4xx_hal_pwr.o
HAL_PWR_DisableSEVOnPend                          build/stm32f4xx_hal_pwr.o
HAL_PWR_DisableSleepOnExit                        build/stm32f4xx_hal_pwr.o
HAL_PWR_DisableWakeUpPin                          build/stm32f4xx_hal_pwr.o
HAL_PWR_EnableBkUpAccess                          build/stm32f4xx_hal_pwr.o
HAL_PWR_EnablePVD                                 build/stm32f4xx_hal_pwr.o
HAL_PWR_EnableSEVOnPend                           build/stm32f4xx_hal_pwr.o
HAL_PWR_EnableSleepOnExit                         build/stm32f4xx_hal_pwr.o
HAL_PWR_EnableWakeUpPin                           build/stm32f4xx_hal_pwr.o
HAL_PWR_EnterSLEEPMode                            build/stm32f4xx_hal_pwr.o
HAL_PWR_EnterSTANDBYMode                          build/stm32f4xx_hal_pwr.o
HAL_PWR_EnterSTOPMode                             build/stm32f4xx_hal_pwr.o
HAL_PWR_PVDCallback                               build/stm32f4xx_hal_pwr.o
HAL_PWR_PVD_IRQHandler                            build/stm32f4xx_hal_pwr.o
HAL_RCCEx_DisablePLLI2S                           build/stm32f4xx_hal_rcc_ex.o
HAL_RCCEx_EnablePLLI2S                            build/stm32f4xx_hal_rcc_ex.o
HAL_RCCEx_GetPeriphCLKConfig                      build/stm32f4xx_hal_rcc_ex.o
HAL_RCCEx_GetPeriphCLKFreq                        build/stm32f4xx_hal_rcc_ex.o
HAL_RCCEx_PeriphCLKConfig                         build/stm32f4xx_hal_rcc_ex.o
HAL_RCC_CSSCallback                               build/stm32f4xx_hal_rcc.o
HAL_RCC_ClockConfig                               build/stm32f4xx_hal_rcc.o
                                                  build/main.o
HAL_RCC_DeInit                                    build/stm32f4xx_hal_rcc_ex.o
                                                  build/stm32f4xx_hal_rcc.o
HAL_RCC_DisableCSS                                build/stm32f4xx_hal_rcc.o
HAL_RCC_EnableCSS                                 build/stm32f4xx_hal_rcc.o
HAL_RCC_GetClockConfig                            build/stm32f4xx_hal_rcc.o
HAL_RCC_GetHCLKFreq                               build/stm32f4xx_hal_rcc.o
HAL_RCC_GetOscConfig                              build/stm32f4xx_hal_rcc.o
HAL_RCC_GetPCLK1Freq                              build/stm32f4xx_hal_rcc.o
HAL_RCC_GetPCLK2Freq                              build/stm32f4xx_hal_rcc.o
HAL_RCC_GetSysClockFreq                           build/stm32f4xx_hal_rcc.o
HAL_RCC_MCOConfig                                 build/stm32f4xx_hal_rcc.o
HAL_RCC_NMI_IRQHandler                            build/stm32f4xx_hal_rcc.o
HAL_RCC_OscConfig                                 build/stm32f4xx_hal_rcc.o
                                                  build/main.o
HAL_ResumeTick                                    build/stm32f4xx_hal.o
HAL_SYSTICK_CLKSourceConfig                       build/stm32f4xx_hal_cortex.o
HAL_SYSTICK_Callback                              build/stm32f4xx_hal_cortex.o
HAL_SYSTICK_Config                                build/stm32f4xx_hal_cortex.o
                                                  build/stm32f4xx_hal.o
HAL_SYSTICK_IRQHandler                            build/stm32f4xx_hal_cortex.o
HAL_SetTickFreq                                   build/stm32f4xx_hal.o
HAL_SuspendTick                                   build/stm32f4xx_hal.o
HASH_RNG_IRQHandler                               build/startup_stm32f407xx.o
HardFault_Handler                                 build/stm32f4xx_it.o
I2C1_ER_IRQHandler                                build/startup_stm32f407xx.o
I2C1_EV_IRQHandler                                build/startup_stm32f407xx.o
I2C2_ER_IRQHandler                                build/startup_stm32f407xx.o
I2C2_EV_IRQHandler                                build/startup_stm32f407xx.o
I2C3_ER_IRQHandler                                build/startup_stm32f407xx.o
I2C3_EV_IRQHandler                                build/startup_stm32f407xx.o
MI_Motor                                          build/bsp_can.o
MI_motor_init                                     build/bsp_can.o
MX_CAN1_Init                                      build/can.o
                                                  build/main.o
MX_CAN2_Init                                      build/can.o
                                                  build/main.o
MX_GPIO_Init                                      build/gpio.o
                                                  build/main.o
MemManage_Handler                                 build/stm32f4xx_it.o
NMI_Handler                                       build/stm32f4xx_it.o
NUM_of_can_and_id_type                            build/bsp_can.o
OTG_FS_IRQHandler                                 build/startup_stm32f407xx.o
OTG_FS_WKUP_IRQHandler                            build/startup_stm32f407xx.o
OTG_HS_EP1_IN_IRQHandler                          build/startup_stm32f407xx.o
OTG_HS_EP1_OUT_IRQHandler                         build/startup_stm32f407xx.o
OTG_HS_IRQHandler                                 build/startup_stm32f407xx.o
OTG_HS_WKUP_IRQHandler                            build/startup_stm32f407xx.o
PVD_IRQHandler                                    build/startup_stm32f407xx.o
PendSV_Handler                                    build/stm32f4xx_it.o
PidCalculate                                      build/pid.o
                                                  build/DJI_Motor.o
PidInit                                           build/pid.o
                                                  build/main.o
PidInitMode                                       build/pid.o
                                                  build/main.o
RCC_IRQHandler                                    build/startup_stm32f407xx.o
RTC_Alarm_IRQHandler                              build/startup_stm32f407xx.o
RTC_WKUP_IRQHandler                               build/startup_stm32f407xx.o
Reset_Handler                                     build/startup_stm32f407xx.o
SDIO_IRQHandler                                   build/startup_stm32f407xx.o
SPI1_IRQHandler                                   build/startup_stm32f407xx.o
SPI2_IRQHandler                                   build/startup_stm32f407xx.o
SPI3_IRQHandler                                   build/startup_stm32f407xx.o
SVC_Handler                                       build/stm32f4xx_it.o
Send_0x1FF                                        build/DJI_Motor.o
Send_0x200                                        build/DJI_Motor.o
Send_0x2FF                                        build/DJI_Motor.o
SysTick_Handler                                   build/stm32f4xx_it.o
SystemClock_Config                                build/main.o
SystemCoreClock                                   build/system_stm32f4xx.o
                                                  build/stm32f4xx_hal.o
                                                  build/stm32f4xx_hal_dma.o
                                                  build/stm32f4xx_hal_rcc_ex.o
                                                  build/stm32f4xx_hal_rcc.o
SystemCoreClockUpdate                             build/system_stm32f4xx.o
SystemInit                                        build/system_stm32f4xx.o
                                                  build/startup_stm32f407xx.o
TAMP_STAMP_IRQHandler                             build/startup_stm32f407xx.o
TIM1_BRK_TIM9_IRQHandler                          build/startup_stm32f407xx.o
TIM1_CC_IRQHandler                                build/startup_stm32f407xx.o
TIM1_TRG_COM_TIM11_IRQHandler                     build/startup_stm32f407xx.o
TIM1_UP_TIM10_IRQHandler                          build/startup_stm32f407xx.o
TIM2_IRQHandler                                   build/startup_stm32f407xx.o
TIM3_IRQHandler                                   build/startup_stm32f407xx.o
TIM4_IRQHandler                                   build/startup_stm32f407xx.o
TIM5_IRQHandler                                   build/startup_stm32f407xx.o
TIM6_DAC_IRQHandler                               build/startup_stm32f407xx.o
TIM7_IRQHandler                                   build/startup_stm32f407xx.o
TIM8_BRK_TIM12_IRQHandler                         build/startup_stm32f407xx.o
TIM8_CC_IRQHandler                                build/startup_stm32f407xx.o
TIM8_TRG_COM_TIM14_IRQHandler                     build/startup_stm32f407xx.o
TIM8_UP_TIM13_IRQHandler                          build/startup_stm32f407xx.o
UART4_IRQHandler                                  build/startup_stm32f407xx.o
UART5_IRQHandler                                  build/startup_stm32f407xx.o
USART1_IRQHandler                                 build/startup_stm32f407xx.o
USART2_IRQHandler                                 build/startup_stm32f407xx.o
USART3_IRQHandler                                 build/startup_stm32f407xx.o
USART6_IRQHandler                                 build/startup_stm32f407xx.o
UsageFault_Handler                                build/stm32f4xx_it.o
User_Fun_Callback_Register                        build/pid.o
WWDG_IRQHandler                                   build/startup_stm32f407xx.o
_Min_Stack_Size                                   build/sysmem.o
__aeabi_idiv0                                     d:/gcc-arm-none-eabi-10.3-2021.10/bin/../lib/gcc/arm-none-eabi/10.3.1/thumb/v7e-m+fp/hard\libgcc.a(_dvmd_tls.o)
__aeabi_ldiv0                                     d:/gcc-arm-none-eabi-10.3-2021.10/bin/../lib/gcc/arm-none-eabi/10.3.1/thumb/v7e-m+fp/hard\libgcc.a(_dvmd_tls.o)
                                                  d:/gcc-arm-none-eabi-10.3-2021.10/bin/../lib/gcc/arm-none-eabi/10.3.1/thumb/v7e-m+fp/hard\libgcc.a(_aeabi_uldivmod.o)
__aeabi_uldivmod                                  d:/gcc-arm-none-eabi-10.3-2021.10/bin/../lib/gcc/arm-none-eabi/10.3.1/thumb/v7e-m+fp/hard\libgcc.a(_aeabi_uldivmod.o)
                                                  build/stm32f4xx_hal_rcc.o
__bss_end__                                       d:/gcc-arm-none-eabi-10.3-2021.10/bin/../lib/gcc/arm-none-eabi/10.3.1/../../../../arm-none-eabi/lib/thumb/v7e-m+fp/hard/crt0.o
__bss_start__                                     d:/gcc-arm-none-eabi-10.3-2021.10/bin/../lib/gcc/arm-none-eabi/10.3.1/../../../../arm-none-eabi/lib/thumb/v7e-m+fp/hard/crt0.o
__call_exitprocs                                  d:/gcc-arm-none-eabi-10.3-2021.10/bin/../lib/gcc/arm-none-eabi/10.3.1/../../../../arm-none-eabi/lib/thumb/v7e-m+fp/hard\libc_nano.a(lib_a-exit.o)
__deregister_frame_info                           d:/gcc-arm-none-eabi-10.3-2021.10/bin/../lib/gcc/arm-none-eabi/10.3.1/thumb/v7e-m+fp/hard/crtbegin.o
__dso_handle                                      d:/gcc-arm-none-eabi-10.3-2021.10/bin/../lib/gcc/arm-none-eabi/10.3.1/thumb/v7e-m+fp/hard/crtbegin.o
__env                                             build/syscalls.o
__errno                                           d:/gcc-arm-none-eabi-10.3-2021.10/bin/../lib/gcc/arm-none-eabi/10.3.1/../../../../arm-none-eabi/lib/thumb/v7e-m+fp/hard\libc_nano.a(lib_a-errno.o)
                                                  build/syscalls.o
                                                  build/sysmem.o
__init_array_end                                  d:/gcc-arm-none-eabi-10.3-2021.10/bin/../lib/gcc/arm-none-eabi/10.3.1/../../../../arm-none-eabi/lib/thumb/v7e-m+fp/hard\libc_nano.a(lib_a-init.o)
__init_array_start                                d:/gcc-arm-none-eabi-10.3-2021.10/bin/../lib/gcc/arm-none-eabi/10.3.1/../../../../arm-none-eabi/lib/thumb/v7e-m+fp/hard\libc_nano.a(lib_a-init.o)
__io_getchar                                      build/syscalls.o
__io_putchar                                      build/syscalls.o
__libc_fini_array                                 d:/gcc-arm-none-eabi-10.3-2021.10/bin/../lib/gcc/arm-none-eabi/10.3.1/../../../../arm-none-eabi/lib/thumb/v7e-m+fp/hard/crt0.o
__libc_init_array                                 d:/gcc-arm-none-eabi-10.3-2021.10/bin/../lib/gcc/arm-none-eabi/10.3.1/../../../../arm-none-eabi/lib/thumb/v7e-m+fp/hard\libc_nano.a(lib_a-init.o)
                                                  build/startup_stm32f407xx.o
                                                  d:/gcc-arm-none-eabi-10.3-2021.10/bin/../lib/gcc/arm-none-eabi/10.3.1/../../../../arm-none-eabi/lib/thumb/v7e-m+fp/hard/crt0.o
__preinit_array_end                               d:/gcc-arm-none-eabi-10.3-2021.10/bin/../lib/gcc/arm-none-eabi/10.3.1/../../../../arm-none-eabi/lib/thumb/v7e-m+fp/hard\libc_nano.a(lib_a-init.o)
__preinit_array_start                             d:/gcc-arm-none-eabi-10.3-2021.10/bin/../lib/gcc/arm-none-eabi/10.3.1/../../../../arm-none-eabi/lib/thumb/v7e-m+fp/hard\libc_nano.a(lib_a-init.o)
__register_frame_info                             d:/gcc-arm-none-eabi-10.3-2021.10/bin/../lib/gcc/arm-none-eabi/10.3.1/thumb/v7e-m+fp/hard/crtbegin.o
__sf_fake_stderr                                  d:/gcc-arm-none-eabi-10.3-2021.10/bin/../lib/gcc/arm-none-eabi/10.3.1/../../../../arm-none-eabi/lib/thumb/v7e-m+fp/hard\libc_nano.a(lib_a-impure.o)
__sf_fake_stdin                                   d:/gcc-arm-none-eabi-10.3-2021.10/bin/../lib/gcc/arm-none-eabi/10.3.1/../../../../arm-none-eabi/lib/thumb/v7e-m+fp/hard\libc_nano.a(lib_a-impure.o)
__sf_fake_stdout                                  d:/gcc-arm-none-eabi-10.3-2021.10/bin/../lib/gcc/arm-none-eabi/10.3.1/../../../../arm-none-eabi/lib/thumb/v7e-m+fp/hard\libc_nano.a(lib_a-impure.o)
__stack                                           d:/gcc-arm-none-eabi-10.3-2021.10/bin/../lib/gcc/arm-none-eabi/10.3.1/../../../../arm-none-eabi/lib/thumb/v7e-m+fp/hard/crt0.o
__udivmoddi4                                      d:/gcc-arm-none-eabi-10.3-2021.10/bin/../lib/gcc/arm-none-eabi/10.3.1/thumb/v7e-m+fp/hard\libgcc.a(_udivmoddi4.o)
                                                  d:/gcc-arm-none-eabi-10.3-2021.10/bin/../lib/gcc/arm-none-eabi/10.3.1/thumb/v7e-m+fp/hard\libgcc.a(_aeabi_uldivmod.o)
_close                                            build/syscalls.o
_ebss                                             build/startup_stm32f407xx.o
_edata                                            build/startup_stm32f407xx.o
_end                                              build/sysmem.o
_estack                                           build/startup_stm32f407xx.o
                                                  build/sysmem.o
_execve                                           build/syscalls.o
_exit                                             build/syscalls.o
                                                  d:/gcc-arm-none-eabi-10.3-2021.10/bin/../lib/gcc/arm-none-eabi/10.3.1/../../../../arm-none-eabi/lib/thumb/v7e-m+fp/hard\libc_nano.a(lib_a-exit.o)
_fini                                             d:/gcc-arm-none-eabi-10.3-2021.10/bin/../lib/gcc/arm-none-eabi/10.3.1/thumb/v7e-m+fp/hard/crti.o
_fork                                             build/syscalls.o
_fstat                                            build/syscalls.o
_getpid                                           build/syscalls.o
_global_impure_ptr                                d:/gcc-arm-none-eabi-10.3-2021.10/bin/../lib/gcc/arm-none-eabi/10.3.1/../../../../arm-none-eabi/lib/thumb/v7e-m+fp/hard\libc_nano.a(lib_a-impure.o)
                                                  d:/gcc-arm-none-eabi-10.3-2021.10/bin/../lib/gcc/arm-none-eabi/10.3.1/../../../../arm-none-eabi/lib/thumb/v7e-m+fp/hard\libc_nano.a(lib_a-exit.o)
_impure_ptr                                       d:/gcc-arm-none-eabi-10.3-2021.10/bin/../lib/gcc/arm-none-eabi/10.3.1/../../../../arm-none-eabi/lib/thumb/v7e-m+fp/hard\libc_nano.a(lib_a-impure.o)
                                                  d:/gcc-arm-none-eabi-10.3-2021.10/bin/../lib/gcc/arm-none-eabi/10.3.1/../../../../arm-none-eabi/lib/thumb/v7e-m+fp/hard\libc_nano.a(lib_a-errno.o)
_init                                             d:/gcc-arm-none-eabi-10.3-2021.10/bin/../lib/gcc/arm-none-eabi/10.3.1/thumb/v7e-m+fp/hard/crti.o
                                                  d:/gcc-arm-none-eabi-10.3-2021.10/bin/../lib/gcc/arm-none-eabi/10.3.1/../../../../arm-none-eabi/lib/thumb/v7e-m+fp/hard\libc_nano.a(lib_a-init.o)
_isatty                                           build/syscalls.o
_kill                                             build/syscalls.o
_link                                             build/syscalls.o
_lseek                                            build/syscalls.o
_mainCRTStartup                                   d:/gcc-arm-none-eabi-10.3-2021.10/bin/../lib/gcc/arm-none-eabi/10.3.1/../../../../arm-none-eabi/lib/thumb/v7e-m+fp/hard/crt0.o
_open                                             build/syscalls.o
_read                                             build/syscalls.o
_sbrk                                             build/sysmem.o
_sbss                                             build/startup_stm32f407xx.o
_sdata                                            build/startup_stm32f407xx.o
_sidata                                           build/startup_stm32f407xx.o
_stack_init                                       d:/gcc-arm-none-eabi-10.3-2021.10/bin/../lib/gcc/arm-none-eabi/10.3.1/../../../../arm-none-eabi/lib/thumb/v7e-m+fp/hard/crt0.o
_start                                            d:/gcc-arm-none-eabi-10.3-2021.10/bin/../lib/gcc/arm-none-eabi/10.3.1/../../../../arm-none-eabi/lib/thumb/v7e-m+fp/hard/crt0.o
_stat                                             build/syscalls.o
_times                                            build/syscalls.o
_unlink                                           build/syscalls.o
_wait                                             build/syscalls.o
_write                                            build/syscalls.o
angle_limiting_int16                              build/bsp_Motor_Encoder.o
atexit                                            d:/gcc-arm-none-eabi-10.3-2021.10/bin/../lib/gcc/arm-none-eabi/10.3.1/../../../../arm-none-eabi/lib/thumb/v7e-m+fp/hard/crt0.o
check_codevalue                                   build/bsp_Motor_Encoder.o
environ                                           build/syscalls.o
exit                                              d:/gcc-arm-none-eabi-10.3-2021.10/bin/../lib/gcc/arm-none-eabi/10.3.1/../../../../arm-none-eabi/lib/thumb/v7e-m+fp/hard\libc_nano.a(lib_a-exit.o)
                                                  d:/gcc-arm-none-eabi-10.3-2021.10/bin/../lib/gcc/arm-none-eabi/10.3.1/../../../../arm-none-eabi/lib/thumb/v7e-m+fp/hard/crt0.o
fire_behaviour_choose                             build/main.o
fire_pid_calculate                                build/main.o
fire_set                                          build/main.o
fire_task_init                                    build/main.o
g_pfnVectors                                      build/startup_stm32f407xx.o
hardware_init_hook                                d:/gcc-arm-none-eabi-10.3-2021.10/bin/../lib/gcc/arm-none-eabi/10.3.1/../../../../arm-none-eabi/lib/thumb/v7e-m+fp/hard/crt0.o
hcan1                                             build/can.o
                                                  build/DJI_Motor.o
                                                  build/bsp_Motor_Encoder.o
                                                  build/bsp_can.o
                                                  build/stm32f4xx_it.o
hcan2                                             build/can.o
                                                  build/DJI_Motor.o
                                                  build/bsp_can.o
                                                  build/stm32f4xx_it.o
initialise_monitor_handles                        build/syscalls.o
left_speed                                        build/main.o
left_speed_up                                     build/main.o
main                                              build/main.o
                                                  build/startup_stm32f407xx.o
                                                  d:/gcc-arm-none-eabi-10.3-2021.10/bin/../lib/gcc/arm-none-eabi/10.3.1/../../../../arm-none-eabi/lib/thumb/v7e-m+fp/hard/crt0.o
memset                                            d:/gcc-arm-none-eabi-10.3-2021.10/bin/../lib/gcc/arm-none-eabi/10.3.1/../../../../arm-none-eabi/lib/thumb/v7e-m+fp/hard\libc_nano.a(lib_a-memset.o)
                                                  build/DJI_Motor.o
                                                  build/bsp_Motor_Encoder.o
                                                  build/pid.o
                                                  build/main.o
                                                  d:/gcc-arm-none-eabi-10.3-2021.10/bin/../lib/gcc/arm-none-eabi/10.3.1/../../../../arm-none-eabi/lib/thumb/v7e-m+fp/hard/crt0.o
motor_position_speed_control                      build/pid.o
                                                  build/DJI_Motor.o
motor_speed_control                               build/pid.o
                                                  build/main.o
pFlash                                            build/stm32f4xx_hal_flash.o
                                                  build/stm32f4xx_hal_flash_ex.o
pid_clear                                         build/pid.o
pitch_encoder                                     build/bsp_Motor_Encoder.o
right_speed                                       build/main.o
right_speed_up                                    build/main.o
software_init_hook                                d:/gcc-arm-none-eabi-10.3-2021.10/bin/../lib/gcc/arm-none-eabi/10.3.1/../../../../arm-none-eabi/lib/thumb/v7e-m+fp/hard/crt0.o
temp                                              build/bsp_Motor_Encoder.o
torque_to_voltage_6020                            build/DJI_Motor.o
uwTick                                            build/stm32f4xx_hal.o
uwTickFreq                                        build/stm32f4xx_hal.o
uwTickPrio                                        build/stm32f4xx_hal.o
                                                  build/stm32f4xx_hal_rcc_ex.o
                                                  build/stm32f4xx_hal_rcc.o
yaw_encoder                                       build/bsp_Motor_Encoder.o
